Component: ARM Compiler 5.06 update 2 (build 183) Tool: armlink [4d35b7]

==============================================================================

Section Cross References

    main.o(.text) refers to _printf_pad.o(.text) for _printf_pre_padding
    main.o(.text) refers to _printf_percent.o(.ARM.Collect$$_printf_percent$$00000000) for _printf_percent
    main.o(.text) refers to _printf_d.o(.ARM.Collect$$_printf_percent$$00000009) for _printf_d
    main.o(.text) refers to _printf_dec.o(.text) for _printf_int_dec
    main.o(.text) refers to _printf_f.o(.ARM.Collect$$_printf_percent$$00000003) for _printf_f
    main.o(.text) refers to printf1.o(x$fpl$printf1) for _printf_fp_dec
    main.o(.text) refers to system_stm32f10x.o(.text) for SystemInit
    main.o(.text) refers to delay.o(.text) for delay_init
    main.o(.text) refers to sys.o(.text) for NVIC_Configuration
    main.o(.text) refers to usart.o(.text) for uart_init
    main.o(.text) refers to key.o(.text) for key_init
    main.o(.text) refers to lcd.o(.text) for initial_lcd
    main.o(.text) refers to adf4002.o(.text) for InitPll
    main.o(.text) refers to adc.o(.text) for AdcInnerInit
    main.o(.text) refers to timer.o(.text) for Timer2_Init
    main.o(.text) refers to dac.o(.text) for Dac1_Init
    main.o(.text) refers to led.o(.text) for LED_Init
    main.o(.text) refers to task_manage.o(.text) for USBRelinkConfig
    main.o(.text) refers to noretval__2sprintf.o(.text) for __2sprintf
    main.o(.text) refers to fflt_clz.o(x$fpl$fflt) for __aeabi_i2f
    main.o(.text) refers to f2d.o(x$fpl$f2d) for __aeabi_f2d
    main.o(.text) refers to dmul.o(x$fpl$dmul) for __aeabi_dmul
    main.o(.text) refers to daddsub_clz.o(x$fpl$dadd) for __aeabi_dadd
    main.o(.text) refers to ddiv.o(x$fpl$ddiv) for __aeabi_ddiv
    main.o(.text) refers to key.o(.data) for Keycode
    main.o(.text) refers to task_manage.o(.data) for _return
    main.o(.text) refers to timer.o(.data) for ADCValueInner1
    system_stm32f10x.o(.text) refers to system_stm32f10x.o(.data) for SystemCoreClock
    task_manage.o(.text) refers to _printf_percent.o(.ARM.Collect$$_printf_percent$$00000000) for _printf_percent
    task_manage.o(.text) refers to _printf_d.o(.ARM.Collect$$_printf_percent$$00000009) for _printf_d
    task_manage.o(.text) refers to _printf_dec.o(.text) for _printf_int_dec
    task_manage.o(.text) refers to stm32f10x_rcc.o(.text) for RCC_APB2PeriphClockCmd
    task_manage.o(.text) refers to delay.o(.text) for delay_ms
    task_manage.o(.text) refers to hw_config.o(.text) for USB_Config
    task_manage.o(.text) refers to noretval__2sprintf.o(.text) for __2sprintf
    task_manage.o(.text) refers to lcd.o(.text) for OLED_ShowString
    task_manage.o(.text) refers to task_manage.o(.data) for Time_Get
    task_manage.o(.text) refers to key.o(.data) for SysTimer
    task_manage.o(.text) refers to timer.o(.data) for PInner
    led.o(.text) refers to stm32f10x_rcc.o(.text) for RCC_APB2PeriphClockCmd
    led.o(.text) refers to stm32f10x_gpio.o(.text) for GPIO_Init
    key.o(.text) refers to stm32f10x_rcc.o(.text) for RCC_APB2PeriphClockCmd
    key.o(.text) refers to stm32f10x_gpio.o(.text) for GPIO_Init
    key.o(.text) refers to stm32f10x_tim.o(.text) for TIM_DeInit
    key.o(.text) refers to misc.o(.text) for NVIC_Init
    key.o(.text) refers to key.o(.data) for KEY_Cont
    exti.o(.text) refers to stm32f10x_gpio.o(.text) for GPIO_PinRemapConfig
    exti.o(.text) refers to stm32f10x_rcc.o(.text) for RCC_APB2PeriphClockCmd
    exti.o(.text) refers to stm32f10x_exti.o(.text) for EXTI_Init
    exti.o(.text) refers to misc.o(.text) for NVIC_Init
    exti.o(.text) refers to delay.o(.text) for delay_ms
    wdg.o(.text) refers to stm32f10x_iwdg.o(.text) for IWDG_WriteAccessCmd
    wdg.o(.text) refers to misc.o(.text) for NVIC_Init
    wdg.o(.text) refers to stm32f10x_rcc.o(.text) for RCC_APB1PeriphClockCmd
    wdg.o(.text) refers to stm32f10x_wwdg.o(.text) for WWDG_SetPrescaler
    timer.o(.text) refers to stm32f10x_rcc.o(.text) for RCC_APB1PeriphClockCmd
    timer.o(.text) refers to stm32f10x_tim.o(.text) for TIM_TimeBaseInit
    timer.o(.text) refers to misc.o(.text) for NVIC_Init
    timer.o(.text) refers to adc.o(.text) for Get_Adc
    timer.o(.text) refers to kalman.o(.text) for KalmanFilter
    timer.o(.text) refers to dac.o(.text) for Dac1_Set_Vol
    timer.o(.text) refers to stm32f10x_gpio.o(.text) for GPIO_WriteBit
    timer.o(.text) refers to timer.o(.data) for ADCValueInner
    stmflash.o(.text) refers to stm32f10x_flash.o(.text) for FLASH_ProgramHalfWord
    stmflash.o(.text) refers to stmflash.o(.bss) for STMFLASH_BUF
    lcd.o(.text) refers to stm32f10x_rcc.o(.text) for RCC_APB2PeriphClockCmd
    lcd.o(.text) refers to stm32f10x_gpio.o(.text) for GPIO_Init
    lcd.o(.text) refers to delay.o(.text) for delay_ms
    lcd.o(.text) refers to lcd.o(.bss) for LCD_GRAM
    lcd.o(.text) refers to lcd.o(.data) for time
    lcd.o(.text) refers to lcd.o(.constdata) for asc2_1206
[...]
    key_init                                 0x08000765   Thumb Code   134  key.o(.text)
    Change_GPIOCode                          0x080007eb   Thumb Code    16  key.o(.text)
    KeyRead                                  0x080007fb   Thumb Code   266  key.o(.text)
    KEY_EXIT                                 0x08000905   Thumb Code    18  key.o(.text)
    TIM3_IRQHandler                          0x08000917   Thumb Code    80  key.o(.text)
    EXTIX_Init                               0x08000995   Thumb Code   230  exti.o(.text)
    EXTI0_IRQHandler                         0x08000a7b   Thumb Code    58  exti.o(.text)
    EXTI15_10_IRQHandler                     0x08000ab5   Thumb Code    80  exti.o(.text)
    IWDG_Init                                0x08000b19   Thumb Code    36  wdg.o(.text)
    IWDG_Feed                                0x08000b3d   Thumb Code     8  wdg.o(.text)
    WWDG_NVIC_Init                           0x08000b45   Thumb Code    28  wdg.o(.text)
    WWDG_Init                                0x08000b61   Thumb Code    48  wdg.o(.text)
    WWDG_Set_Counter                         0x08000b91   Thumb Code    12  wdg.o(.text)
    WWDG_IRQHandler                          0x08000b9d   Thumb Code    30  wdg.o(.text)
    Timer2_Init                              0x08000bc1   Thumb Code    94  timer.o(.text)
    Timer4_Init                              0x08000c1f   Thumb Code    94  timer.o(.text)
    TIM2_IRQHandler                          0x08000c7d   Thumb Code   338  timer.o(.text)
    TIM4_IRQHandler                          0x08000dcf   Thumb Code   228  timer.o(.text)
    LCD_GPIO_Init                            0x08000f25   Thumb Code    72  lcd.o(.text)
    transfer_command                         0x08000f6d   Thumb Code    68  lcd.o(.text)
    transfer_data                            0x08000fb1   Thumb Code    70  lcd.o(.text)
    initial_lcd                              0x08000ff7   Thumb Code   144  lcd.o(.text)
    lcd_address                              0x08001087   Thumb Code    44  lcd.o(.text)
    LCD_Refresh_Gram                         0x080010b3   Thumb Code    60  lcd.o(.text)
    LCD_Clear                                0x080010ef   Thumb Code    54  lcd.o(.text)
    LCD_draw_Point                           0x08001125   Thumb Code   104  lcd.o(.text)
    LCD_Fill                                 0x0800118d   Thumb Code    54  lcd.o(.text)
    LCD_draw_Square                          0x080011c3   Thumb Code    76  lcd.o(.text)
    LCD_Move_DrawPoint                       0x0800120f   Thumb Code   100  lcd.o(.text)
    Set_Point                                0x08001273   Thumb Code   146  lcd.o(.text)
    LCD_ShowChar                             0x08001305   Thumb Code   198  lcd.o(.text)
    LCD_Show_chineseChar                     0x080013cb   Thumb Code   130  lcd.o(.text)
    WriteA_Chinese                           0x0800144d   Thumb Code   106  lcd.o(.text)
    LCD_ShowString                           0x080014b7   Thumb Code    68  lcd.o(.text)
    LCD_ShowString_12                        0x080014fb   Thumb Code    68  lcd.o(.text)
    LCD_ShowAllString                        0x0800153f   Thumb Code    84  lcd.o(.text)
    Write_Chinese_String                     0x08001593   Thumb Code   124  lcd.o(.text)
    LCD_Show_CEStr                           0x0800160f   Thumb Code    24  lcd.o(.text)
    LCD_Show_ModeCEStr                       0x08001627   Thumb Code    26  lcd.o(.text)
    OLED_ShowString                          0x08001641   Thumb Code    90  lcd.o(.text)
    LCD_DrawLine                             0x0800169b   Thumb Code   280  lcd.o(.text)
    LCD_DrawRectangle                        0x080017b3   Thumb Code    74  lcd.o(.text)
    LCD_Drawcircle                           0x080017fd   Thumb Code   150  lcd.o(.text)
    Delay                                    0x08001895   Thumb Code    22  adf4002.o(.text)
    DelayMs                                  0x080018ab   Thumb Code    36  adf4002.o(.text)
    SendDataPll                              0x080018cf   Thumb Code   110  adf4002.o(.text)
    InitPll                                  0x0800193d   Thumb Code    72  adf4002.o(.text)
    testADF4002                              0x08001985   Thumb Code    64  adf4002.o(.text)
    SetFrequency                             0x080019c5   Thumb Code   124  adf4002.o(.text)
    RDivideTest                              0x08001a41   Thumb Code   104  adf4002.o(.text)
    AdcInnerInit                             0x08001acd   Thumb Code   152  adc.o(.text)
    Get_Adc                                  0x08001b65   Thumb Code    46  adc.o(.text)
    Get_Adc_Average                          0x08001b93   Thumb Code    46  adc.o(.text)
    Dac1_Init                                0x08001bc9   Thumb Code    94  dac.o(.text)
    Dac1_Set_Vol                             0x08001c27   Thumb Code    80  dac.o(.text)
    delay_init                               0x08001c85   Thumb Code    52  delay.o(.text)
    delay_ms                                 0x08001cb9   Thumb Code    56  delay.o(.text)
    delay_us                                 0x08001cf1   Thumb Code    56  delay.o(.text)
    NVIC_Configuration                       0x08001d31   Thumb Code    42  sys.o(.text)
    _sys_exit                                0x08001d5d   Thumb Code     6  usart.o(.text)
    fputc                                    0x08001d63   Thumb Code    24  usart.o(.text)
    uart_init                                0x08001d7b   Thumb Code   152  usart.o(.text)
    USART1_IRQHandler                        0x08001e13   Thumb Code   122  usart.o(.text)
    Reset_Handler                            0x08001e9d   Thumb Code     8  startup_stm32f10x_md.o(.text)
    ADC1_2_IRQHandler                        0x08001eb7   Thumb Code     0  startup_stm32f10x_md.o(.text)
    CAN1_RX1_IRQHandler                      0x08001eb7   Thumb Code     0  startup_stm32f10x_md.o(.text)
    CAN1_SCE_IRQHandler                      0x08001eb7   Thumb Code     0  startup_stm32f10x_md.o(.text)
    DMA1_Channel1_IRQHandler                 0x08001eb7   Thumb Code     0  startup_stm32f10x_md.o(.text)
    DMA1_Channel2_IRQHandler                 0x08001eb7   Thumb Code     0  startup_stm32f10x_md.o(.text)
    DMA1_Channel3_IRQHandler                 0x08001eb7   Thumb Code     0  startup_stm32f10x_md.o(.text)
    DMA1_Channel4_IRQHandler                 0x08001eb7   Thumb Code     0  startup_stm32f10x_md.o(.text)
    DMA1_Channel5_IRQHandler                 0x08001eb7   Thumb Code     0  startup_stm32f10x_md.o(.text)
    DMA1_Channel6_IRQHandler                 0x08001eb7   Thumb Code     0  startup_stm32f10x_md.o(.text)
    DMA1_Channel7_IRQHandler                 0x08001eb7   Thumb Code     0  startup_stm32f10x_md.o(.text)
    EXTI1_IRQHandler                         0x08001eb7   Thumb Code     0  startup_stm32f10x_md.o(.text)
    EXTI2_IRQHandler                         0x08001eb7   Thumb Code     0  startup_stm32f10x_md.o(.text)
    EXTI3_IRQHandler                         0x08001eb7   Thumb Code     0  startup_stm32f10x_md.o(.text)
    EXTI4_IRQHandler                         0x08001eb7   Thumb Code     0  startup_stm32f10x_md.o(.text)
    EXTI9_5_IRQHandler                       0x08001eb7   Thumb Code     0  startup_stm32f10x_md.o(.text)
    FLASH_IRQHandler                         0x08001eb7   Thumb Code     0  startup_stm32f10x_md.o(.text)
    I2C1_ER_IRQHandler                       0x08001eb7   Thumb Code     0  startup_stm32f10x_md.o(.text)
    I2C1_EV_IRQHandler                       0x08001eb7   Thumb Code     0  startup_stm32f10x_md.o(.text)
    I2C2_ER_IRQHandler                       0x08001eb7   Thumb Code     0  startup_stm32f10x_md.o(.text)
    I2C2_EV_IRQHandler                       0x08001eb7   Thumb Code     0  startup_stm32f10x_md.o(.text)
    PVD_IRQHandler                           0x08001eb7   Thumb Code     0  startup_stm32f10x_md.o(.text)
    RCC_IRQHandler                           0x08001eb7   Thumb Code     0  startup_stm32f10x_md.o(.text)
    RTCAlarm_IRQHandler                      0x08001eb7   Thumb Code     0  startup_stm32f10x_md.o(.text)
    RTC_IRQHandler                           0x08001eb7   Thumb Code     0  startup_stm32f10x_md.o(.text)
    SPI1_IRQHandler                          0x08001eb7   Thumb Code     0  startup_stm32f10x_md.o(.text)
    SPI2_IRQHandler                          0x08001eb7   Thumb Code     0  startup_stm32f10x_md.o(.text)
    TAMPER_IRQHandler                        0x08001eb7   Thumb Code     0  startup_stm32f10x_md.o(.text)
    TIM1_BRK_IRQHandler                      0x08001eb7   Thumb Code     0  startup_stm32f10x_md.o(.text)
    TIM1_CC_IRQHandler                       0x08001eb7   Thumb Code     0  startup_stm32f10x_md.o(.text)
    TIM1_TRG_COM_IRQHandler                  0x08001eb7   Thumb Code     0  startup_stm32f10x_md.o(.text)
    TIM1_UP_IRQHandler                       0x08001eb7   Thumb Code     0  startup_stm32f10x_md.o(.text)
    USART2_IRQHandler                        0x08001eb7   Thumb Code     0  startup_stm32f10x_md.o(.text)
    USART3_IRQHandler                        0x08001eb7   Thumb Code     0  startup_stm32f10x_md.o(.text)
    USB_HP_CAN1_TX_IRQHandler                0x08001eb7   Thumb Code     0  startup_stm32f10x_md.o(.text)
    __user_initial_stackheap                 0x08001eb9   Thumb Code     0  startup_stm32f10x_md.o(.text)
    NVIC_PriorityGroupConfig                 0x08001edd   Thumb Code    10  misc.o(.text)
    NVIC_Init                                0x08001ee7   Thumb Code   100  misc.o(.text)
    NVIC_SetVectorTable                      0x08001f4b   Thumb Code    14  misc.o(.text)
    NVIC_SystemLPConfig                      0x08001f59   Thumb Code    34  misc.o(.text)
    SysTick_CLKSourceConfig                  0x08001f7b   Thumb Code    40  misc.o(.text)
    ADC_DeInit                               0x08001fb9   Thumb Code    78  stm32f10x_adc.o(.text)
    ADC_Init                                 0x08002007   Thumb Code    70  stm32f10x_adc.o(.text)
    ADC_StructInit                           0x0800204d   Thumb Code    18  stm32f10x_adc.o(.text)
    ADC_Cmd                                  0x0800205f   Thumb Code    22  stm32f10x_adc.o(.text)
    ADC_DMACmd                               0x08002075   Thumb Code    22  stm32f10x_adc.o(.text)
    ADC_ITConfig                             0x0800208b   Thumb Code    24  stm32f10x_adc.o(.text)
    ADC_ResetCalibration                     0x080020a3   Thumb Code    10  stm32f10x_adc.o(.text)
    ADC_GetResetCalibrationStatus            0x080020ad   Thumb Code    20  stm32f10x_adc.o(.text)
    ADC_StartCalibration                     0x080020c1   Thumb Code    10  stm32f10x_adc.o(.text)
    ADC_GetCalibrationStatus                 0x080020cb   Thumb Code    20  stm32f10x_adc.o(.text)
    ADC_SoftwareStartConvCmd                 0x080020df   Thumb Code    22  stm32f10x_adc.o(.text)
    ADC_GetSoftwareStartConvStatus           0x080020f5   Thumb Code    20  stm32f10x_adc.o(.text)
    ADC_DiscModeChannelCountConfig           0x08002109   Thumb Code    24  stm32f10x_adc.o(.text)
    ADC_DiscModeCmd                          0x08002121   Thumb Code    22  stm32f10x_adc.o(.text)
    ADC_RegularChannelConfig                 0x08002137   Thumb Code   184  stm32f10x_adc.o(.text)
    ADC_ExternalTrigConvCmd                  0x080021ef   Thumb Code    22  stm32f10x_adc.o(.text)
    ADC_GetConversionValue                   0x08002205   Thumb Code     8  stm32f10x_adc.o(.text)
    ADC_GetDualModeConversionValue           0x0800220d   Thumb Code     8  stm32f10x_adc.o(.text)
    ADC_AutoInjectedConvCmd                  0x08002215   Thumb Code    22  stm32f10x_adc.o(.text)
    ADC_InjectedDiscModeCmd                  0x0800222b   Thumb Code    22  stm32f10x_adc.o(.text)
    ADC_ExternalTrigInjectedConvConfig       0x08002241   Thumb Code    16  stm32f10x_adc.o(.text)
    ADC_ExternalTrigInjectedConvCmd          0x08002251   Thumb Code    22  stm32f10x_adc.o(.text)
    ADC_SoftwareStartInjectedConvCmd         0x08002267   Thumb Code    22  stm32f10x_adc.o(.text)
    ADC_GetSoftwareStartInjectedConvCmdStatus 0x0800227d   Thumb Code    20  stm32f10x_adc.o(.text)
    ADC_InjectedChannelConfig                0x08002291   Thumb Code   130  stm32f10x_adc.o(.text)
    ADC_InjectedSequencerLengthConfig        0x08002313   Thumb Code    24  stm32f10x_adc.o(.text)
    ADC_SetInjectedOffset                    0x0800232b   Thumb Code    20  stm32f10x_adc.o(.text)
    ADC_GetInjectedConversionValue           0x0800233f   Thumb Code    28  stm32f10x_adc.o(.text)
    ADC_AnalogWatchdogCmd                    0x0800235b   Thumb Code    16  stm32f10x_adc.o(.text)
    ADC_AnalogWatchdogThresholdsConfig       0x0800236b   Thumb Code     6  stm32f10x_adc.o(.text)
    ADC_AnalogWatchdogSingleChannelConfig    0x08002371   Thumb Code    16  stm32f10x_adc.o(.text)
    ADC_TempSensorVrefintCmd                 0x08002381   Thumb Code    64  stm32f10x_adc.o(.text)
    ADC_GetFlagStatus                        0x080023c1   Thumb Code    18  stm32f10x_adc.o(.text)
    ADC_ClearFlag                            0x080023d3   Thumb Code     6  stm32f10x_adc.o(.text)
    ADC_GetITStatus                          0x080023d9   Thumb Code    36  stm32f10x_adc.o(.text)
    ADC_ClearITPendingBit                    0x080023fd   Thumb Code    10  stm32f10x_adc.o(.text)
    DAC_DeInit                               0x08002409   Thumb Code    22  stm32f10x_dac.o(.text)
    DAC_Init                                 0x0800241f   Thumb Code    46  stm32f10x_dac.o(.text)
    DAC_StructInit                           0x0800244d   Thumb Code    12  stm32f10x_dac.o(.text)
    DAC_Cmd                                  0x08002459   Thumb Code    34  stm32f10x_dac.o(.text)
    DAC_DMACmd                               0x0800247b   Thumb Code    38  stm32f10x_dac.o(.text)
    DAC_SoftwareTriggerCmd                   0x080024a1   Thumb Code    48  stm32f10x_dac.o(.text)
    DAC_DualSoftwareTriggerCmd               0x080024d1   Thumb Code    38  stm32f10x_dac.o(.text)
    DAC_WaveGenerationCmd                    0x080024f7   Thumb Code    36  stm32f10x_dac.o(.text)
    DAC_SetChannel1Data                      0x0800251b   Thumb Code    26  stm32f10x_dac.o(.text)
    DAC_SetChannel2Data                      0x08002535   Thumb Code    26  stm32f10x_dac.o(.text)
    DAC_SetDualChannelData                   0x0800254f   Thumb Code    32  stm32f10x_dac.o(.text)
    DAC_GetDataOutputValue                   0x0800256f   Thumb Code    32  stm32f10x_dac.o(.text)
    EXTI_DeInit                              0x08002595   Thumb Code    28  stm32f10x_exti.o(.text)
    EXTI_Init                                0x080025b1   Thumb Code   142  stm32f10x_exti.o(.text)
    EXTI_StructInit                          0x0800263f   Thumb Code    16  stm32f10x_exti.o(.text)
    EXTI_GenerateSWInterrupt                 0x0800264f   Thumb Code    16  stm32f10x_exti.o(.text)
    EXTI_GetFlagStatus                       0x0800265f   Thumb Code    22  stm32f10x_exti.o(.text)
    EXTI_ClearFlag                           0x08002675   Thumb Code     8  stm32f10x_exti.o(.text)
    EXTI_GetITStatus                         0x0800267d   Thumb Code    34  stm32f10x_exti.o(.text)
    EXTI_ClearITPendingBit                   0x0800269f   Thumb Code     8  stm32f10x_exti.o(.text)
    GPIO_DeInit                              0x080026b1   Thumb Code   172  stm32f10x_gpio.o(.text)
    GPIO_AFIODeInit                          0x0800275d   Thumb Code    20  stm32f10x_gpio.o(.text)
    GPIO_Init                                0x08002771   Thumb Code   278  stm32f10x_gpio.o(.text)
    GPIO_StructInit                          0x08002887   Thumb Code    16  stm32f10x_gpio.o(.text)
    GPIO_ReadInputDataBit                    0x08002897   Thumb Code    18  stm32f10x_gpio.o(.text)
    GPIO_ReadInputData                       0x080028a9   Thumb Code     8  stm32f10x_gpio.o(.text)
    GPIO_ReadOutputDataBit                   0x080028b1   Thumb Code    18  stm32f10x_gpio.o(.text)
    GPIO_ReadOutputData                      0x080028c3   Thumb Code     8  stm32f10x_gpio.o(.text)
    GPIO_SetBits                             0x080028cb   Thumb Code     4  stm32f10x_gpio.o(.text)
    GPIO_ResetBits                           0x080028cf   Thumb Code     4  stm32f10x_gpio.o(.text)
    GPIO_WriteBit                            0x080028d3   Thumb Code    10  stm32f10x_gpio.o(.text)
    GPIO_Write                               0x080028dd   Thumb Code     4  stm32f10x_gpio.o(.text)
    GPIO_PinLockConfig                       0x080028e1   Thumb Code    18  stm32f10x_gpio.o(.text)
    GPIO_EventOutputConfig                   0x080028f3   Thumb Code    26  stm32f10x_gpio.o(.text)
    GPIO_EventOutputCmd                      0x0800290d   Thumb Code     6  stm32f10x_gpio.o(.text)
    GPIO_PinRemapConfig                      0x08002913   Thumb Code   138  stm32f10x_gpio.o(.text)
    GPIO_EXTILineConfig                      0x0800299d   Thumb Code    66  stm32f10x_gpio.o(.text)
    GPIO_ETH_MediaInterfaceConfig            0x080029df   Thumb Code     8  stm32f10x_gpio.o(.text)
    IWDG_WriteAccessCmd                      0x08002a0d   Thumb Code     6  stm32f10x_iwdg.o(.text)
    IWDG_SetPrescaler                        0x08002a13   Thumb Code     6  stm32f10x_iwdg.o(.text)
    IWDG_SetReload                           0x08002a19   Thumb Code     6  stm32f10x_iwdg.o(.text)
    IWDG_ReloadCounter                       0x08002a1f   Thumb Code    10  stm32f10x_iwdg.o(.text)
    IWDG_Enable                              0x08002a29   Thumb Code    10  stm32f10x_iwdg.o(.text)
    IWDG_GetFlagStatus                       0x08002a33   Thumb Code    20  stm32f10x_iwdg.o(.text)
    RCC_DeInit                               0x08002a4d   Thumb Code    64  stm32f10x_rcc.o(.text)
    RCC_HSEConfig                            0x08002a8d   Thumb Code    70  stm32f10x_rcc.o(.text)
    RCC_GetFlagStatus                        0x08002ad3   Thumb Code    56  stm32f10x_rcc.o(.text)
    RCC_WaitForHSEStartUp                    0x08002b0b   Thumb Code    56  stm32f10x_rcc.o(.text)
    RCC_AdjustHSICalibrationValue            0x08002b43   Thumb Code    20  stm32f10x_rcc.o(.text)
    RCC_HSICmd                               0x08002b57   Thumb Code     6  stm32f10x_rcc.o(.text)
    RCC_PLLConfig                            0x08002b5d   Thumb Code    24  stm32f10x_rcc.o(.text)
    RCC_PLLCmd                               0x08002b75   Thumb Code     6  stm32f10x_rcc.o(.text)
    RCC_SYSCLKConfig                         0x08002b7b   Thumb Code    18  stm32f10x_rcc.o(.text)
    RCC_GetSYSCLKSource                      0x08002b8d   Thumb Code    10  stm32f10x_rcc.o(.text)
    RCC_HCLKConfig                           0x08002b97   Thumb Code    18  stm32f10x_rcc.o(.text)
    RCC_PCLK1Config                          0x08002ba9   Thumb Code    18  stm32f10x_rcc.o(.text)
    RCC_PCLK2Config                          0x08002bbb   Thumb Code    20  stm32f10x_rcc.o(.text)
    RCC_ITConfig                             0x08002bcf   Thumb Code    26  stm32f10x_rcc.o(.text)
    RCC_USBCLKConfig                         0x08002be9   Thumb Code     8  stm32f10x_rcc.o(.text)
    RCC_ADCCLKConfig                         0x08002bf1   Thumb Code    18  stm32f10x_rcc.o(.text)
    RCC_LSEConfig                            0x08002c03   Thumb Code    50  stm32f10x_rcc.o(.text)
    RCC_LSICmd                               0x08002c35   Thumb Code     6  stm32f10x_rcc.o(.text)
    RCC_RTCCLKConfig                         0x08002c3b   Thumb Code    12  stm32f10x_rcc.o(.text)
    RCC_RTCCLKCmd                            0x08002c47   Thumb Code     8  stm32f10x_rcc.o(.text)
    RCC_GetClocksFreq                        0x08002c4f   Thumb Code   192  stm32f10x_rcc.o(.text)
    RCC_AHBPeriphClockCmd                    0x08002d0f   Thumb Code    26  stm32f10x_rcc.o(.text)
    RCC_APB2PeriphClockCmd                   0x08002d29   Thumb Code    26  stm32f10x_rcc.o(.text)
    RCC_APB1PeriphClockCmd                   0x08002d43   Thumb Code    26  stm32f10x_rcc.o(.text)
    RCC_APB2PeriphResetCmd                   0x08002d5d   Thumb Code    26  stm32f10x_rcc.o(.text)
    RCC_APB1PeriphResetCmd                   0x08002d77   Thumb Code    26  stm32f10x_rcc.o(.text)
    RCC_BackupResetCmd                       0x08002d91   Thumb Code     8  stm32f10x_rcc.o(.text)
    RCC_ClockSecuritySystemCmd               0x08002d99   Thumb Code     6  stm32f10x_rcc.o(.text)
    RCC_MCOConfig                            0x08002d9f   Thumb Code     6  stm32f10x_rcc.o(.text)
    RCC_ClearFlag                            0x08002da5   Thumb Code    14  stm32f10x_rcc.o(.text)
    RCC_GetITStatus                          0x08002db3   Thumb Code    20  stm32f10x_rcc.o(.text)
    RCC_ClearITPendingBit                    0x08002dc7   Thumb Code     6  stm32f10x_rcc.o(.text)
    TIM_DeInit                               0x08002df1   Thumb Code   424  stm32f10x_tim.o(.text)
    TIM_TimeBaseInit                         0x08002f99   Thumb Code   122  stm32f10x_tim.o(.text)
    TIM_OC1Init                              0x08003013   Thumb Code   132  stm32f10x_tim.o(.text)
    TIM_OC2Init                              0x08003097   Thumb Code   154  stm32f10x_tim.o(.text)
    TIM_OC3Init                              0x08003131   Thumb Code   150  stm32f10x_tim.o(.text)
    TIM_OC4Init                              0x080031c7   Thumb Code   182  stm32f10x_tim.o(.text)
    TIM_SetIC4Prescaler                      0x0800327d   Thumb Code    26  stm32f10x_tim.o(.text)
    TIM_SetIC3Prescaler                      0x08003319   Thumb Code    18  stm32f10x_tim.o(.text)
    TIM_SetIC2Prescaler                      0x080033a5   Thumb Code    26  stm32f10x_tim.o(.text)
    TIM_SetIC1Prescaler                      0x08003441   Thumb Code    18  stm32f10x_tim.o(.text)
    TIM_ICInit                               0x080034bf   Thumb Code   150  stm32f10x_tim.o(.text)
    TIM_PWMIConfig                           0x08003555   Thumb Code   124  stm32f10x_tim.o(.text)
    TIM_BDTRConfig                           0x080035d1   Thumb Code    32  stm32f10x_tim.o(.text)
    TIM_TimeBaseStructInit                   0x080035f1   Thumb Code    18  stm32f10x_tim.o(.text)
    TIM_OCStructInit                         0x08003603   Thumb Code    20  stm32f10x_tim.o(.text)
    TIM_ICStructInit                         0x08003617   Thumb Code    18  stm32f10x_tim.o(.text)
    TIM_BDTRStructInit                       0x08003629   Thumb Code    40  stm32f10x_tim.o(.text)
    TIM_Cmd                                  0x08003651   Thumb Code    24  stm32f10x_tim.o(.text)
    TIM_CtrlPWMOutputs                       0x08003669   Thumb Code    30  stm32f10x_tim.o(.text)
    TIM_ITConfig                             0x08003687   Thumb Code    18  stm32f10x_tim.o(.text)
    TIM_GenerateEvent                        0x08003699   Thumb Code     4  stm32f10x_tim.o(.text)
    TIM_DMAConfig                            0x0800369d   Thumb Code    10  stm32f10x_tim.o(.text)
    TIM_DMACmd                               0x080036a7   Thumb Code    18  stm32f10x_tim.o(.text)
    TIM_InternalClockConfig                  0x080036b9   Thumb Code    12  stm32f10x_tim.o(.text)
    TIM_SelectInputTrigger                   0x080036c5   Thumb Code    18  stm32f10x_tim.o(.text)
    TIM_ITRxExternalClockConfig              0x080036d7   Thumb Code    24  stm32f10x_tim.o(.text)
    TIM_TIxExternalClockConfig               0x080036ef   Thumb Code    62  stm32f10x_tim.o(.text)
    TIM_ETRConfig                            0x0800372d   Thumb Code    28  stm32f10x_tim.o(.text)
    TIM_ETRClockMode1Config                  0x08003749   Thumb Code    54  stm32f10x_tim.o(.text)
    TIM_ETRClockMode2Config                  0x0800377f   Thumb Code    32  stm32f10x_tim.o(.text)
    TIM_PrescalerConfig                      0x0800379f   Thumb Code     6  stm32f10x_tim.o(.text)
    TIM_CounterModeConfig                    0x080037a5   Thumb Code    18  stm32f10x_tim.o(.text)
    TIM_EncoderInterfaceConfig               0x080037b7   Thumb Code    66  stm32f10x_tim.o(.text)
    TIM_ForcedOC1Config                      0x080037f9   Thumb Code    18  stm32f10x_tim.o(.text)
    TIM_ForcedOC2Config                      0x0800380b   Thumb Code    26  stm32f10x_tim.o(.text)
    TIM_ForcedOC3Config                      0x08003825   Thumb Code    18  stm32f10x_tim.o(.text)
    TIM_ForcedOC4Config                      0x08003837   Thumb Code    26  stm32f10x_tim.o(.text)
    TIM_ARRPreloadConfig                     0x08003851   Thumb Code    24  stm32f10x_tim.o(.text)
    TIM_SelectCOM                            0x08003869   Thumb Code    24  stm32f10x_tim.o(.text)
    TIM_SelectCCDMA                          0x08003881   Thumb Code    24  stm32f10x_tim.o(.text)
    TIM_CCPreloadControl                     0x08003899   Thumb Code    24  stm32f10x_tim.o(.text)
    TIM_OC1PreloadConfig                     0x080038b1   Thumb Code    18  stm32f10x_tim.o(.text)
    TIM_OC2PreloadConfig                     0x080038c3   Thumb Code    26  stm32f10x_tim.o(.text)
    TIM_OC3PreloadConfig                     0x080038dd   Thumb Code    18  stm32f10x_tim.o(.text)
    TIM_OC4PreloadConfig                     0x080038ef   Thumb Code    26  stm32f10x_tim.o(.text)
    TIM_OC1FastConfig                        0x08003909   Thumb Code    18  stm32f10x_tim.o(.text)
    TIM_OC2FastConfig                        0x0800391b   Thumb Code    26  stm32f10x_tim.o(.text)
    TIM_OC3FastConfig                        0x08003935   Thumb Code    18  stm32f10x_tim.o(.text)
    TIM_OC4FastConfig                        0x08003947   Thumb Code    26  stm32f10x_tim.o(.text)
    TIM_ClearOC1Ref                          0x08003961   Thumb Code    18  stm32f10x_tim.o(.text)
    TIM_ClearOC2Ref                          0x08003973   Thumb Code    24  stm32f10x_tim.o(.text)
    TIM_ClearOC3Ref                          0x0800398b   Thumb Code    18  stm32f10x_tim.o(.text)
    TIM_ClearOC4Ref                          0x0800399d   Thumb Code    24  stm32f10x_tim.o(.text)
    TIM_OC1PolarityConfig                    0x080039b5   Thumb Code    18  stm32f10x_tim.o(.text)
    TIM_OC1NPolarityConfig                   0x080039c7   Thumb Code    18  stm32f10x_tim.o(.text)
    TIM_OC2PolarityConfig                    0x080039d9   Thumb Code    26  stm32f10x_tim.o(.text)
    TIM_OC2NPolarityConfig                   0x080039f3   Thumb Code    26  stm32f10x_tim.o(.text)
    TIM_OC3PolarityConfig                    0x08003a0d   Thumb Code    26  stm32f10x_tim.o(.text)
    TIM_OC3NPolarityConfig                   0x08003a27   Thumb Code    26  stm32f10x_tim.o(.text)
    TIM_OC4PolarityConfig                    0x08003a41   Thumb Code    26  stm32f10x_tim.o(.text)
    TIM_CCxCmd                               0x08003a5b   Thumb Code    30  stm32f10x_tim.o(.text)
    TIM_CCxNCmd                              0x08003a79   Thumb Code    30  stm32f10x_tim.o(.text)
    TIM_SelectOCxM                           0x08003a97   Thumb Code    82  stm32f10x_tim.o(.text)
    TIM_UpdateDisableConfig                  0x08003ae9   Thumb Code    24  stm32f10x_tim.o(.text)
    TIM_UpdateRequestConfig                  0x08003b01   Thumb Code    24  stm32f10x_tim.o(.text)
    TIM_SelectHallSensor                     0x08003b19   Thumb Code    24  stm32f10x_tim.o(.text)
    TIM_SelectOnePulseMode                   0x08003b31   Thumb Code    18  stm32f10x_tim.o(.text)
    TIM_SelectOutputTrigger                  0x08003b43   Thumb Code    18  stm32f10x_tim.o(.text)
    TIM_SelectSlaveMode                      0x08003b55   Thumb Code    18  stm32f10x_tim.o(.text)
    TIM_SelectMasterSlaveMode                0x08003b67   Thumb Code    18  stm32f10x_tim.o(.text)
    TIM_SetCounter                           0x08003b79   Thumb Code     4  stm32f10x_tim.o(.text)
    TIM_SetAutoreload                        0x08003b7d   Thumb Code     4  stm32f10x_tim.o(.text)
    TIM_SetCompare1                          0x08003b81   Thumb Code     4  stm32f10x_tim.o(.text)
    TIM_SetCompare2                          0x08003b85   Thumb Code     4  stm32f10x_tim.o(.text)
    TIM_SetCompare3                          0x08003b89   Thumb Code     4  stm32f10x_tim.o(.text)
    TIM_SetCompare4                          0x08003b8d   Thumb Code     6  stm32f10x_tim.o(.text)
    TIM_SetClockDivision                     0x08003b93   Thumb Code    18  stm32f10x_tim.o(.text)
    TIM_GetCapture1                          0x08003ba5   Thumb Code     6  stm32f10x_tim.o(.text)
    TIM_GetCapture2                          0x08003bab   Thumb Code     6  stm32f10x_tim.o(.text)
    TIM_GetCapture3                          0x08003bb1   Thumb Code     6  stm32f10x_tim.o(.text)
    TIM_GetCapture4                          0x08003bb7   Thumb Code     8  stm32f10x_tim.o(.text)
    TIM_GetCounter                           0x08003bbf   Thumb Code     6  stm32f10x_tim.o(.text)
    TIM_GetPrescaler                         0x08003bc5   Thumb Code     6  stm32f10x_tim.o(.text)
    TIM_GetFlagStatus                        0x08003bcb   Thumb Code    18  stm32f10x_tim.o(.text)
    TIM_ClearFlag                            0x08003bdd   Thumb Code     6  stm32f10x_tim.o(.text)
    TIM_GetITStatus                          0x08003be3   Thumb Code    34  stm32f10x_tim.o(.text)
    TIM_ClearITPendingBit                    0x08003c05   Thumb Code     6  stm32f10x_tim.o(.text)
    USART_DeInit                             0x08003c0d   Thumb Code   134  stm32f10x_usart.o(.text)
    USART_Init                               0x08003c93   Thumb Code   210  stm32f10x_usart.o(.text)
    USART_StructInit                         0x08003d65   Thumb Code    24  stm32f10x_usart.o(.text)
    USART_ClockInit                          0x08003d7d   Thumb Code    34  stm32f10x_usart.o(.text)
    USART_ClockStructInit                    0x08003d9f   Thumb Code    12  stm32f10x_usart.o(.text)
    USART_Cmd                                0x08003dab   Thumb Code    24  stm32f10x_usart.o(.text)
    USART_ITConfig                           0x08003dc3   Thumb Code    74  stm32f10x_usart.o(.text)
    USART_DMACmd                             0x08003e0d   Thumb Code    18  stm32f10x_usart.o(.text)
    USART_SetAddress                         0x08003e1f   Thumb Code    18  stm32f10x_usart.o(.text)
    USART_WakeUpConfig                       0x08003e31   Thumb Code    18  stm32f10x_usart.o(.text)
    USART_ReceiverWakeUpCmd                  0x08003e43   Thumb Code    24  stm32f10x_usart.o(.text)
    USART_LINBreakDetectLengthConfig         0x08003e5b   Thumb Code    18  stm32f10x_usart.o(.text)
    USART_LINCmd                             0x08003e6d   Thumb Code    24  stm32f10x_usart.o(.text)
    USART_SendData                           0x08003e85   Thumb Code     8  stm32f10x_usart.o(.text)
    USART_ReceiveData                        0x08003e8d   Thumb Code    10  stm32f10x_usart.o(.text)
    USART_SendBreak                          0x08003e97   Thumb Code    10  stm32f10x_usart.o(.text)
    USART_SetGuardTime                       0x08003ea1   Thumb Code    16  stm32f10x_usart.o(.text)
    USART_SetPrescaler                       0x08003eb1   Thumb Code    16  stm32f10x_usart.o(.text)
    USART_SmartCardCmd                       0x08003ec1   Thumb Code    24  stm32f10x_usart.o(.text)
    USART_SmartCardNACKCmd                   0x08003ed9   Thumb Code    24  stm32f10x_usart.o(.text)
    USART_HalfDuplexCmd                      0x08003ef1   Thumb Code    24  stm32f10x_usart.o(.text)
    USART_OverSampling8Cmd                   0x08003f09   Thumb Code    22  stm32f10x_usart.o(.text)
    USART_OneBitMethodCmd                    0x08003f1f   Thumb Code    24  stm32f10x_usart.o(.text)
    USART_IrDAConfig                         0x08003f37   Thumb Code    18  stm32f10x_usart.o(.text)
    USART_IrDACmd                            0x08003f49   Thumb Code    24  stm32f10x_usart.o(.text)
    USART_GetFlagStatus                      0x08003f61   Thumb Code    26  stm32f10x_usart.o(.text)
    USART_ClearFlag                          0x08003f7b   Thumb Code    18  stm32f10x_usart.o(.text)
    USART_GetITStatus                        0x08003f8d   Thumb Code    84  stm32f10x_usart.o(.text)
    USART_ClearITPendingBit                  0x08003fe1   Thumb Code    52  stm32f10x_usart.o(.text)
    WWDG_DeInit                              0x08004015   Thumb Code    22  stm32f10x_wwdg.o(.text)
    WWDG_SetPrescaler                        0x0800402b   Thumb Code    18  stm32f10x_wwdg.o(.text)
    WWDG_SetWindowValue                      0x0800403d   Thumb Code    34  stm32f10x_wwdg.o(.text)
    WWDG_EnableIT                            0x0800405f   Thumb Code     8  stm32f10x_wwdg.o(.text)
    WWDG_SetCounter                          0x08004067   Thumb Code    12  stm32f10x_wwdg.o(.text)
    WWDG_Enable                              0x08004073   Thumb Code    12  stm32f10x_wwdg.o(.text)
    WWDG_GetFlagStatus                       0x0800407f   Thumb Code    10  stm32f10x_wwdg.o(.text)
    WWDG_ClearFlag                           0x08004089   Thumb Code    10  stm32f10x_wwdg.o(.text)
    ASSERT_FAILED                            0x0800409d   Thumb Code    26  queue.o(.text)
    QUEUE_PacketCreate                       0x080040b7   Thumb Code    56  queue.o(.text)
    QUEUE_PacketIn                           0x080040ef   Thumb Code   134  queue.o(.text)
    QUEUE_PacketOut                          0x08004175   Thumb Code   134  queue.o(.text)
    QUEUE_PacketLengthGet                    0x080041fb   Thumb Code    86  queue.o(.text)
    QUEUE_PacketStartEndDifferentCharSplit   0x08004251   Thumb Code   308  queue.o(.text)
    QUEUE_PacketStartEndCharSplit            0x08004385   Thumb Code   398  queue.o(.text)
    QUEUE_PacketCharSplit                    0x08004513   Thumb Code   246  queue.o(.text)
    QUEUE_PacketDoubleEndCharSplit           0x08004609   Thumb Code   262  queue.o(.text)
    QUEUE_StructCreate                       0x0800470f   Thumb Code    96  queue.o(.text)
    QUEUE_StructIn                           0x0800476f   Thumb Code   140  queue.o(.text)
    QUEUE_StructOut                          0x080047fb   Thumb Code   130  queue.o(.text)
    QUEUE_StructCountGet                     0x0800487d   Thumb Code    76  queue.o(.text)
    KalmanFilter                             0x080048c9   Thumb Code   192  kalman.o(.text)
    Set_System                               0x080049a9   Thumb Code    94  hw_config.o(.text)
    Set_USBClock                             0x08004a07   Thumb Code    18  hw_config.o(.text)
    Enter_LowPowerMode                       0x08004a19   Thumb Code     8  hw_config.o(.text)
    Leave_LowPowerMode                       0x08004a21   Thumb Code    22  hw_config.o(.text)
    USB_Interrupts_Config                    0x08004a37   Thumb Code    52  hw_config.o(.text)
    USB_Cable_Config                         0x08004a6b   Thumb Code    30  hw_config.o(.text)
    USB_Config                               0x08004a89   Thumb Code    20  hw_config.o(.text)
    USB_RxRead                               0x08004a9d   Thumb Code    18  hw_config.o(.text)
    USB_RxWrite                              0x08004aaf   Thumb Code    18  hw_config.o(.text)
    USB_TxRead                               0x08004ac1   Thumb Code    18  hw_config.o(.text)
    USB_TxWrite                              0x08004ad3   Thumb Code    18  hw_config.o(.text)
    Get_SerialNum                            0x08004b23   Thumb Code    42  hw_config.o(.text)
    EP1_IN_Callback                          0x08004b75   Thumb Code    66  usb_endp.o(.text)
    EP3_OUT_Callback                         0x08004bb7   Thumb Code    28  usb_endp.o(.text)
    SOF_Callback                             0x08004bd3   Thumb Code    84  usb_endp.o(.text)
    USB_Istr                                 0x08004c3d   Thumb Code   426  usb_istr.o(.text)
    USB_LP_CAN1_RX0_IRQHandler               0x08004e0d   Thumb Code     8  usb_it.o(.text)
    USBWakeUp_IRQHandler                     0x08004e15   Thumb Code    12  usb_it.o(.text)
    Virtual_Com_Port_init                    0x08004e21   Thumb Code    30  usb_prop.o(.text)
    Virtual_Com_Port_Reset                   0x08004e3f   Thumb Code   216  usb_prop.o(.text)
    Virtual_Com_Port_SetConfiguration        0x08004f17   Thumb Code    14  usb_prop.o(.text)
    Virtual_Com_Port_SetDeviceAddress        0x08004f25   Thumb Code     8  usb_prop.o(.text)
    Virtual_Com_Port_Status_In               0x08004f2d   Thumb Code    16  usb_prop.o(.text)
    Virtual_Com_Port_Status_Out              0x08004f3d   Thumb Code     2  usb_prop.o(.text)
    Virtual_Com_Port_SetLineCoding           0x08004f3f   Thumb Code    20  usb_prop.o(.text)
    Virtual_Com_Port_GetLineCoding           0x08004f53   Thumb Code    20  usb_prop.o(.text)
    Virtual_Com_Port_Data_Setup              0x08004f67   Thumb Code    86  usb_prop.o(.text)
    Virtual_Com_Port_NoData_Setup            0x08004fbd   Thumb Code    36  usb_prop.o(.text)
    Virtual_Com_Port_GetDeviceDescriptor     0x08004fe1   Thumb Code    14  usb_prop.o(.text)
    Virtual_Com_Port_GetConfigDescriptor     0x08004fef   Thumb Code    14  usb_prop.o(.text)
    Virtual_Com_Port_GetStringDescriptor     0x08004ffd   Thumb Code    32  usb_prop.o(.text)
    Virtual_Com_Port_Get_Interface_Setting   0x0800501d   Thumb Code    22  usb_prop.o(.text)
    PowerOn                                  0x0800505d   Thumb Code    54  usb_pwr.o(.text)
    PowerOff                                 0x08005093   Thumb Code    28  usb_pwr.o(.text)
    Suspend                                  0x080050af   Thumb Code   238  usb_pwr.o(.text)
    Resume_Init                              0x0800519d   Thumb Code    30  usb_pwr.o(.text)
    Resume                                   0x080051bb   Thumb Code   194  usb_pwr.o(.text)
    Standard_GetConfiguration                0x0800529d   Thumb Code    34  usb_core.o(.text)
    Standard_SetConfiguration                0x080052bf   Thumb Code    60  usb_core.o(.text)
    Standard_GetInterface                    0x080052fb   Thumb Code    34  usb_core.o(.text)
    Standard_SetInterface                    0x0800531d   Thumb Code    96  usb_core.o(.text)
    Standard_GetStatus                       0x0800537d   Thumb Code   238  usb_core.o(.text)
    Standard_ClearFeature                    0x0800546b   Thumb Code   342  usb_core.o(.text)
    Standard_SetEndPointFeature              0x080055c1   Thumb Code   220  usb_core.o(.text)
    Standard_SetDeviceFeature                0x0800569d   Thumb Code    30  usb_core.o(.text)
    Standard_GetDescriptorData               0x080056bb   Thumb Code    32  usb_core.o(.text)
    Post0_Process                            0x08005bef   Thumb Code    54  usb_core.o(.text)
    Setup0_Process                           0x08005c25   Thumb Code   170  usb_core.o(.text)
    SetDeviceAddress                         0x08005ccf   Thumb Code    70  usb_core.o(.text)
    In0_Process                              0x08005d15   Thumb Code    98  usb_core.o(.text)
    Out0_Process                             0x08005d77   Thumb Code    70  usb_core.o(.text)
    NOP_Process                              0x08005dbd   Thumb Code     2  usb_core.o(.text)
    USB_Init                                 0x08005ded   Thumb Code    36  usb_init.o(.text)
    CTR_LP                                   0x08005e29   Thumb Code   616  usb_int.o(.text)
    CTR_HP                                   0x08006091   Thumb Code   178  usb_int.o(.text)
    UserToPMABufferCopy                      0x08006165   Thumb Code    52  usb_mem.o(.text)
    PMAToUserBufferCopy                      0x08006199   Thumb Code    34  usb_mem.o(.text)
    SetCNTR                                  0x080061c1   Thumb Code     6  usb_regs.o(.text)
    GetCNTR                                  0x080061c7   Thumb Code     8  usb_regs.o(.text)
    SetISTR                                  0x080061cf   Thumb Code     8  usb_regs.o(.text)
    GetISTR                                  0x080061d7   Thumb Code    10  usb_regs.o(.text)
    GetFNR                                   0x080061e1   Thumb Code    10  usb_regs.o(.text)
    SetDADDR                                 0x080061eb   Thumb Code     8  usb_regs.o(.text)
    GetDADDR                                 0x080061f3   Thumb Code    10  usb_regs.o(.text)
    SetBTABLE                                0x080061fd   Thumb Code    14  usb_regs.o(.text)
    GetBTABLE                                0x0800620b   Thumb Code    10  usb_regs.o(.text)
    SetENDPOINT                              0x08006215   Thumb Code    12  usb_regs.o(.text)
    GetENDPOINT                              0x08006221   Thumb Code    16  usb_regs.o(.text)
    SetEPType                                0x08006231   Thumb Code    32  usb_regs.o(.text)
    GetEPType                                0x08006251   Thumb Code    18  usb_regs.o(.text)
    SetEPTxStatus                            0x08006263   Thumb Code    60  usb_regs.o(.text)
    SetEPRxStatus                            0x0800629f   Thumb Code    60  usb_regs.o(.text)
    SetDouBleBuffEPStall                     0x080062db   Thumb Code    54  usb_regs.o(.text)
    GetEPTxStatus                            0x08006311   Thumb Code    18  usb_regs.o(.text)
    GetEPRxStatus                            0x08006323   Thumb Code    18  usb_regs.o(.text)
    SetEPTxValid                             0x08006335   Thumb Code    48  usb_regs.o(.text)
    SetEPRxValid                             0x08006365   Thumb Code    48  usb_regs.o(.text)
    SetEP_KIND                               0x08006395   Thumb Code    38  usb_regs.o(.text)
    ClearEP_KIND                             0x080063bb   Thumb Code    34  usb_regs.o(.text)
    Clear_Status_Out                         0x080063dd   Thumb Code    34  usb_regs.o(.text)
    Set_Status_Out                           0x080063ff   Thumb Code    38  usb_regs.o(.text)
    SetEPDoubleBuff                          0x08006425   Thumb Code    38  usb_regs.o(.text)
    ClearEPDoubleBuff                        0x0800644b   Thumb Code    34  usb_regs.o(.text)
    GetTxStallStatus                         0x0800646d   Thumb Code    28  usb_regs.o(.text)
    GetRxStallStatus                         0x08006489   Thumb Code    30  usb_regs.o(.text)
    ClearEP_CTR_RX                           0x080064a7   Thumb Code    32  usb_regs.o(.text)
    ClearEP_CTR_TX                           0x080064c7   Thumb Code    28  usb_regs.o(.text)
    ToggleDTOG_RX                            0x080064e3   Thumb Code    34  usb_regs.o(.text)
    ToggleDTOG_TX                            0x08006505   Thumb Code    34  usb_regs.o(.text)
    ClearDTOG_RX                             0x08006527   Thumb Code    48  usb_regs.o(.text)
    ClearDTOG_TX                             0x08006557   Thumb Code    48  usb_regs.o(.text)
    SetEPAddress                             0x08006587   Thumb Code    46  usb_regs.o(.text)
    GetEPAddress                             0x080065b5   Thumb Code    18  usb_regs.o(.text)
    SetEPTxAddr                              0x080065c7   Thumb Code    24  usb_regs.o(.text)
    SetEPRxAddr                              0x080065df   Thumb Code    26  usb_regs.o(.text)
    GetEPTxAddr                              0x080065f9   Thumb Code    22  usb_regs.o(.text)
    GetEPRxAddr                              0x0800660f   Thumb Code    24  usb_regs.o(.text)
    SetEPTxCount                             0x08006627   Thumb Code    20  usb_regs.o(.text)
    SetEPCountRxReg                          0x0800663b   Thumb Code    48  usb_regs.o(.text)
    SetEPRxCount                             0x0800666b   Thumb Code    68  usb_regs.o(.text)
    GetEPTxCount                             0x080066af   Thumb Code    26  usb_regs.o(.text)
    GetEPRxCount                             0x080066c9   Thumb Code    26  usb_regs.o(.text)
    SetEPDblBuffAddr                         0x080066e3   Thumb Code    44  usb_regs.o(.text)
    SetEPDblBuf0Addr                         0x0800670f   Thumb Code    24  usb_regs.o(.text)
    SetEPDblBuf1Addr                         0x08006727   Thumb Code    26  usb_regs.o(.text)
    GetEPDblBuf0Addr                         0x08006741   Thumb Code    22  usb_regs.o(.text)
    GetEPDblBuf1Addr                         0x08006757   Thumb Code    24  usb_regs.o(.text)
    SetEPDblBuffCount                        0x0800676f   Thumb Code   186  usb_regs.o(.text)
    SetEPDblBuf0Count                        0x08006829   Thumb Code    96  usb_regs.o(.text)
    SetEPDblBuf1Count                        0x08006889   Thumb Code    96  usb_regs.o(.text)
    GetEPDblBuf0Count                        0x080068e9   Thumb Code    26  usb_regs.o(.text)
    GetEPDblBuf1Count                        0x08006903   Thumb Code    26  usb_regs.o(.text)
    GetEPDblBufDir                           0x0800691d   Thumb Code    62  usb_regs.o(.text)
    FreeUserBuffer                           0x0800695b   Thumb Code    90  usb_regs.o(.text)
    ToWord                                   0x080069b5   Thumb Code     8  usb_regs.o(.text)
    ByteSwap                                 0x080069bd   Thumb Code    12  usb_regs.o(.text)
    USB_SIL_Init                             0x080069c9   Thumb Code    28  usb_sil.o(.text)
    USB_SIL_Write                            0x080069e5   Thumb Code    46  usb_sil.o(.text)
    USB_SIL_Read                             0x08006a13   Thumb Code    46  usb_sil.o(.text)
    __use_no_semihosting                     0x08006a49   Thumb Code     2  use_no_semi_2.o(.text)
    __2printf                                0x08006a4d   Thumb Code    20  noretval__2printf.o(.text)
    __2sprintf                               0x08006a65   Thumb Code    34  noretval__2sprintf.o(.text)
    _printf_pre_padding                      0x08006a8d   Thumb Code    44  _printf_pad.o(.text)
    _printf_post_padding                     0x08006ab9   Thumb Code    34  _printf_pad.o(.text)
    _printf_str                              0x08006adb   Thumb Code    82  _printf_str.o(.text)
    _printf_int_dec                          0x08006b2d   Thumb Code   104  _printf_dec.o(.text)
    __printf                                 0x08006ba5   Thumb Code   270  __printf_wp.o(.text)
    __aeabi_memcpy                           0x08006cb3   Thumb Code     0  rt_memcpy_v6.o(.text)
    __rt_memcpy                              0x08006cb3   Thumb Code   138  rt_memcpy_v6.o(.text)
    _memcpy_lastbytes                        0x08006d19   Thumb Code     0  rt_memcpy_v6.o(.text)
    __use_two_region_memory                  0x08006d3d   Thumb Code     2  heapauxi.o(.text)
    __rt_heap_escrow$2region                 0x08006d3f   Thumb Code     2  heapauxi.o(.text)
    __rt_heap_expand$2region                 0x08006d41   Thumb Code     2  heapauxi.o(.text)
    __I$use$semihosting                      0x08006d43   Thumb Code     0  use_no_semi.o(.text)
    __use_no_semihosting_swi                 0x08006d43   Thumb Code     2  use_no_semi.o(.text)
    _printf_int_common                       0x08006d45   Thumb Code   178  _printf_intcommon.o(.text)
    __lib_sel_fp_printf                      0x08006df7   Thumb Code     2  _printf_fp_dec.o(.text)
    _printf_fp_dec_real                      0x08006fa5   Thumb Code   620  _printf_fp_dec.o(.text)
    _printf_char_common                      0x0800721b   Thumb Code    32  _printf_char_common.o(.text)
    _sputc                                   0x08007241   Thumb Code    10  _sputc.o(.text)
    _printf_cs_common                        0x0800724b   Thumb Code    20  _printf_char.o(.text)
    _printf_char                             0x0800725f   Thumb Code    16  _printf_char.o(.text)
    _printf_string                           0x0800726f   Thumb Code     8  _printf_char.o(.text)
    _printf_char_file                        0x08007279   Thumb Code    32  _printf_char_file.o(.text)
    __aeabi_memcpy4                          0x0800729d   Thumb Code     0  rt_memcpy_w.o(.text)
    __aeabi_memcpy8                          0x0800729d   Thumb Code     0  rt_memcpy_w.o(.text)
    __rt_memcpy_w                            0x0800729d   Thumb Code   100  rt_memcpy_w.o(.text)
    _memcpy_lastbytes_aligned                0x080072e5   Thumb Code     0  rt_memcpy_w.o(.text)
    __rt_locale                              0x08007301   Thumb Code     8  rt_locale_intlibspace.o(.text)
    _ll_udiv10                               0x08007309   Thumb Code   138  lludiv10.o(.text)
    _printf_fp_infnan                        0x08007395   Thumb Code   112  _printf_fp_infnan.o(.text)
    _btod_etento                             0x08007415   Thumb Code   216  bigflt0.o(.text)
    ferror                                   0x080074f1   Thumb Code     8  ferror.o(.text)
    __user_libspace                          0x080074f9   Thumb Code     8  libspace.o(.text)
    __user_perproc_libspace                  0x080074f9   Thumb Code     0  libspace.o(.text)
    __user_perthread_libspace                0x080074f9   Thumb Code     0  libspace.o(.text)
    __user_setup_stackheap                   0x08007501   Thumb Code    74  sys_stackheap_outer.o(.text)
    exit                                     0x0800754b   Thumb Code    18  exit.o(.text)
    strcmp                                   0x0800755d   Thumb Code   128  strcmpv7m.o(.text)
    _btod_d2e                                0x080075dd   Thumb Code    62  btod.o(CL$$btod_d2e)
    _d2e_denorm_low                          0x0800761b   Thumb Code    70  btod.o(CL$$btod_d2e_denorm_low)
    _d2e_norm_op1                            0x08007661   Thumb Code    96  btod.o(CL$$btod_d2e_norm_op1)
    __btod_div_common                        0x080076c1   Thumb Code   696  btod.o(CL$$btod_div_common)
    _e2e                                     0x080079f9   Thumb Code   198  btod.o(CL$$btod_e2e)
    _btod_ediv                               0x08007abf   Thumb Code    40  btod.o(CL$$btod_ediv)
    _btod_emul                               0x08007ae7   Thumb Code    40  btod.o(CL$$btod_emul)
    __btod_mult_common                       0x08007b0f   Thumb Code   580  btod.o(CL$$btod_mult_common)
    __ARM_fpclassify                         0x08007d53   Thumb Code    40  fpclassify.o(i.__ARM_fpclassify)
    _is_digit                                0x08007d7b   Thumb Code    14  __printf_wp.o(i._is_digit)
    draw_circle_8                            0x08007d89   Thumb Code   132  lcd.o(i.draw_circle_8)
    swap_int                                 0x08007e0d   Thumb Code    26  lcd.o(i.swap_int)
    _get_lc_numeric                          0x08007e29   Thumb Code    44  lc_numeric_c.o(locale$$code)
    __aeabi_d2f                              0x08007e55   Thumb Code     0  d2f.o(x$fpl$d2f)
    _d2f                                     0x08007e55   Thumb Code    98  d2f.o(x$fpl$d2f)
    __aeabi_dadd                             0x08007eb9   Thumb Code     0  daddsub_clz.o(x$fpl$dadd)
    _dadd                                    0x08007eb9   Thumb Code   332  daddsub_clz.o(x$fpl$dadd)
    __aeabi_ddiv                             0x08008009   Thumb Code     0  ddiv.o(x$fpl$ddiv)
    _ddiv                                    0x08008009   Thumb Code   552  ddiv.o(x$fpl$ddiv)
    __aeabi_d2uiz                            0x080082b9   Thumb Code     0  dfixu.o(x$fpl$dfixu)
    _dfixu                                   0x080082b9   Thumb Code    90  dfixu.o(x$fpl$dfixu)
    __aeabi_ui2d                             0x08008313   Thumb Code     0  dflt_clz.o(x$fpl$dfltu)
    _dfltu                                   0x08008313   Thumb Code    38  dflt_clz.o(x$fpl$dfltu)
    __aeabi_dmul                             0x08008339   Thumb Code     0  dmul.o(x$fpl$dmul)
    _dmul                                    0x08008339   Thumb Code   332  dmul.o(x$fpl$dmul)
    __fpl_dnaninf                            0x0800848d   Thumb Code   156  dnaninf.o(x$fpl$dnaninf)
    __fpl_dretinf                            0x08008529   Thumb Code    12  dretinf.o(x$fpl$dretinf)
    __aeabi_dsub                             0x08008535   Thumb Code     0  daddsub_clz.o(x$fpl$dsub)
    _dsub                                    0x08008535   Thumb Code   464  daddsub_clz.o(x$fpl$dsub)
    __aeabi_f2d                              0x08008709   Thumb Code     0  f2d.o(x$fpl$f2d)
    _f2d                                     0x08008709   Thumb Code    86  f2d.o(x$fpl$f2d)
    __aeabi_fadd                             0x08008761   Thumb Code     0  faddsub_clz.o(x$fpl$fadd)
    _fadd                                    0x08008761   Thumb Code   196  faddsub_clz.o(x$fpl$fadd)
    __aeabi_fdiv                             0x08008825   Thumb Code     0  fdiv.o(x$fpl$fdiv)
    _fdiv                                    0x08008825   Thumb Code   384  fdiv.o(x$fpl$fdiv)
    __aeabi_f2iz                             0x080089a9   Thumb Code     0  ffix.o(x$fpl$ffix)
    _ffix                                    0x080089a9   Thumb Code    54  ffix.o(x$fpl$ffix)
    __aeabi_f2uiz                            0x080089e1   Thumb Code     0  ffixu.o(x$fpl$ffixu)
    _ffixu                                   0x080089e1   Thumb Code    62  ffixu.o(x$fpl$ffixu)
    __aeabi_i2f                              0x08008a21   Thumb Code     0  fflt_clz.o(x$fpl$fflt)
    _fflt                                    0x08008a21   Thumb Code    48  fflt_clz.o(x$fpl$fflt)
    __aeabi_ui2f                             0x08008a51   Thumb Code     0  fflt_clz.o(x$fpl$ffltu)
    _ffltu                                   0x08008a51   Thumb Code    38  fflt_clz.o(x$fpl$ffltu)
    __aeabi_fmul                             0x08008a79   Thumb Code     0  fmul.o(x$fpl$fmul)
    _fmul                                    0x08008a79   Thumb Code   258  fmul.o(x$fpl$fmul)
    __fpl_fnaninf                            0x08008b7b   Thumb Code   140  fnaninf.o(x$fpl$fnaninf)
    __fpl_fretinf                            0x08008c07   Thumb Code    10  fretinf.o(x$fpl$fretinf)
    __aeabi_fsub                             0x08008c11   Thumb Code     0  faddsub_clz.o(x$fpl$fsub)
    _fsub                                    0x08008c11   Thumb Code   234  faddsub_clz.o(x$fpl$fsub)
    _printf_fp_dec                           0x08008cfb   Thumb Code     4  printf1.o(x$fpl$printf1)
    __I$use$fp                               0x08008cfe   Number         0  usenofp.o(x$fpl$usenofp)
    asc2_1206                                0x08008cfe   Data        1140  lcd.o(.constdata)
    asc2_1608                                0x08009172   Data        1520  lcd.o(.constdata)
    Virtual_Com_Port_DeviceDescriptor        0x08009762   Data          18  usb_desc.o(.constdata)
    Virtual_Com_Port_ConfigDescriptor        0x08009774   Data          67  usb_desc.o(.constdata)
    Virtual_Com_Port_StringLangID            0x080097b7   Data           4  usb_desc.o(.constdata)
    Virtual_Com_Port_StringVendor            0x080097bb   Data          24  usb_desc.o(.constdata)
    Virtual_Com_Port_StringProduct           0x080097d3   Data          38  usb_desc.o(.constdata)
    Region$$Table$$Base                      0x08009890   Number         0  anon$$obj.o(Region$$Table)
    Region$$Table$$Limit                     0x080098b0   Number         0  anon$$obj.o(Region$$Table)
    SystemCoreClock                          0x20000000   Data           4  system_stm32f10x.o(.data)
    AHBPrescTable                            0x20000004   Data          16  system_stm32f10x.o(.data)
    Firt_In                                  0x20000014   Data           1  task_manage.o(.data)
    Task_Index                               0x20000015   Data           1  task_manage.o(.data)
    _return                                  0x20000016   Data           1  task_manage.o(.data)
    KEY_Sys_Timer                            0x2000001c   Data           4  key.o(.data)
    Keycode                                  0x20000020   Data           4  key.o(.data)
    SystemTime                               0x20000024   Data           4  key.o(.data)
    KEY_Time                                 0x20000028   Data           4  key.o(.data)
    key_Trgtime                              0x2000002c   Data           4  key.o(.data)
    KEY_Trg                                  0x20000030   Data           4  key.o(.data)
    KEY_Cont                                 0x20000034   Data           4  key.o(.data)
    Trg_state                                0x20000038   Data           4  key.o(.data)
    sysbufer                                 0x2000003c   Data           2  key.o(.data)
    SysTimer                                 0x20000040   Data           4  key.o(.data)
    count                                    0x20000044   Data           4  timer.o(.data)
    key_choice                               0x20000048   Data           4  timer.o(.data)
    ADCValueInner                            0x2000004c   Data           4  timer.o(.data)
    SetPointInner                            0x20000050   Data           4  timer.o(.data)
    ErrorInner                               0x20000054   Data           4  timer.o(.data)
    ErrorInnerSum                            0x20000058   Data           4  timer.o(.data)
    IntegerInnerUpLim                        0x2000005c   Data           4  timer.o(.data)
    IntegerInnerDownLim                      0x20000060   Data           4  timer.o(.data)
    OutputInner                              0x20000064   Data           4  timer.o(.data)
    PInner                                   0x20000068   Data           4  timer.o(.data)
    IntegrateInner                           0x2000006c   Data           4  timer.o(.data)
    ADCValueInner1                           0x20000070   Data           4  timer.o(.data)
    SetPointInner1                           0x20000074   Data           4  timer.o(.data)
    ErrorInner1                              0x20000078   Data           4  timer.o(.data)
    ErrorInnerSum1                           0x2000007c   Data           4  timer.o(.data)
    IntegerInnerUpLim1                       0x20000080   Data           4  timer.o(.data)
    IntegerInnerDownLim1                     0x20000084   Data           4  timer.o(.data)
    ADCValueOuter                            0x20000088   Data           4  timer.o(.data)
    SetPointOuter                            0x2000008c   Data           4  timer.o(.data)
    ErrorOuter                               0x20000090   Data           4  timer.o(.data)
    ErrorOuterSum                            0x20000094   Data           4  timer.o(.data)
    IntegerOuterUpLim                        0x20000098   Data           4  timer.o(.data)
    IntegerOuterDownLim                      0x2000009c   Data           4  timer.o(.data)
    OutputOuter                              0x200000a0   Data           4  timer.o(.data)
    POuter                                   0x200000a4   Data           4  timer.o(.data)
    IntegrateOuter                           0x200000a8   Data           4  timer.o(.data)
    GB_16                                    0x200000ac   Data        2108  lcd.o(.data)
    num                                      0x200008e8   Data         204  lcd.o(.data)
    ReadData                                 0x200009b8   Data           4  adf4002.o(.data)
    Reg0x02                                  0x200009bc   Data           4  adf4002.o(.data)
    Reg0x03                                  0x200009c0   Data           4  adf4002.o(.data)
    Reg0x02_LEDON                            0x200009c4   Data           4  adf4002.o(.data)
    Reg0x02_LEDOFF                           0x200009c8   Data           4  adf4002.o(.data)
    __stdout                                 0x200009d0   Data           4  usart.o(.data)
    USART_RX_STA                             0x200009d4   Data           1  usart.o(.data)
    Q                                        0x200009ec   Data           4  kalman.o(.data)
    R                                        0x200009f0   Data           4  kalman.o(.data)
    EstiP                                    0x200009f4   Data           4  kalman.o(.data)
    PreP                                     0x200009f8   Data           4  kalman.o(.data)
    PreValue                                 0x200009fc   Data           4  kalman.o(.data)
    EstiValue                                0x20000a00   Data           4  kalman.o(.data)
    K                                        0x20000a04   Data           4  kalman.o(.data)
    First                                    0x20000a08   Data           4  kalman.o(.data)
    HSEStartUpStatus                         0x20000a0c   Data           1  hw_config.o(.data)
    EXTI_InitStructure                       0x20000a10   Data           8  hw_config.o(.data)
    Virtual_Com_Port_StringSerial            0x20000a18   Data          38  usb_desc.o(.data)
    wIstr                                    0x20000a48   Data           2  usb_istr.o(.data)
    bIntPackSOF                              0x20000a4a   Data           1  usb_istr.o(.data)
    esof_counter                             0x20000a4c   Data           4  usb_istr.o(.data)
    wCNTR                                    0x20000a50   Data           4  usb_istr.o(.data)
    pEpInt_IN                                0x20000a54   Data          28  usb_istr.o(.data)
    pEpInt_OUT                               0x20000a70   Data          28  usb_istr.o(.data)
    Request                                  0x20000a8c   Data           1  usb_prop.o(.data)
    linecoding                               0x20000a90   Data           8  usb_prop.o(.data)
    Device_Table                             0x20000a98   Data           2  usb_prop.o(.data)
    Device_Property                          0x20000a9c   Data          48  usb_prop.o(.data)
    User_Standard_Requests                   0x20000acc   Data          36  usb_prop.o(.data)
    Device_Descriptor                        0x20000af0   Data           8  usb_prop.o(.data)
    Config_Descriptor                        0x20000af8   Data           8  usb_prop.o(.data)
    String_Descriptor                        0x20000b00   Data          32  usb_prop.o(.data)
    bDeviceState                             0x20000b20   Data           4  usb_pwr.o(.data)
    fSuspendEnabled                          0x20000b24   Data           1  usb_pwr.o(.data)
    ResumeS                                  0x20000b25   Data           2  usb_pwr.o(.data)
    remotewakeupon                           0x20000b28   Data           4  usb_pwr.o(.data)
    StatusInfo                               0x20000b2c   Data           2  usb_core.o(.data)
    Data_Mul_MaxPacketSize                   0x20000b2e   Data           1  usb_core.o(.data)
    EPindex                                  0x20000b30   Data           1  usb_init.o(.data)
    pInformation                             0x20000b34   Data           4  usb_init.o(.data)
    pProperty                                0x20000b38   Data           4  usb_init.o(.data)
    SaveState                                0x20000b3c   Data           2  usb_init.o(.data)
    wInterrupt_Mask                          0x20000b3e   Data           2  usb_init.o(.data)
    pUser_Standard_Requests                  0x20000b40   Data           4  usb_init.o(.data)
    SaveRState                               0x20000b44   Data           2  usb_int.o(.data)
    SaveTState                               0x20000b46   Data           2  usb_int.o(.data)
    LCD_GRAM                                 0x20000b48   Data        1024  lcd.o(.bss)
    USART_RX_BUF                             0x20000f48   Data          64  usart.o(.bss)
    USART_InitStructure                      0x20000f88   Data          16  hw_config.o(.bss)
    EP                                       0x20001a38   Data          32  usb_pwr.o(.bss)
    Device_Info                              0x20001a58   Data          28  usb_init.o(.bss)
    __libspace_start                         0x20001a74   Data          96  libspace.o(.bss)
    __temporary_stack_top$libspace           0x20001ad4   Data           0  libspace.o(.bss)



==============================================================================

Memory Map of the image

  Image Entry point : 0x080000ed

  Load Region LR_IROM1 (Base: 0x08000000, Size: 0x0000a414, Max: 0x00020000, ABSOLUTE, COMPRESSED[0x0000a174])

    Execution Region ER_IROM1 (Base: 0x08000000, Size: 0x000098cc, Max: 0x00020000, ABSOLUTE)

    Base Addr    Size         Type   Attr      Idx    E Section Name        Object

    0x08000000   0x000000ec   Data   RO          521    RESET               startup_stm32f10x_md.o
    0x080000ec   0x00000008   Code   RO         1117  * !!!main             c_w.l(__main.o)
    0x080000f4   0x00000034   Code   RO         1401    !!!scatter          c_w.l(__scatter.o)
    0x08000128   0x0000005a   Code   RO         1399    !!dczerorl2         c_w.l(__dczerorl2.o)
    0x08000182   0x00000002   PAD
    0x08000184   0x0000001c   Code   RO         1403    !!handler_zi        c_w.l(__scatter_zi.o)
    0x080001a0   0x00000000   Code   RO         1112    .ARM.Collect$$_printf_percent$$00000000  c_w.l(_printf_percent.o)
    0x080001a0   0x00000006   Code   RO         1111    .ARM.Collect$$_printf_percent$$00000003  c_w.l(_printf_f.o)
    0x080001a6   0x00000006   Code   RO         1110    .ARM.Collect$$_printf_percent$$00000009  c_w.l(_printf_d.o)
    0x080001ac   0x00000006   Code   RO         1109    .ARM.Collect$$_printf_percent$$00000014  c_w.l(_printf_s.o)
    0x080001b2   0x00000004   Code   RO         1188    .ARM.Collect$$_printf_percent$$00000017  c_w.l(_printf_percent_end.o)
    0x080001b6   0x00000002   Code   RO         1276    .ARM.Collect$$libinit$$00000000  c_w.l(libinit.o)
    0x080001b8   0x00000000   Code   RO         1278    .ARM.Collect$$libinit$$00000002  c_w.l(libinit2.o)
    0x080001b8   0x00000000   Code   RO         1280    .ARM.Collect$$libinit$$00000004  c_w.l(libinit2.o)
    0x080001b8   0x00000000   Code   RO         1283    .ARM.Collect$$libinit$$0000000A  c_w.l(libinit2.o)
    0x080001b8   0x00000000   Code   RO         1285    .ARM.Collect$$libinit$$0000000C  c_w.l(libinit2.o)
    0x080001b8   0x00000000   Code   RO         1287    .ARM.Collect$$libinit$$0000000E  c_w.l(libinit2.o)
    0x080001b8   0x00000006   Code   RO         1288    .ARM.Collect$$libinit$$0000000F  c_w.l(libinit2.o)
    0x080001be   0x00000000   Code   RO         1290    .ARM.Collect$$libinit$$00000011  c_w.l(libinit2.o)
    0x080001be   0x00000000   Code   RO         1292    .ARM.Collect$$libinit$$00000013  c_w.l(libinit2.o)
    0x080001be   0x00000000   Code   RO         1294    .ARM.Collect$$libinit$$00000015  c_w.l(libinit2.o)
    0x080001be   0x0000000a   Code   RO         1295    .ARM.Collect$$libinit$$00000016  c_w.l(libinit2.o)
    0x080001c8   0x00000000   Code   RO         1296    .ARM.Collect$$libinit$$00000017  c_w.l(libinit2.o)
    0x080001c8   0x00000000   Code   RO         1298    .ARM.Collect$$libinit$$00000019  c_w.l(libinit2.o)
    0x080001c8   0x00000000   Code   RO         1300    .ARM.Collect$$libinit$$0000001B  c_w.l(libinit2.o)
    0x080001c8   0x00000000   Code   RO         1302    .ARM.Collect$$libinit$$0000001D  c_w.l(libinit2.o)
    0x080001c8   0x00000000   Code   RO         1304    .ARM.Collect$$libinit$$0000001F  c_w.l(libinit2.o)
    0x080001c8   0x00000000   Code   RO         1306    .ARM.Collect$$libinit$$00000021  c_w.l(libinit2.o)
    0x080001c8   0x00000000   Code   RO         1308    .ARM.Collect$$libinit$$00000023  c_w.l(libinit2.o)
    0x080001c8   0x00000000   Code   RO         1310    .ARM.Collect$$libinit$$00000025  c_w.l(libinit2.o)
    0x080001c8   0x00000000   Code   RO         1314    .ARM.Collect$$libinit$$0000002C  c_w.l(libinit2.o)
    0x080001c8   0x00000000   Code   RO         1316    .ARM.Collect$$libinit$$0000002E  c_w.l(libinit2.o)
    0x080001c8   0x00000000   Code   RO         1318    .ARM.Collect$$libinit$$00000030  c_w.l(libinit2.o)
    0x080001c8   0x00000000   Code   RO         1320    .ARM.Collect$$libinit$$00000032  c_w.l(libinit2.o)
    0x080001c8   0x00000002   Code   RO         1321    .ARM.Collect$$libinit$$00000033  c_w.l(libinit2.o)
    0x080001ca   0x00000002   Code   RO         1349    .ARM.Collect$$libshutdown$$00000000  c_w.l(libshutdown.o)
    0x080001cc   0x00000000   Code   RO         1358    .ARM.Collect$$libshutdown$$00000002  c_w.l(libshutdown2.o)
    0x080001cc   0x00000000   Code   RO         1360    .ARM.Collect$$libshutdown$$00000004  c_w.l(libshutdown2.o)
    0x080001cc   0x00000000   Code   RO         1363    .ARM.Collect$$libshutdown$$00000007  c_w.l(libshutdown2.o)
    0x080001cc   0x00000000   Code   RO         1366    .ARM.Collect$$libshutdown$$0000000A  c_w.l(libshutdown2.o)
    0x080001cc   0x00000000   Code   RO         1368    .ARM.Collect$$libshutdown$$0000000C  c_w.l(libshutdown2.o)
    0x080001cc   0x00000000   Code   RO         1371    .ARM.Collect$$libshutdown$$0000000F  c_w.l(libshutdown2.o)
    0x080001cc   0x00000002   Code   RO         1372    .ARM.Collect$$libshutdown$$00000010  c_w.l(libshutdown2.o)
    0x080001ce   0x00000000   Code   RO         1175    .ARM.Collect$$rtentry$$00000000  c_w.l(__rtentry.o)
    0x080001ce   0x00000000   Code   RO         1201    .ARM.Collect$$rtentry$$00000002  c_w.l(__rtentry2.o)
    0x080001ce   0x00000006   Code   RO         1213    .ARM.Collect$$rtentry$$00000004  c_w.l(__rtentry4.o)
    0x080001d4   0x00000000   Code   RO         1203    .ARM.Collect$$rtentry$$00000009  c_w.l(__rtentry2.o)
    0x080001d4   0x00000004   Code   RO         1204    .ARM.Collect$$rtentry$$0000000A  c_w.l(__rtentry2.o)
    0x080001d8   0x00000000   Code   RO         1206    .ARM.Collect$$rtentry$$0000000C  c_w.l(__rtentry2.o)
    0x080001d8   0x00000008   Code   RO         1207    .ARM.Collect$$rtentry$$0000000D  c_w.l(__rtentry2.o)
    0x080001e0   0x00000002   Code   RO         1322    .ARM.Collect$$rtexit$$00000000  c_w.l(rtexit.o)
    0x080001e2   0x00000000   Code   RO         1329    .ARM.Collect$$rtexit$$00000002  c_w.l(rtexit2.o)
    0x080001e2   0x00000004   Code   RO         1330    .ARM.Collect$$rtexit$$00000003  c_w.l(rtexit2.o)
    0x080001e6   0x00000006   Code   RO         1331    .ARM.Collect$$rtexit$$00000004  c_w.l(rtexit2.o)
    0x080001ec   0x0000013c   Code   RO            1    .text               main.o
    0x08000328   0x0000001a   Code   RO          209    .text               stm32f10x_it.o
    0x08000342   0x00000002   PAD
    0x08000344   0x000001e0   Code   RO          254    .text               system_stm32f10x.o
    0x08000524   0x00000208   Code   RO          272    .text               task_manage.o
    0x0800072c   0x00000038   Code   RO          294    .text               led.o
    0x08000764   0x00000230   Code   RO          306    .text               key.o
    0x08000994   0x00000184   Code   RO          324    .text               exti.o
    0x08000b18   0x000000a8   Code   RO          336    .text               wdg.o
    0x08000bc0   0x00000364   Code   RO          351    .text               timer.o
    0x08000f24   0x0000096e   Code   RO          384    .text               lcd.o
    0x08001892   0x00000002   PAD
    0x08001894   0x00000238   Code   RO          420    .text               adf4002.o
    0x08001acc   0x000000fc   Code   RO          435    .text               adc.o
    0x08001bc8   0x000000bc   Code   RO          447    .text               dac.o
    0x08001c84   0x000000ac   Code   RO          459    .text               delay.o
    0x08001d30   0x0000002a   Code   RO          473    .text               sys.o
    0x08001d5a   0x00000002   PAD
    0x08001d5c   0x00000140   Code   RO          485    .text               usart.o
    0x08001e9c   0x00000040   Code   RO          522    .text               startup_stm32f10x_md.o
    0x08001edc   0x000000dc   Code   RO          526    .text               misc.o
    0x08001fb8   0x0000044e   Code   RO          538    .text               stm32f10x_adc.o
    0x08002406   0x00000002   PAD
    0x08002408   0x0000018c   Code   RO          598    .text               stm32f10x_dac.o
    0x08002594   0x0000011c   Code   RO          634    .text               stm32f10x_exti.o
    0x080026b0   0x0000035c   Code   RO          670    .text               stm32f10x_gpio.o
    0x08002a0c   0x00000040   Code   RO          694    .text               stm32f10x_iwdg.o
    0x08002a4c   0x000003a4   Code   RO          718    .text               stm32f10x_rcc.o
    0x08002df0   0x00000e1a   Code   RO          768    .text               stm32f10x_tim.o
    0x08003c0a   0x00000002   PAD
    0x08003c0c   0x00000408   Code   RO          780    .text               stm32f10x_usart.o
    0x08004014   0x00000088   Code   RO          792    .text               stm32f10x_wwdg.o
    0x0800409c   0x0000082c   Code   RO          804    .text               queue.o
    0x080048c8   0x000000e0   Code   RO          822    .text               kalman.o
    0x080049a8   0x000001cc   Code   RO          837    .text               hw_config.o
    0x08004b74   0x000000c8   Code   RO          881    .text               usb_endp.o
    0x08004c3c   0x000001d0   Code   RO          899    .text               usb_istr.o
    0x08004e0c   0x00000014   Code   RO          917    .text               usb_it.o
    0x08004e20   0x0000023c   Code   RO          929    .text               usb_prop.o
    0x0800505c   0x00000240   Code   RO          952    .text               usb_pwr.o
    0x0800529c   0x00000b50   Code   RO          971    .text               usb_core.o
    0x08005dec   0x0000003c   Code   RO          986    .text               usb_init.o
    0x08005e28   0x0000033c   Code   RO         1009    .text               usb_int.o
    0x08006164   0x0000005c   Code   RO         1033    .text               usb_mem.o
    0x080061c0   0x00000808   Code   RO         1045    .text               usb_regs.o
    0x080069c8   0x00000080   Code   RO         1057    .text               usb_sil.o
    0x08006a48   0x00000002   Code   RO         1071    .text               c_w.l(use_no_semi_2.o)
    0x08006a4a   0x00000002   PAD
    0x08006a4c   0x00000018   Code   RO         1077    .text               c_w.l(noretval__2printf.o)
    0x08006a64   0x00000028   Code   RO         1079    .text               c_w.l(noretval__2sprintf.o)
    0x08006a8c   0x0000004e   Code   RO         1083    .text               c_w.l(_printf_pad.o)
    0x08006ada   0x00000052   Code   RO         1085    .text               c_w.l(_printf_str.o)
    0x08006b2c   0x00000078   Code   RO         1087    .text               c_w.l(_printf_dec.o)
    0x08006ba4   0x0000010e   Code   RO         1097    .text               c_w.l(__printf_wp.o)
    0x08006cb2   0x0000008a   Code   RO         1113    .text               c_w.l(rt_memcpy_v6.o)
    0x08006d3c   0x00000006   Code   RO         1115    .text               c_w.l(heapauxi.o)
    0x08006d42   0x00000002   Code   RO         1173    .text               c_w.l(use_no_semi.o)
    0x08006d44   0x000000b2   Code   RO         1176    .text               c_w.l(_printf_intcommon.o)
    0x08006df6   0x0000041a   Code   RO         1178    .text               c_w.l(_printf_fp_dec.o)
    0x08007210   0x00000030   Code   RO         1180    .text               c_w.l(_printf_char_common.o)
    0x08007240   0x0000000a   Code   RO         1182    .text               c_w.l(_sputc.o)
    0x0800724a   0x0000002c   Code   RO         1184    .text               c_w.l(_printf_char.o)
    0x08007276   0x00000002   PAD
    0x08007278   0x00000024   Code   RO         1186    .text               c_w.l(_printf_char_file.o)
    0x0800729c   0x00000064   Code   RO         1189    .text               c_w.l(rt_memcpy_w.o)
    0x08007300   0x00000008   Code   RO         1218    .text               c_w.l(rt_locale_intlibspace.o)
    0x08007308   0x0000008a   Code   RO         1220    .text               c_w.l(lludiv10.o)
    0x08007392   0x00000002   PAD
    0x08007394   0x00000080   Code   RO         1222    .text               c_w.l(_printf_fp_infnan.o)
    0x08007414   0x000000dc   Code   RO         1226    .text               c_w.l(bigflt0.o)
    0x080074f0   0x00000008   Code   RO         1251    .text               c_w.l(ferror.o)
    0x080074f8   0x00000008   Code   RO         1262    .text               c_w.l(libspace.o)
    0x08007500   0x0000004a   Code   RO         1265    .text               c_w.l(sys_stackheap_outer.o)
    0x0800754a   0x00000012   Code   RO         1267    .text               c_w.l(exit.o)
    0x0800755c   0x00000080   Code   RO         1269    .text               c_w.l(strcmpv7m.o)
    0x080075dc   0x0000003e   Code   RO         1229    CL$$btod_d2e        c_w.l(btod.o)
    0x0800761a   0x00000046   Code   RO         1231    CL$$btod_d2e_denorm_low  c_w.l(btod.o)
    0x08007660   0x00000060   Code   RO         1230    CL$$btod_d2e_norm_op1  c_w.l(btod.o)
    0x080076c0   0x00000338   Code   RO         1239    CL$$btod_div_common  c_w.l(btod.o)
    0x080079f8   0x000000c6   Code   RO         1236    CL$$btod_e2e        c_w.l(btod.o)
    0x08007abe   0x00000028   Code   RO         1233    CL$$btod_ediv       c_w.l(btod.o)
    0x08007ae6   0x00000028   Code   RO         1232    CL$$btod_emul       c_w.l(btod.o)
    0x08007b0e   0x00000244   Code   RO         1238    CL$$btod_mult_common  c_w.l(btod.o)
    0x08007d52   0x00000028   Code   RO         1260    i.__ARM_fpclassify  m_ws.l(fpclassify.o)
    0x08007d7a   0x0000000e   Code   RO         1099    i._is_digit         c_w.l(__printf_wp.o)
    0x08007d88   0x00000084   Code   RO          404    i.draw_circle_8     lcd.o
    0x08007e0c   0x0000001a   Code   RO          398    i.swap_int          lcd.o
    0x08007e26   0x00000002   PAD
    0x08007e28   0x0000002c   Code   RO         1256    locale$$code        c_w.l(lc_numeric_c.o)
    0x08007e54   0x00000062   Code   RO         1119    x$fpl$d2f           fz_ws.l(d2f.o)
    0x08007eb6   0x00000002   PAD
    0x08007eb8   0x00000150   Code   RO         1121    x$fpl$dadd          fz_ws.l(daddsub_clz.o)
    0x08008008   0x000002b0   Code   RO         1128    x$fpl$ddiv          fz_ws.l(ddiv.o)
    0x080082b8   0x0000005a   Code   RO         1131    x$fpl$dfixu         fz_ws.l(dfixu.o)
    0x08008312   0x00000026   Code   RO         1135    x$fpl$dfltu         fz_ws.l(dflt_clz.o)
    0x08008338   0x00000154   Code   RO         1141    x$fpl$dmul          fz_ws.l(dmul.o)
    0x0800848c   0x0000009c   Code   RO         1191    x$fpl$dnaninf       fz_ws.l(dnaninf.o)
    0x08008528   0x0000000c   Code   RO         1193    x$fpl$dretinf       fz_ws.l(dretinf.o)
    0x08008534   0x000001d4   Code   RO         1123    x$fpl$dsub          fz_ws.l(daddsub_clz.o)
    0x08008708   0x00000056   Code   RO         1143    x$fpl$f2d           fz_ws.l(f2d.o)
    0x0800875e   0x00000002   PAD
    0x08008760   0x000000c4   Code   RO         1145    x$fpl$fadd          fz_ws.l(faddsub_clz.o)
    0x08008824   0x00000184   Code   RO         1152    x$fpl$fdiv          fz_ws.l(fdiv.o)
    0x080089a8   0x00000036   Code   RO         1155    x$fpl$ffix          fz_ws.l(ffix.o)
    0x080089de   0x00000002   PAD
    0x080089e0   0x0000003e   Code   RO         1159    x$fpl$ffixu         fz_ws.l(ffixu.o)
    0x08008a1e   0x00000002   PAD
    0x08008a20   0x00000030   Code   RO         1164    x$fpl$fflt          fz_ws.l(fflt_clz.o)
    0x08008a50   0x00000026   Code   RO         1163    x$fpl$ffltu         fz_ws.l(fflt_clz.o)
    0x08008a76   0x00000002   PAD
    0x08008a78   0x00000102   Code   RO         1169    x$fpl$fmul          fz_ws.l(fmul.o)
    0x08008b7a   0x0000008c   Code   RO         1195    x$fpl$fnaninf       fz_ws.l(fnaninf.o)
    0x08008c06   0x0000000a   Code   RO         1197    x$fpl$fretinf       fz_ws.l(fretinf.o)
    0x08008c10   0x000000ea   Code   RO         1147    x$fpl$fsub          fz_ws.l(faddsub_clz.o)
    0x08008cfa   0x00000004   Code   RO         1171    x$fpl$printf1       fz_ws.l(printf1.o)
    0x08008cfe   0x00000000   Code   RO         1199    x$fpl$usenofp       fz_ws.l(usenofp.o)
    0x08008cfe   0x00000a64   Data   RO          386    .constdata          lcd.o
    0x08009762   0x00000097   Data   RO          868    .constdata          usb_desc.o
    0x080097f9   0x00000003   PAD
    0x080097fc   0x00000094   Data   RO         1227    .constdata          c_w.l(bigflt0.o)
    0x08009890   0x00000020   Data   RO         1397    Region$$Table       anon$$obj.o
    0x080098b0   0x0000001c   Data   RO         1255    locale$$data        c_w.l(lc_numeric_c.o)


    Execution Region RW_IRAM1 (Base: 0x20000000, Size: 0x000020d8, Max: 0x00005000, ABSOLUTE, COMPRESSED[0x000008a8])

    Base Addr    Size         Type   Attr      Idx    E Section Name        Object

    0x20000000   0x00000014   Data   RW          255    .data               system_stm32f10x.o
    0x20000014   0x00000008   Data   RW          273    .data               task_manage.o
    0x2000001c   0x00000028   Data   RW          307    .data               key.o
    0x20000044   0x00000068   Data   RW          352    .data               timer.o
    0x200000ac   0x0000090c   Data   RW          387    .data               lcd.o
    0x200009b8   0x00000014   Data   RW          421    .data               adf4002.o
    0x200009cc   0x00000004   Data   RW          460    .data               delay.o
    0x200009d0   0x00000005   Data   RW          487    .data               usart.o
    0x200009d5   0x00000014   Data   RW          719    .data               stm32f10x_rcc.o
    0x200009e9   0x00000003   PAD
    0x200009ec   0x00000020   Data   RW          823    .data               kalman.o
    0x20000a0c   0x0000000c   Data   RW          839    .data               hw_config.o
    0x20000a18   0x00000026   Data   RW          869    .data               usb_desc.o
    0x20000a3e   0x00000002   PAD
    0x20000a40   0x00000008   Data   RW          883    .data               usb_endp.o
    0x20000a48   0x00000044   Data   RW          900    .data               usb_istr.o
    0x20000a8c   0x00000094   Data   RW          930    .data               usb_prop.o
    0x20000b20   0x0000000c   Data   RW          954    .data               usb_pwr.o
    0x20000b2c   0x00000003   Data   RW          972    .data               usb_core.o
    0x20000b2f   0x00000001   PAD
    0x20000b30   0x00000014   Data   RW          988    .data               usb_init.o
    0x20000b44   0x00000004   Data   RW         1010    .data               usb_int.o
    0x20000b48   0x00000400   Zero   RW          385    .bss                lcd.o
    0x20000f48   0x00000040   Zero   RW          486    .bss                usart.o
    0x20000f88   0x00000a30   Zero   RW          838    .bss                hw_config.o
    0x200019b8   0x00000080   Zero   RW          882    .bss                usb_endp.o
    0x20001a38   0x00000020   Zero   RW          953    .bss                usb_pwr.o
    0x20001a58   0x0000001c   Zero   RW          987    .bss                usb_init.o
    0x20001a74   0x00000060   Zero   RW         1263    .bss                c_w.l(libspace.o)
    0x20001ad4   0x00000004   PAD
    0x20001ad8   0x00000200   Zero   RW          520    HEAP                startup_stm32f10x_md.o
    0x20001cd8   0x00000400   Zero   RW          519    STACK               startup_stm32f10x_md.o


==============================================================================

Image component sizes


      Code (inc. data)   RO Data    RW Data    ZI Data      Debug   Object Name

       252          8          0          0          0       1107   adc.o
       568         36          0         20          0       2249   adf4002.o
         0          0          0          0          0         32   core_cm3.o
       188         14          0          0          0        773   dac.o
       172          8          0          4          0       1047   delay.o
       388         20          0          0          0        967   exti.o
       460         40          0         12       2608       5493   hw_config.o
       224         32          0         32          0        975   kalman.o
       560         46          0         40          0       2001   key.o
      2572         50       2660       2316       1024      11756   lcd.o
        56          6          0          0          0        467   led.o
       316         78          0          0          0     279183   main.o
       220         22          0          0          0       1765   misc.o
      2092         64          0          0          0      10361   queue.o
        64         26        236          0       1536        784   startup_stm32f10x_md.o
      1102         26          0          0          0      11009   stm32f10x_adc.o
       396          6          0          0          0       3626   stm32f10x_dac.o
       284         10          0          0          0       2223   stm32f10x_exti.o
       860         38          0          0          0       5697   stm32f10x_gpio.o
        26          0          0          0          0       1162   stm32f10x_it.o
        64          6          0          0          0       1261   stm32f10x_iwdg.o
       932         36          0         20          0       8860   stm32f10x_rcc.o
      3610         88          0          0          0      22808   stm32f10x_tim.o
      1032         22          0          0          0       8424   stm32f10x_usart.o
       136         10          0          0          0       2260   stm32f10x_wwdg.o
        42          0          0          0          0        481   sys.o
       480         38          0         20          0       1683   system_stm32f10x.o
       520         94          0          8          0       2860   task_manage.o
       868        114          0        104          0       2564   timer.o
       320         16          0          5         64       3138   usart.o
      2896        114          0          3          0       8015   usb_core.o
         0          0        151         38          0       1051   usb_desc.o
       200         22          0          8        128       1580   usb_endp.o
        60         24          0         20         28       3962   usb_init.o
       828         34          0          4          0       1815   usb_int.o
       464         38          0         68          0       1587   usb_istr.o
        20          0          0          0          0        606   usb_it.o
        92          6          0          0          0       1330   usb_mem.o
       572         42          0        148          0       7303   usb_prop.o
       576         40          0         12         32       2891   usb_pwr.o
      2056         20          0          0          0      11913   usb_regs.o
       128          8          0          0          0       1394   usb_sil.o
       168          6          0          0          0       1384   wdg.o

    ----------------------------------------------------------------------
     26876       1308       3082       2888       5420     441847   Object Totals
         0          0         32          0          0          0   (incl. Generated)
        12          0          3          6          0          0   (incl. Padding)

    ----------------------------------------------------------------------

      Code (inc. data)   RO Data    RW Data    ZI Data      Debug   Library Member Name

        90          0          0          0          0          0   __dczerorl2.o
         8          0          0          0          0         68   __main.o
       284          0          0          0          0        156   __printf_wp.o
         0          0          0          0          0          0   __rtentry.o
        12          0          0          0          0          0   __rtentry2.o
         6          0          0          0          0          0   __rtentry4.o
        52          8          0          0          0          0   __scatter.o
        28          0          0          0          0          0   __scatter_zi.o
        44          0          0          0          0        108   _printf_char.o
        48          6          0          0          0         96   _printf_char_common.o
        36          4          0          0          0         80   _printf_char_file.o
         6          0          0          0          0          0   _printf_d.o
       120         16          0          0          0         92   _printf_dec.o
         6          0          0          0          0          0   _printf_f.o
      1050          0          0          0          0        216   _printf_fp_dec.o
       128         16          0          0          0         84   _printf_fp_infnan.o
       178          0          0          0          0         88   _printf_intcommon.o
        78          0          0          0          0        108   _printf_pad.o
         0          0          0          0          0          0   _printf_percent.o
         4          0          0          0          0          0   _printf_percent_end.o
         6          0          0          0          0          0   _printf_s.o
        82          0          0          0          0         80   _printf_str.o
        10          0          0          0          0         68   _sputc.o
       220          4        148          0          0         96   bigflt0.o
      1910        128          0          0          0        672   btod.o
        18          0          0          0          0         80   exit.o
         8          0          0          0          0         68   ferror.o
         6          0          0          0          0        152   heapauxi.o
        44         10         28          0          0         76   lc_numeric_c.o
         2          0          0          0          0          0   libinit.o
        18          0          0          0          0          0   libinit2.o
         2          0          0          0          0          0   libshutdown.o
         2          0          0          0          0          0   libshutdown2.o
         8          4          0          0         96         68   libspace.o
       138          0          0          0          0         80   lludiv10.o
        24          4          0          0          0         84   noretval__2printf.o
        40          6          0          0          0         84   noretval__2sprintf.o
         8          4          0          0          0         68   rt_locale_intlibspace.o
       138          0          0          0          0         68   rt_memcpy_v6.o
       100          0          0          0          0         80   rt_memcpy_w.o
         2          0          0          0          0          0   rtexit.o
        10          0          0          0          0          0   rtexit2.o
       128          0          0          0          0         68   strcmpv7m.o
        74          0          0          0          0         80   sys_stackheap_outer.o
         2          0          0          0          0         68   use_no_semi.o
         2          0          0          0          0         68   use_no_semi_2.o
        98          4          0          0          0         92   d2f.o
       804         16          0          0          0        272   daddsub_clz.o
       688        140          0          0          0        208   ddiv.o
        90          4          0          0          0         92   dfixu.o
        38          0          0          0          0         68   dflt_clz.o
       340         12          0          0          0        104   dmul.o
       156          4          0          0          0         92   dnaninf.o
        12          0          0          0          0         68   dretinf.o
        86          4          0          0          0         84   f2d.o
       430          8          0          0          0        168   faddsub_clz.o
       388         76          0          0          0         96   fdiv.o
        54          4          0          0          0         84   ffix.o
        62          4          0          0          0         84   ffixu.o
        86          0          0          0          0        136   fflt_clz.o
       258          4          0          0          0         84   fmul.o
       140          4          0          0          0         84   fnaninf.o
        10          0          0          0          0         68   fretinf.o
         4          0          0          0          0         68   printf1.o
         0          0          0          0          0          0   usenofp.o
        40          0          0          0          0         68   fpclassify.o

    ----------------------------------------------------------------------
      8982        494        176          0        100       5224   Library Totals
        18          0          0          0          4          0   (incl. Padding)

    ----------------------------------------------------------------------

      Code (inc. data)   RO Data    RW Data    ZI Data      Debug   Library Name

      5180        210        176          0         96       3204   c_w.l
      3744        284          0          0          0       1952   fz_ws.l
        40          0          0          0          0         68   m_ws.l

    ----------------------------------------------------------------------
      8982        494        176          0        100       5224   Library Totals

    ----------------------------------------------------------------------

==============================================================================


      Code (inc. data)   RO Data    RW Data    ZI Data      Debug   

     35858       1802       3258       2888       5520     440463   Grand Totals
     35858       1802       3258       2216       5520     440463   ELF Image Totals (compressed)
     35858       1802       3258       2216          0          0   ROM Totals

==============================================================================

    Total RO  Size (Code + RO Data)                39116 (  38.20kB)
    Total RW  Size (RW Data + ZI Data)              8408 (   8.21kB)
    Total ROM Size (Code + RO Data + RW Data)      41332 (  40.36kB)

==============================================================================

