Component: ARM Compiler 5.06 update 2 (build 183) Tool: armlink [4d35b7]

==============================================================================

Section Cross References

    main.o(.text) refers to _printf_pad.o(.text) for _printf_pre_padding
    main.o(.text) refers to _printf_percent.o(.ARM.Collect$$_printf_percent$$00000000) for _printf_percent
    main.o(.text) refers to _printf_d.o(.ARM.Collect$$_printf_percent$$00000009) for _printf_d
    main.o(.text) refers to _printf_dec.o(.text) for _printf_int_dec
    main.o(.text) refers to system_stm32f10x.o(.text) for SystemInit
    main.o(.text) refers to delay.o(.text) for delay_init
    main.o(.text) refers to sys.o(.text) for NVIC_Configuration
    main.o(.text) refers to usart.o(.text) for uart_init
    main.o(.text) refers to key.o(.text) for key_init
    main.o(.text) refers to lcd.o(.text) for initial_lcd
    main.o(.text) refers to adf4002.o(.text) for InitPll
    main.o(.text) refers to adc.o(.text) for AdcInnerInit
    main.o(.text) refers to timer.o(.text) for Timer2_Init
    main.o(.text) refers to dac.o(.text) for Dac1_Init
    main.o(.text) refers to led.o(.text) for LED_Init
    main.o(.text) refers to task_manage.o(.text) for USBRelinkConfig
    main.o(.text) refers to hw_config.o(.text) for USB_TxWrite
    main.o(.text) refers to noretval__2sprintf.o(.text) for __2sprintf
    main.o(.text) refers to key.o(.data) for Keycode
    main.o(.text) refers to task_manage.o(.data) for _return
    main.o(.text) refers to timer.o(.data) for ADCValueInner
    system_stm32f10x.o(.text) refers to system_stm32f10x.o(.data) for SystemCoreClock
    task_manage.o(.text) refers to _printf_percent.o(.ARM.Collect$$_printf_percent$$00000000) for _printf_percent
    task_manage.o(.text) refers to _printf_d.o(.ARM.Collect$$_printf_percent$$00000009) for _printf_d
    task_manage.o(.text) refers to _printf_dec.o(.text) for _printf_int_dec
    task_manage.o(.text) refers to stm32f10x_rcc.o(.text) for RCC_APB2PeriphClockCmd
    task_manage.o(.text) refers to delay.o(.text) for delay_ms
    task_manage.o(.text) refers to hw_config.o(.text) for USB_Config
    task_manage.o(.text) refers to noretval__2sprintf.o(.text) for __2sprintf
    task_manage.o(.text) refers to lcd.o(.text) for OLED_ShowString
    task_manage.o(.text) refers to task_manage.o(.data) for Time_Get
    task_manage.o(.text) refers to key.o(.data) for SysTimer
    task_manage.o(.text) refers to timer.o(.data) for PInner
    led.o(.text) refers to stm32f10x_rcc.o(.text) for RCC_APB2PeriphClockCmd
    led.o(.text) refers to stm32f10x_gpio.o(.text) for GPIO_Init
    key.o(.text) refers to stm32f10x_rcc.o(.text) for RCC_APB2PeriphClockCmd
    key.o(.text) refers to stm32f10x_gpio.o(.text) for GPIO_Init
    key.o(.text) refers to stm32f10x_tim.o(.text) for TIM_DeInit
    key.o(.text) refers to misc.o(.text) for NVIC_Init
    key.o(.text) refers to key.o(.data) for KEY_Cont
    exti.o(.text) refers to stm32f10x_gpio.o(.text) for GPIO_PinRemapConfig
    exti.o(.text) refers to stm32f10x_rcc.o(.text) for RCC_APB2PeriphClockCmd
    exti.o(.text) refers to stm32f10x_exti.o(.text) for EXTI_Init
    exti.o(.text) refers to misc.o(.text) for NVIC_Init
    exti.o(.text) refers to delay.o(.text) for delay_ms
    wdg.o(.text) refers to stm32f10x_iwdg.o(.text) for IWDG_WriteAccessCmd
    wdg.o(.text) refers to misc.o(.text) for NVIC_Init
    wdg.o(.text) refers to stm32f10x_rcc.o(.text) for RCC_APB1PeriphClockCmd
    wdg.o(.text) refers to stm32f10x_wwdg.o(.text) for WWDG_SetPrescaler
    timer.o(.text) refers to stm32f10x_rcc.o(.text) for RCC_APB1PeriphClockCmd
    timer.o(.text) refers to stm32f10x_tim.o(.text) for TIM_TimeBaseInit
    timer.o(.text) refers to misc.o(.text) for NVIC_Init
    timer.o(.text) refers to stm32f10x_gpio.o(.text) for GPIO_ReadInputDataBit
    timer.o(.text) refers to adc.o(.text) for Get_Adc
    timer.o(.text) refers to kalman.o(.text) for KalmanFilter
    timer.o(.text) refers to dac.o(.text) for Dac1_Set_Vol
    timer.o(.text) refers to timer.o(.data) for ADCValueInner
    stmflash.o(.text) refers to stm32f10x_flash.o(.text) for FLASH_ProgramHalfWord
    stmflash.o(.text) refers to stmflash.o(.bss) for STMFLASH_BUF
    lcd.o(.text) refers to stm32f10x_rcc.o(.text) for RCC_APB2PeriphClockCmd
    lcd.o(.text) refers to stm32f10x_gpio.o(.text) for GPIO_Init
    lcd.o(.text) refers to delay.o(.text) for delay_ms
    lcd.o(.text) refers to lcd.o(.bss) for LCD_GRAM
    lcd.o(.text) refers to lcd.o(.data) for time
    lcd.o(.text) refers to lcd.o(.constdata) for asc2_1206
    lcd.o(.text) refers to lcd.o(i.swap_int) for swap_int
    lcd.o(.text) refers to lcd.o(i.draw_circle_8) for draw_circle_8
    adf4002.o(.text) refers to stm32f10x_rcc.o(.text) for RCC_APB2PeriphClockCmd
    adf4002.o(.text) refers to stm32f10x_gpio.o(.text) for GPIO_Init
    adf4002.o(.text) refers to dflt_clz.o(x$fpl$dfltu) for __aeabi_ui2d
    adf4002.o(.text) refers to ddiv.o(x$fpl$ddiv) for __aeabi_ddiv
[...]
    __rt_lib_init_clock_1                    0x080001b3   Thumb Code     0  libinit2.o(.ARM.Collect$$libinit$$00000021)
    __rt_lib_init_cpp_1                      0x080001b3   Thumb Code     0  libinit2.o(.ARM.Collect$$libinit$$00000032)
    __rt_lib_init_exceptions_1               0x080001b3   Thumb Code     0  libinit2.o(.ARM.Collect$$libinit$$00000030)
    __rt_lib_init_fp_1                       0x080001b3   Thumb Code     0  libinit2.o(.ARM.Collect$$libinit$$00000002)
    __rt_lib_init_fp_trap_1                  0x080001b3   Thumb Code     0  libinit2.o(.ARM.Collect$$libinit$$0000001F)
    __rt_lib_init_getenv_1                   0x080001b3   Thumb Code     0  libinit2.o(.ARM.Collect$$libinit$$00000023)
    __rt_lib_init_heap_1                     0x080001b3   Thumb Code     0  libinit2.o(.ARM.Collect$$libinit$$0000000A)
    __rt_lib_init_lc_collate_1               0x080001b3   Thumb Code     0  libinit2.o(.ARM.Collect$$libinit$$00000011)
    __rt_lib_init_lc_ctype_1                 0x080001b3   Thumb Code     0  libinit2.o(.ARM.Collect$$libinit$$00000013)
    __rt_lib_init_lc_monetary_1              0x080001b3   Thumb Code     0  libinit2.o(.ARM.Collect$$libinit$$00000015)
    __rt_lib_init_lc_numeric_1               0x080001b3   Thumb Code     0  libinit2.o(.ARM.Collect$$libinit$$00000017)
    __rt_lib_init_lc_time_1                  0x080001b3   Thumb Code     0  libinit2.o(.ARM.Collect$$libinit$$00000019)
    __rt_lib_init_preinit_1                  0x080001b3   Thumb Code     0  libinit2.o(.ARM.Collect$$libinit$$00000004)
    __rt_lib_init_rand_1                     0x080001b3   Thumb Code     0  libinit2.o(.ARM.Collect$$libinit$$0000000E)
    __rt_lib_init_return                     0x080001b3   Thumb Code     0  libinit2.o(.ARM.Collect$$libinit$$00000033)
    __rt_lib_init_signal_1                   0x080001b3   Thumb Code     0  libinit2.o(.ARM.Collect$$libinit$$0000001D)
    __rt_lib_init_stdio_1                    0x080001b3   Thumb Code     0  libinit2.o(.ARM.Collect$$libinit$$00000025)
    __rt_lib_init_user_alloc_1               0x080001b3   Thumb Code     0  libinit2.o(.ARM.Collect$$libinit$$0000000C)
    __rt_lib_shutdown                        0x080001b5   Thumb Code     0  libshutdown.o(.ARM.Collect$$libshutdown$$00000000)
    __rt_lib_shutdown_cpp_1                  0x080001b7   Thumb Code     0  libshutdown2.o(.ARM.Collect$$libshutdown$$00000002)
    __rt_lib_shutdown_fp_trap_1              0x080001b7   Thumb Code     0  libshutdown2.o(.ARM.Collect$$libshutdown$$00000007)
    __rt_lib_shutdown_heap_1                 0x080001b7   Thumb Code     0  libshutdown2.o(.ARM.Collect$$libshutdown$$0000000F)
    __rt_lib_shutdown_return                 0x080001b7   Thumb Code     0  libshutdown2.o(.ARM.Collect$$libshutdown$$00000010)
    __rt_lib_shutdown_signal_1               0x080001b7   Thumb Code     0  libshutdown2.o(.ARM.Collect$$libshutdown$$0000000A)
    __rt_lib_shutdown_stdio_1                0x080001b7   Thumb Code     0  libshutdown2.o(.ARM.Collect$$libshutdown$$00000004)
    __rt_lib_shutdown_user_alloc_1           0x080001b7   Thumb Code     0  libshutdown2.o(.ARM.Collect$$libshutdown$$0000000C)
    __rt_entry                               0x080001b9   Thumb Code     0  __rtentry.o(.ARM.Collect$$rtentry$$00000000)
    __rt_entry_presh_1                       0x080001b9   Thumb Code     0  __rtentry2.o(.ARM.Collect$$rtentry$$00000002)
    __rt_entry_sh                            0x080001b9   Thumb Code     0  __rtentry4.o(.ARM.Collect$$rtentry$$00000004)
    __rt_entry_li                            0x080001bf   Thumb Code     0  __rtentry2.o(.ARM.Collect$$rtentry$$0000000A)
    __rt_entry_postsh_1                      0x080001bf   Thumb Code     0  __rtentry2.o(.ARM.Collect$$rtentry$$00000009)
    __rt_entry_main                          0x080001c3   Thumb Code     0  __rtentry2.o(.ARM.Collect$$rtentry$$0000000D)
    __rt_entry_postli_1                      0x080001c3   Thumb Code     0  __rtentry2.o(.ARM.Collect$$rtentry$$0000000C)
    __rt_exit                                0x080001cb   Thumb Code     0  rtexit.o(.ARM.Collect$$rtexit$$00000000)
    __rt_exit_ls                             0x080001cd   Thumb Code     0  rtexit2.o(.ARM.Collect$$rtexit$$00000003)
    __rt_exit_prels_1                        0x080001cd   Thumb Code     0  rtexit2.o(.ARM.Collect$$rtexit$$00000002)
    __rt_exit_exit                           0x080001d1   Thumb Code     0  rtexit2.o(.ARM.Collect$$rtexit$$00000004)
    main                                     0x080001d9   Thumb Code   164  main.o(.text)
    NMI_Handler                              0x080002b5   Thumb Code     2  stm32f10x_it.o(.text)
    HardFault_Handler                        0x080002b7   Thumb Code     4  stm32f10x_it.o(.text)
    MemManage_Handler                        0x080002bb   Thumb Code     4  stm32f10x_it.o(.text)
    BusFault_Handler                         0x080002bf   Thumb Code     4  stm32f10x_it.o(.text)
    UsageFault_Handler                       0x080002c3   Thumb Code     4  stm32f10x_it.o(.text)
    SVC_Handler                              0x080002c7   Thumb Code     2  stm32f10x_it.o(.text)
    DebugMon_Handler                         0x080002c9   Thumb Code     2  stm32f10x_it.o(.text)
    PendSV_Handler                           0x080002cb   Thumb Code     2  stm32f10x_it.o(.text)
    SysTick_Handler                          0x080002cd   Thumb Code     2  stm32f10x_it.o(.text)
    SystemInit                               0x080003af   Thumb Code    78  system_stm32f10x.o(.text)
    SystemCoreClockUpdate                    0x080003fd   Thumb Code   142  system_stm32f10x.o(.text)
    USB_Port_Set                             0x080004b1   Thumb Code    74  task_manage.o(.text)
    USBRelinkConfig                          0x080004fb   Thumb Code    34  task_manage.o(.text)
    Task_Delay                               0x0800051d   Thumb Code    52  task_manage.o(.text)
    Copybuf2dis                              0x08000551   Thumb Code    82  task_manage.o(.text)
    Set_PointFre                             0x080005a3   Thumb Code   188  task_manage.o(.text)
    LED_Init                                 0x080006a9   Thumb Code    50  led.o(.text)
    key_init                                 0x080006e1   Thumb Code   134  key.o(.text)
    Change_GPIOCode                          0x08000767   Thumb Code    16  key.o(.text)
    KeyRead                                  0x08000777   Thumb Code   266  key.o(.text)
    KEY_EXIT                                 0x08000881   Thumb Code    18  key.o(.text)
    TIM3_IRQHandler                          0x08000893   Thumb Code    80  key.o(.text)
    EXTIX_Init                               0x08000911   Thumb Code   230  exti.o(.text)
    EXTI0_IRQHandler                         0x080009f7   Thumb Code    58  exti.o(.text)
    EXTI15_10_IRQHandler                     0x08000a31   Thumb Code    80  exti.o(.text)
    IWDG_Init                                0x08000a95   Thumb Code    36  wdg.o(.text)
    IWDG_Feed                                0x08000ab9   Thumb Code     8  wdg.o(.text)
    WWDG_NVIC_Init                           0x08000ac1   Thumb Code    28  wdg.o(.text)
    WWDG_Init                                0x08000add   Thumb Code    48  wdg.o(.text)
    WWDG_Set_Counter                         0x08000b0d   Thumb Code    12  wdg.o(.text)
    WWDG_IRQHandler                          0x08000b19   Thumb Code    30  wdg.o(.text)
    Timer2_Init                              0x08000b3d   Thumb Code    94  timer.o(.text)
    Timer4_Init                              0x08000b9b   Thumb Code    94  timer.o(.text)
    TIM2_IRQHandler                          0x08000bf9   Thumb Code   222  timer.o(.text)
    TIM4_IRQHandler                          0x08000cd7   Thumb Code   228  timer.o(.text)
    LCD_GPIO_Init                            0x08000e15   Thumb Code    72  lcd.o(.text)
    transfer_command                         0x08000e5d   Thumb Code    68  lcd.o(.text)
    transfer_data                            0x08000ea1   Thumb Code    70  lcd.o(.text)
    initial_lcd                              0x08000ee7   Thumb Code   144  lcd.o(.text)
    lcd_address                              0x08000f77   Thumb Code    44  lcd.o(.text)
    LCD_Refresh_Gram                         0x08000fa3   Thumb Code    60  lcd.o(.text)
    LCD_Clear                                0x08000fdf   Thumb Code    54  lcd.o(.text)
    LCD_draw_Point                           0x08001015   Thumb Code   104  lcd.o(.text)
    LCD_Fill                                 0x0800107d   Thumb Code    54  lcd.o(.text)
    LCD_draw_Square                          0x080010b3   Thumb Code    76  lcd.o(.text)
    LCD_Move_DrawPoint                       0x080010ff   Thumb Code   100  lcd.o(.text)
    Set_Point                                0x08001163   Thumb Code   146  lcd.o(.text)
    LCD_ShowChar                             0x080011f5   Thumb Code   198  lcd.o(.text)
    LCD_Show_chineseChar                     0x080012bb   Thumb Code   130  lcd.o(.text)
    WriteA_Chinese                           0x0800133d   Thumb Code   106  lcd.o(.text)
    LCD_ShowString                           0x080013a7   Thumb Code    68  lcd.o(.text)
    LCD_ShowString_12                        0x080013eb   Thumb Code    68  lcd.o(.text)
    LCD_ShowAllString                        0x0800142f   Thumb Code    84  lcd.o(.text)
    Write_Chinese_String                     0x08001483   Thumb Code   124  lcd.o(.text)
    LCD_Show_CEStr                           0x080014ff   Thumb Code    24  lcd.o(.text)
    LCD_Show_ModeCEStr                       0x08001517   Thumb Code    26  lcd.o(.text)
    OLED_ShowString                          0x08001531   Thumb Code    90  lcd.o(.text)
    LCD_DrawLine                             0x0800158b   Thumb Code   280  lcd.o(.text)
    LCD_DrawRectangle                        0x080016a3   Thumb Code    74  lcd.o(.text)
    LCD_Drawcircle                           0x080016ed   Thumb Code   150  lcd.o(.text)
    Delay                                    0x08001785   Thumb Code    22  adf4002.o(.text)
    DelayMs                                  0x0800179b   Thumb Code    36  adf4002.o(.text)
    SendDataPll                              0x080017bf   Thumb Code   110  adf4002.o(.text)
    InitPll                                  0x0800182d   Thumb Code    92  adf4002.o(.text)
    testADF4002                              0x08001889   Thumb Code    64  adf4002.o(.text)
    SetFrequency                             0x080018c9   Thumb Code   124  adf4002.o(.text)
    RDivideTest                              0x08001945   Thumb Code   104  adf4002.o(.text)
    AdcInnerInit                             0x080019d1   Thumb Code   152  adc.o(.text)
    Get_Adc                                  0x08001a69   Thumb Code    46  adc.o(.text)
    Get_Adc_Average                          0x08001a97   Thumb Code    46  adc.o(.text)
    Dac1_Init                                0x08001acd   Thumb Code    94  dac.o(.text)
    Dac1_Set_Vol                             0x08001b2b   Thumb Code    80  dac.o(.text)
    delay_init                               0x08001b89   Thumb Code    52  delay.o(.text)
    delay_ms                                 0x08001bbd   Thumb Code    56  delay.o(.text)
    delay_us                                 0x08001bf5   Thumb Code    56  delay.o(.text)
    NVIC_Configuration                       0x08001c35   Thumb Code    42  sys.o(.text)
    _sys_exit                                0x08001c61   Thumb Code     6  usart.o(.text)
    fputc                                    0x08001c67   Thumb Code    24  usart.o(.text)
    uart_init                                0x08001c7f   Thumb Code   152  usart.o(.text)
    USART1_IRQHandler                        0x08001d17   Thumb Code   122  usart.o(.text)
    Reset_Handler                            0x08001da1   Thumb Code     8  startup_stm32f10x_md.o(.text)
    ADC1_2_IRQHandler                        0x08001dbb   Thumb Code     0  startup_stm32f10x_md.o(.text)
    CAN1_RX1_IRQHandler                      0x08001dbb   Thumb Code     0  startup_stm32f10x_md.o(.text)
    CAN1_SCE_IRQHandler                      0x08001dbb   Thumb Code     0  startup_stm32f10x_md.o(.text)
    DMA1_Channel1_IRQHandler                 0x08001dbb   Thumb Code     0  startup_stm32f10x_md.o(.text)
    DMA1_Channel2_IRQHandler                 0x08001dbb   Thumb Code     0  startup_stm32f10x_md.o(.text)
    DMA1_Channel3_IRQHandler                 0x08001dbb   Thumb Code     0  startup_stm32f10x_md.o(.text)
    DMA1_Channel4_IRQHandler                 0x08001dbb   Thumb Code     0  startup_stm32f10x_md.o(.text)
    DMA1_Channel5_IRQHandler                 0x08001dbb   Thumb Code     0  startup_stm32f10x_md.o(.text)
    DMA1_Channel6_IRQHandler                 0x08001dbb   Thumb Code     0  startup_stm32f10x_md.o(.text)
    DMA1_Channel7_IRQHandler                 0x08001dbb   Thumb Code     0  startup_stm32f10x_md.o(.text)
    EXTI1_IRQHandler                         0x08001dbb   Thumb Code     0  startup_stm32f10x_md.o(.text)
    EXTI2_IRQHandler                         0x08001dbb   Thumb Code     0  startup_stm32f10x_md.o(.text)
    EXTI3_IRQHandler                         0x08001dbb   Thumb Code     0  startup_stm32f10x_md.o(.text)
    EXTI4_IRQHandler                         0x08001dbb   Thumb Code     0  startup_stm32f10x_md.o(.text)
    EXTI9_5_IRQHandler                       0x08001dbb   Thumb Code     0  startup_stm32f10x_md.o(.text)
    FLASH_IRQHandler                         0x08001dbb   Thumb Code     0  startup_stm32f10x_md.o(.text)
    I2C1_ER_IRQHandler                       0x08001dbb   Thumb Code     0  startup_stm32f10x_md.o(.text)
    I2C1_EV_IRQHandler                       0x08001dbb   Thumb Code     0  startup_stm32f10x_md.o(.text)
    I2C2_ER_IRQHandler                       0x08001dbb   Thumb Code     0  startup_stm32f10x_md.o(.text)
    I2C2_EV_IRQHandler                       0x08001dbb   Thumb Code     0  startup_stm32f10x_md.o(.text)
    PVD_IRQHandler                           0x08001dbb   Thumb Code     0  startup_stm32f10x_md.o(.text)
    RCC_IRQHandler                           0x08001dbb   Thumb Code     0  startup_stm32f10x_md.o(.text)
    RTCAlarm_IRQHandler                      0x08001dbb   Thumb Code     0  startup_stm32f10x_md.o(.text)
    RTC_IRQHandler                           0x08001dbb   Thumb Code     0  startup_stm32f10x_md.o(.text)
    SPI1_IRQHandler                          0x08001dbb   Thumb Code     0  startup_stm32f10x_md.o(.text)
    SPI2_IRQHandler                          0x08001dbb   Thumb Code     0  startup_stm32f10x_md.o(.text)
    TAMPER_IRQHandler                        0x08001dbb   Thumb Code     0  startup_stm32f10x_md.o(.text)
    TIM1_BRK_IRQHandler                      0x08001dbb   Thumb Code     0  startup_stm32f10x_md.o(.text)
    TIM1_CC_IRQHandler                       0x08001dbb   Thumb Code     0  startup_stm32f10x_md.o(.text)
    TIM1_TRG_COM_IRQHandler                  0x08001dbb   Thumb Code     0  startup_stm32f10x_md.o(.text)
    TIM1_UP_IRQHandler                       0x08001dbb   Thumb Code     0  startup_stm32f10x_md.o(.text)
    USART2_IRQHandler                        0x08001dbb   Thumb Code     0  startup_stm32f10x_md.o(.text)
    USART3_IRQHandler                        0x08001dbb   Thumb Code     0  startup_stm32f10x_md.o(.text)
    USB_HP_CAN1_TX_IRQHandler                0x08001dbb   Thumb Code     0  startup_stm32f10x_md.o(.text)
    __user_initial_stackheap                 0x08001dbd   Thumb Code     0  startup_stm32f10x_md.o(.text)
    NVIC_PriorityGroupConfig                 0x08001de1   Thumb Code    10  misc.o(.text)
    NVIC_Init                                0x08001deb   Thumb Code   100  misc.o(.text)
    NVIC_SetVectorTable                      0x08001e4f   Thumb Code    14  misc.o(.text)
    NVIC_SystemLPConfig                      0x08001e5d   Thumb Code    34  misc.o(.text)
    SysTick_CLKSourceConfig                  0x08001e7f   Thumb Code    40  misc.o(.text)
    ADC_DeInit                               0x08001ebd   Thumb Code    78  stm32f10x_adc.o(.text)
    ADC_Init                                 0x08001f0b   Thumb Code    70  stm32f10x_adc.o(.text)
    ADC_StructInit                           0x08001f51   Thumb Code    18  stm32f10x_adc.o(.text)
    ADC_Cmd                                  0x08001f63   Thumb Code    22  stm32f10x_adc.o(.text)
    ADC_DMACmd                               0x08001f79   Thumb Code    22  stm32f10x_adc.o(.text)
    ADC_ITConfig                             0x08001f8f   Thumb Code    24  stm32f10x_adc.o(.text)
    ADC_ResetCalibration                     0x08001fa7   Thumb Code    10  stm32f10x_adc.o(.text)
    ADC_GetResetCalibrationStatus            0x08001fb1   Thumb Code    20  stm32f10x_adc.o(.text)
    ADC_StartCalibration                     0x08001fc5   Thumb Code    10  stm32f10x_adc.o(.text)
    ADC_GetCalibrationStatus                 0x08001fcf   Thumb Code    20  stm32f10x_adc.o(.text)
    ADC_SoftwareStartConvCmd                 0x08001fe3   Thumb Code    22  stm32f10x_adc.o(.text)
    ADC_GetSoftwareStartConvStatus           0x08001ff9   Thumb Code    20  stm32f10x_adc.o(.text)
    ADC_DiscModeChannelCountConfig           0x0800200d   Thumb Code    24  stm32f10x_adc.o(.text)
    ADC_DiscModeCmd                          0x08002025   Thumb Code    22  stm32f10x_adc.o(.text)
    ADC_RegularChannelConfig                 0x0800203b   Thumb Code   184  stm32f10x_adc.o(.text)
    ADC_ExternalTrigConvCmd                  0x080020f3   Thumb Code    22  stm32f10x_adc.o(.text)
    ADC_GetConversionValue                   0x08002109   Thumb Code     8  stm32f10x_adc.o(.text)
    ADC_GetDualModeConversionValue           0x08002111   Thumb Code     8  stm32f10x_adc.o(.text)
    ADC_AutoInjectedConvCmd                  0x08002119   Thumb Code    22  stm32f10x_adc.o(.text)
    ADC_InjectedDiscModeCmd                  0x0800212f   Thumb Code    22  stm32f10x_adc.o(.text)
    ADC_ExternalTrigInjectedConvConfig       0x08002145   Thumb Code    16  stm32f10x_adc.o(.text)
    ADC_ExternalTrigInjectedConvCmd          0x08002155   Thumb Code    22  stm32f10x_adc.o(.text)
    ADC_SoftwareStartInjectedConvCmd         0x0800216b   Thumb Code    22  stm32f10x_adc.o(.text)
    ADC_GetSoftwareStartInjectedConvCmdStatus 0x08002181   Thumb Code    20  stm32f10x_adc.o(.text)
    ADC_InjectedChannelConfig                0x08002195   Thumb Code   130  stm32f10x_adc.o(.text)
    ADC_InjectedSequencerLengthConfig        0x08002217   Thumb Code    24  stm32f10x_adc.o(.text)
    ADC_SetInjectedOffset                    0x0800222f   Thumb Code    20  stm32f10x_adc.o(.text)
    ADC_GetInjectedConversionValue           0x08002243   Thumb Code    28  stm32f10x_adc.o(.text)
    ADC_AnalogWatchdogCmd                    0x0800225f   Thumb Code    16  stm32f10x_adc.o(.text)
    ADC_AnalogWatchdogThresholdsConfig       0x0800226f   Thumb Code     6  stm32f10x_adc.o(.text)
    ADC_AnalogWatchdogSingleChannelConfig    0x08002275   Thumb Code    16  stm32f10x_adc.o(.text)
    ADC_TempSensorVrefintCmd                 0x08002285   Thumb Code    64  stm32f10x_adc.o(.text)
    ADC_GetFlagStatus                        0x080022c5   Thumb Code    18  stm32f10x_adc.o(.text)
    ADC_ClearFlag                            0x080022d7   Thumb Code     6  stm32f10x_adc.o(.text)
    ADC_GetITStatus                          0x080022dd   Thumb Code    36  stm32f10x_adc.o(.text)
    ADC_ClearITPendingBit                    0x08002301   Thumb Code    10  stm32f10x_adc.o(.text)
    DAC_DeInit                               0x0800230d   Thumb Code    22  stm32f10x_dac.o(.text)
    DAC_Init                                 0x08002323   Thumb Code    46  stm32f10x_dac.o(.text)
    DAC_StructInit                           0x08002351   Thumb Code    12  stm32f10x_dac.o(.text)
    DAC_Cmd                                  0x0800235d   Thumb Code    34  stm32f10x_dac.o(.text)
    DAC_DMACmd                               0x0800237f   Thumb Code    38  stm32f10x_dac.o(.text)
    DAC_SoftwareTriggerCmd                   0x080023a5   Thumb Code    48  stm32f10x_dac.o(.text)
    DAC_DualSoftwareTriggerCmd               0x080023d5   Thumb Code    38  stm32f10x_dac.o(.text)
    DAC_WaveGenerationCmd                    0x080023fb   Thumb Code    36  stm32f10x_dac.o(.text)
    DAC_SetChannel1Data                      0x0800241f   Thumb Code    26  stm32f10x_dac.o(.text)
    DAC_SetChannel2Data                      0x08002439   Thumb Code    26  stm32f10x_dac.o(.text)
    DAC_SetDualChannelData                   0x08002453   Thumb Code    32  stm32f10x_dac.o(.text)
    DAC_GetDataOutputValue                   0x08002473   Thumb Code    32  stm32f10x_dac.o(.text)
    EXTI_DeInit                              0x08002499   Thumb Code    28  stm32f10x_exti.o(.text)
    EXTI_Init                                0x080024b5   Thumb Code   142  stm32f10x_exti.o(.text)
    EXTI_StructInit                          0x08002543   Thumb Code    16  stm32f10x_exti.o(.text)
    EXTI_GenerateSWInterrupt                 0x08002553   Thumb Code    16  stm32f10x_exti.o(.text)
    EXTI_GetFlagStatus                       0x08002563   Thumb Code    22  stm32f10x_exti.o(.text)
    EXTI_ClearFlag                           0x08002579   Thumb Code     8  stm32f10x_exti.o(.text)
    EXTI_GetITStatus                         0x08002581   Thumb Code    34  stm32f10x_exti.o(.text)
    EXTI_ClearITPendingBit                   0x080025a3   Thumb Code     8  stm32f10x_exti.o(.text)
    GPIO_DeInit                              0x080025b5   Thumb Code   172  stm32f10x_gpio.o(.text)
    GPIO_AFIODeInit                          0x08002661   Thumb Code    20  stm32f10x_gpio.o(.text)
    GPIO_Init                                0x08002675   Thumb Code   278  stm32f10x_gpio.o(.text)
    GPIO_StructInit                          0x0800278b   Thumb Code    16  stm32f10x_gpio.o(.text)
    GPIO_ReadInputDataBit                    0x0800279b   Thumb Code    18  stm32f10x_gpio.o(.text)
    GPIO_ReadInputData                       0x080027ad   Thumb Code     8  stm32f10x_gpio.o(.text)
    GPIO_ReadOutputDataBit                   0x080027b5   Thumb Code    18  stm32f10x_gpio.o(.text)
    GPIO_ReadOutputData                      0x080027c7   Thumb Code     8  stm32f10x_gpio.o(.text)
    GPIO_SetBits                             0x080027cf   Thumb Code     4  stm32f10x_gpio.o(.text)
    GPIO_ResetBits                           0x080027d3   Thumb Code     4  stm32f10x_gpio.o(.text)
    GPIO_WriteBit                            0x080027d7   Thumb Code    10  stm32f10x_gpio.o(.text)
    GPIO_Write                               0x080027e1   Thumb Code     4  stm32f10x_gpio.o(.text)
    GPIO_PinLockConfig                       0x080027e5   Thumb Code    18  stm32f10x_gpio.o(.text)
    GPIO_EventOutputConfig                   0x080027f7   Thumb Code    26  stm32f10x_gpio.o(.text)
    GPIO_EventOutputCmd                      0x08002811   Thumb Code     6  stm32f10x_gpio.o(.text)
    GPIO_PinRemapConfig                      0x08002817   Thumb Code   138  stm32f10x_gpio.o(.text)
    GPIO_EXTILineConfig                      0x080028a1   Thumb Code    66  stm32f10x_gpio.o(.text)
    GPIO_ETH_MediaInterfaceConfig            0x080028e3   Thumb Code     8  stm32f10x_gpio.o(.text)
    IWDG_WriteAccessCmd                      0x08002911   Thumb Code     6  stm32f10x_iwdg.o(.text)
    IWDG_SetPrescaler                        0x08002917   Thumb Code     6  stm32f10x_iwdg.o(.text)
    IWDG_SetReload                           0x0800291d   Thumb Code     6  stm32f10x_iwdg.o(.text)
    IWDG_ReloadCounter                       0x08002923   Thumb Code    10  stm32f10x_iwdg.o(.text)
    IWDG_Enable                              0x0800292d   Thumb Code    10  stm32f10x_iwdg.o(.text)
    IWDG_GetFlagStatus                       0x08002937   Thumb Code    20  stm32f10x_iwdg.o(.text)
    RCC_DeInit                               0x08002951   Thumb Code    64  stm32f10x_rcc.o(.text)
    RCC_HSEConfig                            0x08002991   Thumb Code    70  stm32f10x_rcc.o(.text)
    RCC_GetFlagStatus                        0x080029d7   Thumb Code    56  stm32f10x_rcc.o(.text)
    RCC_WaitForHSEStartUp                    0x08002a0f   Thumb Code    56  stm32f10x_rcc.o(.text)
    RCC_AdjustHSICalibrationValue            0x08002a47   Thumb Code    20  stm32f10x_rcc.o(.text)
    RCC_HSICmd                               0x08002a5b   Thumb Code     6  stm32f10x_rcc.o(.text)
    RCC_PLLConfig                            0x08002a61   Thumb Code    24  stm32f10x_rcc.o(.text)
    RCC_PLLCmd                               0x08002a79   Thumb Code     6  stm32f10x_rcc.o(.text)
    RCC_SYSCLKConfig                         0x08002a7f   Thumb Code    18  stm32f10x_rcc.o(.text)
    RCC_GetSYSCLKSource                      0x08002a91   Thumb Code    10  stm32f10x_rcc.o(.text)
    RCC_HCLKConfig                           0x08002a9b   Thumb Code    18  stm32f10x_rcc.o(.text)
    RCC_PCLK1Config                          0x08002aad   Thumb Code    18  stm32f10x_rcc.o(.text)
    RCC_PCLK2Config                          0x08002abf   Thumb Code    20  stm32f10x_rcc.o(.text)
    RCC_ITConfig                             0x08002ad3   Thumb Code    26  stm32f10x_rcc.o(.text)
    RCC_USBCLKConfig                         0x08002aed   Thumb Code     8  stm32f10x_rcc.o(.text)
    RCC_ADCCLKConfig                         0x08002af5   Thumb Code    18  stm32f10x_rcc.o(.text)
    RCC_LSEConfig                            0x08002b07   Thumb Code    50  stm32f10x_rcc.o(.text)
    RCC_LSICmd                               0x08002b39   Thumb Code     6  stm32f10x_rcc.o(.text)
    RCC_RTCCLKConfig                         0x08002b3f   Thumb Code    12  stm32f10x_rcc.o(.text)
    RCC_RTCCLKCmd                            0x08002b4b   Thumb Code     8  stm32f10x_rcc.o(.text)
    RCC_GetClocksFreq                        0x08002b53   Thumb Code   192  stm32f10x_rcc.o(.text)
    RCC_AHBPeriphClockCmd                    0x08002c13   Thumb Code    26  stm32f10x_rcc.o(.text)
    RCC_APB2PeriphClockCmd                   0x08002c2d   Thumb Code    26  stm32f10x_rcc.o(.text)
    RCC_APB1PeriphClockCmd                   0x08002c47   Thumb Code    26  stm32f10x_rcc.o(.text)
    RCC_APB2PeriphResetCmd                   0x08002c61   Thumb Code    26  stm32f10x_rcc.o(.text)
    RCC_APB1PeriphResetCmd                   0x08002c7b   Thumb Code    26  stm32f10x_rcc.o(.text)
    RCC_BackupResetCmd                       0x08002c95   Thumb Code     8  stm32f10x_rcc.o(.text)
    RCC_ClockSecuritySystemCmd               0x08002c9d   Thumb Code     6  stm32f10x_rcc.o(.text)
    RCC_MCOConfig                            0x08002ca3   Thumb Code     6  stm32f10x_rcc.o(.text)
    RCC_ClearFlag                            0x08002ca9   Thumb Code    14  stm32f10x_rcc.o(.text)
    RCC_GetITStatus                          0x08002cb7   Thumb Code    20  stm32f10x_rcc.o(.text)
    RCC_ClearITPendingBit                    0x08002ccb   Thumb Code     6  stm32f10x_rcc.o(.text)
    TIM_DeInit                               0x08002cf5   Thumb Code   424  stm32f10x_tim.o(.text)
    TIM_TimeBaseInit                         0x08002e9d   Thumb Code   122  stm32f10x_tim.o(.text)
    TIM_OC1Init                              0x08002f17   Thumb Code   132  stm32f10x_tim.o(.text)
    TIM_OC2Init                              0x08002f9b   Thumb Code   154  stm32f10x_tim.o(.text)
    TIM_OC3Init                              0x08003035   Thumb Code   150  stm32f10x_tim.o(.text)
    TIM_OC4Init                              0x080030cb   Thumb Code   182  stm32f10x_tim.o(.text)
    TIM_SetIC4Prescaler                      0x08003181   Thumb Code    26  stm32f10x_tim.o(.text)
    TIM_SetIC3Prescaler                      0x0800321d   Thumb Code    18  stm32f10x_tim.o(.text)
    TIM_SetIC2Prescaler                      0x080032a9   Thumb Code    26  stm32f10x_tim.o(.text)
    TIM_SetIC1Prescaler                      0x08003345   Thumb Code    18  stm32f10x_tim.o(.text)
    TIM_ICInit                               0x080033c3   Thumb Code   150  stm32f10x_tim.o(.text)
    TIM_PWMIConfig                           0x08003459   Thumb Code   124  stm32f10x_tim.o(.text)
    TIM_BDTRConfig                           0x080034d5   Thumb Code    32  stm32f10x_tim.o(.text)
    TIM_TimeBaseStructInit                   0x080034f5   Thumb Code    18  stm32f10x_tim.o(.text)
    TIM_OCStructInit                         0x08003507   Thumb Code    20  stm32f10x_tim.o(.text)
    TIM_ICStructInit                         0x0800351b   Thumb Code    18  stm32f10x_tim.o(.text)
    TIM_BDTRStructInit                       0x0800352d   Thumb Code    40  stm32f10x_tim.o(.text)
    TIM_Cmd                                  0x08003555   Thumb Code    24  stm32f10x_tim.o(.text)
    TIM_CtrlPWMOutputs                       0x0800356d   Thumb Code    30  stm32f10x_tim.o(.text)
    TIM_ITConfig                             0x0800358b   Thumb Code    18  stm32f10x_tim.o(.text)
    TIM_GenerateEvent                        0x0800359d   Thumb Code     4  stm32f10x_tim.o(.text)
    TIM_DMAConfig                            0x080035a1   Thumb Code    10  stm32f10x_tim.o(.text)
    TIM_DMACmd                               0x080035ab   Thumb Code    18  stm32f10x_tim.o(.text)
    TIM_InternalClockConfig                  0x080035bd   Thumb Code    12  stm32f10x_tim.o(.text)
    TIM_SelectInputTrigger                   0x080035c9   Thumb Code    18  stm32f10x_tim.o(.text)
    TIM_ITRxExternalClockConfig              0x080035db   Thumb Code    24  stm32f10x_tim.o(.text)
    TIM_TIxExternalClockConfig               0x080035f3   Thumb Code    62  stm32f10x_tim.o(.text)
    TIM_ETRConfig                            0x08003631   Thumb Code    28  stm32f10x_tim.o(.text)
    TIM_ETRClockMode1Config                  0x0800364d   Thumb Code    54  stm32f10x_tim.o(.text)
    TIM_ETRClockMode2Config                  0x08003683   Thumb Code    32  stm32f10x_tim.o(.text)
    TIM_PrescalerConfig                      0x080036a3   Thumb Code     6  stm32f10x_tim.o(.text)
    TIM_CounterModeConfig                    0x080036a9   Thumb Code    18  stm32f10x_tim.o(.text)
    TIM_EncoderInterfaceConfig               0x080036bb   Thumb Code    66  stm32f10x_tim.o(.text)
    TIM_ForcedOC1Config                      0x080036fd   Thumb Code    18  stm32f10x_tim.o(.text)
    TIM_ForcedOC2Config                      0x0800370f   Thumb Code    26  stm32f10x_tim.o(.text)
    TIM_ForcedOC3Config                      0x08003729   Thumb Code    18  stm32f10x_tim.o(.text)
    TIM_ForcedOC4Config                      0x0800373b   Thumb Code    26  stm32f10x_tim.o(.text)
    TIM_ARRPreloadConfig                     0x08003755   Thumb Code    24  stm32f10x_tim.o(.text)
    TIM_SelectCOM                            0x0800376d   Thumb Code    24  stm32f10x_tim.o(.text)
    TIM_SelectCCDMA                          0x08003785   Thumb Code    24  stm32f10x_tim.o(.text)
    TIM_CCPreloadControl                     0x0800379d   Thumb Code    24  stm32f10x_tim.o(.text)
    TIM_OC1PreloadConfig                     0x080037b5   Thumb Code    18  stm32f10x_tim.o(.text)
    TIM_OC2PreloadConfig                     0x080037c7   Thumb Code    26  stm32f10x_tim.o(.text)
    TIM_OC3PreloadConfig                     0x080037e1   Thumb Code    18  stm32f10x_tim.o(.text)
    TIM_OC4PreloadConfig                     0x080037f3   Thumb Code    26  stm32f10x_tim.o(.text)
    TIM_OC1FastConfig                        0x0800380d   Thumb Code    18  stm32f10x_tim.o(.text)
    TIM_OC2FastConfig                        0x0800381f   Thumb Code    26  stm32f10x_tim.o(.text)
    TIM_OC3FastConfig                        0x08003839   Thumb Code    18  stm32f10x_tim.o(.text)
    TIM_OC4FastConfig                        0x0800384b   Thumb Code    26  stm32f10x_tim.o(.text)
    TIM_ClearOC1Ref                          0x08003865   Thumb Code    18  stm32f10x_tim.o(.text)
    TIM_ClearOC2Ref                          0x08003877   Thumb Code    24  stm32f10x_tim.o(.text)
    TIM_ClearOC3Ref                          0x0800388f   Thumb Code    18  stm32f10x_tim.o(.text)
    TIM_ClearOC4Ref                          0x080038a1   Thumb Code    24  stm32f10x_tim.o(.text)
    TIM_OC1PolarityConfig                    0x080038b9   Thumb Code    18  stm32f10x_tim.o(.text)
    TIM_OC1NPolarityConfig                   0x080038cb   Thumb Code    18  stm32f10x_tim.o(.text)
    TIM_OC2PolarityConfig                    0x080038dd   Thumb Code    26  stm32f10x_tim.o(.text)
    TIM_OC2NPolarityConfig                   0x080038f7   Thumb Code    26  stm32f10x_tim.o(.text)
    TIM_OC3PolarityConfig                    0x08003911   Thumb Code    26  stm32f10x_tim.o(.text)
    TIM_OC3NPolarityConfig                   0x0800392b   Thumb Code    26  stm32f10x_tim.o(.text)
    TIM_OC4PolarityConfig                    0x08003945   Thumb Code    26  stm32f10x_tim.o(.text)
    TIM_CCxCmd                               0x0800395f   Thumb Code    30  stm32f10x_tim.o(.text)
    TIM_CCxNCmd                              0x0800397d   Thumb Code    30  stm32f10x_tim.o(.text)
    TIM_SelectOCxM                           0x0800399b   Thumb Code    82  stm32f10x_tim.o(.text)
    TIM_UpdateDisableConfig                  0x080039ed   Thumb Code    24  stm32f10x_tim.o(.text)
    TIM_UpdateRequestConfig                  0x08003a05   Thumb Code    24  stm32f10x_tim.o(.text)
    TIM_SelectHallSensor                     0x08003a1d   Thumb Code    24  stm32f10x_tim.o(.text)
    TIM_SelectOnePulseMode                   0x08003a35   Thumb Code    18  stm32f10x_tim.o(.text)
    TIM_SelectOutputTrigger                  0x08003a47   Thumb Code    18  stm32f10x_tim.o(.text)
    TIM_SelectSlaveMode                      0x08003a59   Thumb Code    18  stm32f10x_tim.o(.text)
    TIM_SelectMasterSlaveMode                0x08003a6b   Thumb Code    18  stm32f10x_tim.o(.text)
    TIM_SetCounter                           0x08003a7d   Thumb Code     4  stm32f10x_tim.o(.text)
    TIM_SetAutoreload                        0x08003a81   Thumb Code     4  stm32f10x_tim.o(.text)
    TIM_SetCompare1                          0x08003a85   Thumb Code     4  stm32f10x_tim.o(.text)
    TIM_SetCompare2                          0x08003a89   Thumb Code     4  stm32f10x_tim.o(.text)
    TIM_SetCompare3                          0x08003a8d   Thumb Code     4  stm32f10x_tim.o(.text)
    TIM_SetCompare4                          0x08003a91   Thumb Code     6  stm32f10x_tim.o(.text)
    TIM_SetClockDivision                     0x08003a97   Thumb Code    18  stm32f10x_tim.o(.text)
    TIM_GetCapture1                          0x08003aa9   Thumb Code     6  stm32f10x_tim.o(.text)
    TIM_GetCapture2                          0x08003aaf   Thumb Code     6  stm32f10x_tim.o(.text)
    TIM_GetCapture3                          0x08003ab5   Thumb Code     6  stm32f10x_tim.o(.text)
    TIM_GetCapture4                          0x08003abb   Thumb Code     8  stm32f10x_tim.o(.text)
    TIM_GetCounter                           0x08003ac3   Thumb Code     6  stm32f10x_tim.o(.text)
    TIM_GetPrescaler                         0x08003ac9   Thumb Code     6  stm32f10x_tim.o(.text)
    TIM_GetFlagStatus                        0x08003acf   Thumb Code    18  stm32f10x_tim.o(.text)
    TIM_ClearFlag                            0x08003ae1   Thumb Code     6  stm32f10x_tim.o(.text)
    TIM_GetITStatus                          0x08003ae7   Thumb Code    34  stm32f10x_tim.o(.text)
    TIM_ClearITPendingBit                    0x08003b09   Thumb Code     6  stm32f10x_tim.o(.text)
    USART_DeInit                             0x08003b11   Thumb Code   134  stm32f10x_usart.o(.text)
    USART_Init                               0x08003b97   Thumb Code   210  stm32f10x_usart.o(.text)
    USART_StructInit                         0x08003c69   Thumb Code    24  stm32f10x_usart.o(.text)
    USART_ClockInit                          0x08003c81   Thumb Code    34  stm32f10x_usart.o(.text)
    USART_ClockStructInit                    0x08003ca3   Thumb Code    12  stm32f10x_usart.o(.text)
    USART_Cmd                                0x08003caf   Thumb Code    24  stm32f10x_usart.o(.text)
    USART_ITConfig                           0x08003cc7   Thumb Code    74  stm32f10x_usart.o(.text)
    USART_DMACmd                             0x08003d11   Thumb Code    18  stm32f10x_usart.o(.text)
    USART_SetAddress                         0x08003d23   Thumb Code    18  stm32f10x_usart.o(.text)
    USART_WakeUpConfig                       0x08003d35   Thumb Code    18  stm32f10x_usart.o(.text)
    USART_ReceiverWakeUpCmd                  0x08003d47   Thumb Code    24  stm32f10x_usart.o(.text)
    USART_LINBreakDetectLengthConfig         0x08003d5f   Thumb Code    18  stm32f10x_usart.o(.text)
    USART_LINCmd                             0x08003d71   Thumb Code    24  stm32f10x_usart.o(.text)
    USART_SendData                           0x08003d89   Thumb Code     8  stm32f10x_usart.o(.text)
    USART_ReceiveData                        0x08003d91   Thumb Code    10  stm32f10x_usart.o(.text)
    USART_SendBreak                          0x08003d9b   Thumb Code    10  stm32f10x_usart.o(.text)
    USART_SetGuardTime                       0x08003da5   Thumb Code    16  stm32f10x_usart.o(.text)
    USART_SetPrescaler                       0x08003db5   Thumb Code    16  stm32f10x_usart.o(.text)
    USART_SmartCardCmd                       0x08003dc5   Thumb Code    24  stm32f10x_usart.o(.text)
    USART_SmartCardNACKCmd                   0x08003ddd   Thumb Code    24  stm32f10x_usart.o(.text)
    USART_HalfDuplexCmd                      0x08003df5   Thumb Code    24  stm32f10x_usart.o(.text)
    USART_OverSampling8Cmd                   0x08003e0d   Thumb Code    22  stm32f10x_usart.o(.text)
    USART_OneBitMethodCmd                    0x08003e23   Thumb Code    24  stm32f10x_usart.o(.text)
    USART_IrDAConfig                         0x08003e3b   Thumb Code    18  stm32f10x_usart.o(.text)
    USART_IrDACmd                            0x08003e4d   Thumb Code    24  stm32f10x_usart.o(.text)
    USART_GetFlagStatus                      0x08003e65   Thumb Code    26  stm32f10x_usart.o(.text)
    USART_ClearFlag                          0x08003e7f   Thumb Code    18  stm32f10x_usart.o(.text)
    USART_GetITStatus                        0x08003e91   Thumb Code    84  stm32f10x_usart.o(.text)
    USART_ClearITPendingBit                  0x08003ee5   Thumb Code    52  stm32f10x_usart.o(.text)
    WWDG_DeInit                              0x08003f19   Thumb Code    22  stm32f10x_wwdg.o(.text)
    WWDG_SetPrescaler                        0x08003f2f   Thumb Code    18  stm32f10x_wwdg.o(.text)
    WWDG_SetWindowValue                      0x08003f41   Thumb Code    34  stm32f10x_wwdg.o(.text)
    WWDG_EnableIT                            0x08003f63   Thumb Code     8  stm32f10x_wwdg.o(.text)
    WWDG_SetCounter                          0x08003f6b   Thumb Code    12  stm32f10x_wwdg.o(.text)
    WWDG_Enable                              0x08003f77   Thumb Code    12  stm32f10x_wwdg.o(.text)
    WWDG_GetFlagStatus                       0x08003f83   Thumb Code    10  stm32f10x_wwdg.o(.text)
    WWDG_ClearFlag                           0x08003f8d   Thumb Code    10  stm32f10x_wwdg.o(.text)
    ASSERT_FAILED                            0x08003fa1   Thumb Code    26  queue.o(.text)
    QUEUE_PacketCreate                       0x08003fbb   Thumb Code    56  queue.o(.text)
    QUEUE_PacketIn                           0x08003ff3   Thumb Code   134  queue.o(.text)
    QUEUE_PacketOut                          0x08004079   Thumb Code   134  queue.o(.text)
    QUEUE_PacketLengthGet                    0x080040ff   Thumb Code    86  queue.o(.text)
    QUEUE_PacketStartEndDifferentCharSplit   0x08004155   Thumb Code   308  queue.o(.text)
    QUEUE_PacketStartEndCharSplit            0x08004289   Thumb Code   398  queue.o(.text)
    QUEUE_PacketCharSplit                    0x08004417   Thumb Code   246  queue.o(.text)
    QUEUE_PacketDoubleEndCharSplit           0x0800450d   Thumb Code   262  queue.o(.text)
    QUEUE_StructCreate                       0x08004613   Thumb Code    96  queue.o(.text)
    QUEUE_StructIn                           0x08004673   Thumb Code   140  queue.o(.text)
    QUEUE_StructOut                          0x080046ff   Thumb Code   130  queue.o(.text)
    QUEUE_StructCountGet                     0x08004781   Thumb Code    76  queue.o(.text)
    KalmanFilter                             0x080047cd   Thumb Code   192  kalman.o(.text)
    Set_System                               0x080048ad   Thumb Code    94  hw_config.o(.text)
    Set_USBClock                             0x0800490b   Thumb Code    18  hw_config.o(.text)
    Enter_LowPowerMode                       0x0800491d   Thumb Code     8  hw_config.o(.text)
    Leave_LowPowerMode                       0x08004925   Thumb Code    22  hw_config.o(.text)
    USB_Interrupts_Config                    0x0800493b   Thumb Code    52  hw_config.o(.text)
    USB_Cable_Config                         0x0800496f   Thumb Code    30  hw_config.o(.text)
    USB_Config                               0x0800498d   Thumb Code    20  hw_config.o(.text)
    USB_RxRead                               0x080049a1   Thumb Code    18  hw_config.o(.text)
    USB_RxWrite                              0x080049b3   Thumb Code    18  hw_config.o(.text)
    USB_TxRead                               0x080049c5   Thumb Code    18  hw_config.o(.text)
    USB_TxWrite                              0x080049d7   Thumb Code    18  hw_config.o(.text)
    Get_SerialNum                            0x08004a27   Thumb Code    42  hw_config.o(.text)
    EP1_IN_Callback                          0x08004a79   Thumb Code    66  usb_endp.o(.text)
    EP3_OUT_Callback                         0x08004abb   Thumb Code    28  usb_endp.o(.text)
    SOF_Callback                             0x08004ad7   Thumb Code    84  usb_endp.o(.text)
    USB_Istr                                 0x08004b41   Thumb Code   426  usb_istr.o(.text)
    USB_LP_CAN1_RX0_IRQHandler               0x08004d11   Thumb Code     8  usb_it.o(.text)
    USBWakeUp_IRQHandler                     0x08004d19   Thumb Code    12  usb_it.o(.text)
    Virtual_Com_Port_init                    0x08004d25   Thumb Code    30  usb_prop.o(.text)
    Virtual_Com_Port_Reset                   0x08004d43   Thumb Code   216  usb_prop.o(.text)
    Virtual_Com_Port_SetConfiguration        0x08004e1b   Thumb Code    14  usb_prop.o(.text)
    Virtual_Com_Port_SetDeviceAddress        0x08004e29   Thumb Code     8  usb_prop.o(.text)
    Virtual_Com_Port_Status_In               0x08004e31   Thumb Code    16  usb_prop.o(.text)
    Virtual_Com_Port_Status_Out              0x08004e41   Thumb Code     2  usb_prop.o(.text)
    Virtual_Com_Port_SetLineCoding           0x08004e43   Thumb Code    20  usb_prop.o(.text)
    Virtual_Com_Port_GetLineCoding           0x08004e57   Thumb Code    20  usb_prop.o(.text)
    Virtual_Com_Port_Data_Setup              0x08004e6b   Thumb Code    86  usb_prop.o(.text)
    Virtual_Com_Port_NoData_Setup            0x08004ec1   Thumb Code    36  usb_prop.o(.text)
    Virtual_Com_Port_GetDeviceDescriptor     0x08004ee5   Thumb Code    14  usb_prop.o(.text)
    Virtual_Com_Port_GetConfigDescriptor     0x08004ef3   Thumb Code    14  usb_prop.o(.text)
    Virtual_Com_Port_GetStringDescriptor     0x08004f01   Thumb Code    32  usb_prop.o(.text)
    Virtual_Com_Port_Get_Interface_Setting   0x08004f21   Thumb Code    22  usb_prop.o(.text)
    PowerOn                                  0x08004f61   Thumb Code    54  usb_pwr.o(.text)
    PowerOff                                 0x08004f97   Thumb Code    28  usb_pwr.o(.text)
    Suspend                                  0x08004fb3   Thumb Code   238  usb_pwr.o(.text)
    Resume_Init                              0x080050a1   Thumb Code    30  usb_pwr.o(.text)
    Resume                                   0x080050bf   Thumb Code   194  usb_pwr.o(.text)
    Standard_GetConfiguration                0x080051a1   Thumb Code    34  usb_core.o(.text)
    Standard_SetConfiguration                0x080051c3   Thumb Code    60  usb_core.o(.text)
    Standard_GetInterface                    0x080051ff   Thumb Code    34  usb_core.o(.text)
    Standard_SetInterface                    0x08005221   Thumb Code    96  usb_core.o(.text)
    Standard_GetStatus                       0x08005281   Thumb Code   238  usb_core.o(.text)
    Standard_ClearFeature                    0x0800536f   Thumb Code   342  usb_core.o(.text)
    Standard_SetEndPointFeature              0x080054c5   Thumb Code   220  usb_core.o(.text)
    Standard_SetDeviceFeature                0x080055a1   Thumb Code    30  usb_core.o(.text)
    Standard_GetDescriptorData               0x080055bf   Thumb Code    32  usb_core.o(.text)
    Post0_Process                            0x08005af3   Thumb Code    54  usb_core.o(.text)
    Setup0_Process                           0x08005b29   Thumb Code   170  usb_core.o(.text)
    SetDeviceAddress                         0x08005bd3   Thumb Code    70  usb_core.o(.text)
    In0_Process                              0x08005c19   Thumb Code    98  usb_core.o(.text)
    Out0_Process                             0x08005c7b   Thumb Code    70  usb_core.o(.text)
    NOP_Process                              0x08005cc1   Thumb Code     2  usb_core.o(.text)
    USB_Init                                 0x08005cf1   Thumb Code    36  usb_init.o(.text)
    CTR_LP                                   0x08005d2d   Thumb Code   616  usb_int.o(.text)
    CTR_HP                                   0x08005f95   Thumb Code   178  usb_int.o(.text)
    UserToPMABufferCopy                      0x08006069   Thumb Code    52  usb_mem.o(.text)
    PMAToUserBufferCopy                      0x0800609d   Thumb Code    34  usb_mem.o(.text)
    SetCNTR                                  0x080060c5   Thumb Code     6  usb_regs.o(.text)
    GetCNTR                                  0x080060cb   Thumb Code     8  usb_regs.o(.text)
    SetISTR                                  0x080060d3   Thumb Code     8  usb_regs.o(.text)
    GetISTR                                  0x080060db   Thumb Code    10  usb_regs.o(.text)
    GetFNR                                   0x080060e5   Thumb Code    10  usb_regs.o(.text)
    SetDADDR                                 0x080060ef   Thumb Code     8  usb_regs.o(.text)
    GetDADDR                                 0x080060f7   Thumb Code    10  usb_regs.o(.text)
    SetBTABLE                                0x08006101   Thumb Code    14  usb_regs.o(.text)
    GetBTABLE                                0x0800610f   Thumb Code    10  usb_regs.o(.text)
    SetENDPOINT                              0x08006119   Thumb Code    12  usb_regs.o(.text)
    GetENDPOINT                              0x08006125   Thumb Code    16  usb_regs.o(.text)
    SetEPType                                0x08006135   Thumb Code    32  usb_regs.o(.text)
    GetEPType                                0x08006155   Thumb Code    18  usb_regs.o(.text)
    SetEPTxStatus                            0x08006167   Thumb Code    60  usb_regs.o(.text)
    SetEPRxStatus                            0x080061a3   Thumb Code    60  usb_regs.o(.text)
    SetDouBleBuffEPStall                     0x080061df   Thumb Code    54  usb_regs.o(.text)
    GetEPTxStatus                            0x08006215   Thumb Code    18  usb_regs.o(.text)
    GetEPRxStatus                            0x08006227   Thumb Code    18  usb_regs.o(.text)
    SetEPTxValid                             0x08006239   Thumb Code    48  usb_regs.o(.text)
    SetEPRxValid                             0x08006269   Thumb Code    48  usb_regs.o(.text)
    SetEP_KIND                               0x08006299   Thumb Code    38  usb_regs.o(.text)
    ClearEP_KIND                             0x080062bf   Thumb Code    34  usb_regs.o(.text)
    Clear_Status_Out                         0x080062e1   Thumb Code    34  usb_regs.o(.text)
    Set_Status_Out                           0x08006303   Thumb Code    38  usb_regs.o(.text)
    SetEPDoubleBuff                          0x08006329   Thumb Code    38  usb_regs.o(.text)
    ClearEPDoubleBuff                        0x0800634f   Thumb Code    34  usb_regs.o(.text)
    GetTxStallStatus                         0x08006371   Thumb Code    28  usb_regs.o(.text)
    GetRxStallStatus                         0x0800638d   Thumb Code    30  usb_regs.o(.text)
    ClearEP_CTR_RX                           0x080063ab   Thumb Code    32  usb_regs.o(.text)
    ClearEP_CTR_TX                           0x080063cb   Thumb Code    28  usb_regs.o(.text)
    ToggleDTOG_RX                            0x080063e7   Thumb Code    34  usb_regs.o(.text)
    ToggleDTOG_TX                            0x08006409   Thumb Code    34  usb_regs.o(.text)
    ClearDTOG_RX                             0x0800642b   Thumb Code    48  usb_regs.o(.text)
    ClearDTOG_TX                             0x0800645b   Thumb Code    48  usb_regs.o(.text)
    SetEPAddress                             0x0800648b   Thumb Code    46  usb_regs.o(.text)
    GetEPAddress                             0x080064b9   Thumb Code    18  usb_regs.o(.text)
    SetEPTxAddr                              0x080064cb   Thumb Code    24  usb_regs.o(.text)
    SetEPRxAddr                              0x080064e3   Thumb Code    26  usb_regs.o(.text)
    GetEPTxAddr                              0x080064fd   Thumb Code    22  usb_regs.o(.text)
    GetEPRxAddr                              0x08006513   Thumb Code    24  usb_regs.o(.text)
    SetEPTxCount                             0x0800652b   Thumb Code    20  usb_regs.o(.text)
    SetEPCountRxReg                          0x0800653f   Thumb Code    48  usb_regs.o(.text)
    SetEPRxCount                             0x0800656f   Thumb Code    68  usb_regs.o(.text)
    GetEPTxCount                             0x080065b3   Thumb Code    26  usb_regs.o(.text)
    GetEPRxCount                             0x080065cd   Thumb Code    26  usb_regs.o(.text)
    SetEPDblBuffAddr                         0x080065e7   Thumb Code    44  usb_regs.o(.text)
    SetEPDblBuf0Addr                         0x08006613   Thumb Code    24  usb_regs.o(.text)
    SetEPDblBuf1Addr                         0x0800662b   Thumb Code    26  usb_regs.o(.text)
    GetEPDblBuf0Addr                         0x08006645   Thumb Code    22  usb_regs.o(.text)
    GetEPDblBuf1Addr                         0x0800665b   Thumb Code    24  usb_regs.o(.text)
    SetEPDblBuffCount                        0x08006673   Thumb Code   186  usb_regs.o(.text)
    SetEPDblBuf0Count                        0x0800672d   Thumb Code    96  usb_regs.o(.text)
    SetEPDblBuf1Count                        0x0800678d   Thumb Code    96  usb_regs.o(.text)
    GetEPDblBuf0Count                        0x080067ed   Thumb Code    26  usb_regs.o(.text)
    GetEPDblBuf1Count                        0x08006807   Thumb Code    26  usb_regs.o(.text)
    GetEPDblBufDir                           0x08006821   Thumb Code    62  usb_regs.o(.text)
    FreeUserBuffer                           0x0800685f   Thumb Code    90  usb_regs.o(.text)
    ToWord                                   0x080068b9   Thumb Code     8  usb_regs.o(.text)
    ByteSwap                                 0x080068c1   Thumb Code    12  usb_regs.o(.text)
    USB_SIL_Init                             0x080068cd   Thumb Code    28  usb_sil.o(.text)
    USB_SIL_Write                            0x080068e9   Thumb Code    46  usb_sil.o(.text)
    USB_SIL_Read                             0x08006917   Thumb Code    46  usb_sil.o(.text)
    __use_no_semihosting                     0x0800694d   Thumb Code     2  use_no_semi_2.o(.text)
    __2printf                                0x08006951   Thumb Code    20  noretval__2printf.o(.text)
    __2sprintf                               0x08006969   Thumb Code    34  noretval__2sprintf.o(.text)
    _printf_pre_padding                      0x08006991   Thumb Code    44  _printf_pad.o(.text)
    _printf_post_padding                     0x080069bd   Thumb Code    34  _printf_pad.o(.text)
    _printf_str                              0x080069df   Thumb Code    82  _printf_str.o(.text)
    _printf_int_dec                          0x08006a31   Thumb Code   104  _printf_dec.o(.text)
    __printf                                 0x08006aa9   Thumb Code   270  __printf_wp.o(.text)
    __aeabi_memcpy                           0x08006bb7   Thumb Code     0  rt_memcpy_v6.o(.text)
    __rt_memcpy                              0x08006bb7   Thumb Code   138  rt_memcpy_v6.o(.text)
    _memcpy_lastbytes                        0x08006c1d   Thumb Code     0  rt_memcpy_v6.o(.text)
    __use_two_region_memory                  0x08006c41   Thumb Code     2  heapauxi.o(.text)
    __rt_heap_escrow$2region                 0x08006c43   Thumb Code     2  heapauxi.o(.text)
    __rt_heap_expand$2region                 0x08006c45   Thumb Code     2  heapauxi.o(.text)
    __I$use$semihosting                      0x08006c47   Thumb Code     0  use_no_semi.o(.text)
    __use_no_semihosting_swi                 0x08006c47   Thumb Code     2  use_no_semi.o(.text)
    _printf_int_common                       0x08006c49   Thumb Code   178  _printf_intcommon.o(.text)
    _printf_char_common                      0x08006d07   Thumb Code    32  _printf_char_common.o(.text)
    _sputc                                   0x08006d2d   Thumb Code    10  _sputc.o(.text)
    _printf_cs_common                        0x08006d37   Thumb Code    20  _printf_char.o(.text)
    _printf_char                             0x08006d4b   Thumb Code    16  _printf_char.o(.text)
    _printf_string                           0x08006d5b   Thumb Code     8  _printf_char.o(.text)
    _printf_char_file                        0x08006d65   Thumb Code    32  _printf_char_file.o(.text)
    __aeabi_memcpy4                          0x08006d89   Thumb Code     0  rt_memcpy_w.o(.text)
    __aeabi_memcpy8                          0x08006d89   Thumb Code     0  rt_memcpy_w.o(.text)
    __rt_memcpy_w                            0x08006d89   Thumb Code   100  rt_memcpy_w.o(.text)
    _memcpy_lastbytes_aligned                0x08006dd1   Thumb Code     0  rt_memcpy_w.o(.text)
    ferror                                   0x08006ded   Thumb Code     8  ferror.o(.text)
    __user_setup_stackheap                   0x08006df5   Thumb Code    74  sys_stackheap_outer.o(.text)
    exit                                     0x08006e3f   Thumb Code    18  exit.o(.text)
    __user_libspace                          0x08006e51   Thumb Code     8  libspace.o(.text)
    __user_perproc_libspace                  0x08006e51   Thumb Code     0  libspace.o(.text)
    __user_perthread_libspace                0x08006e51   Thumb Code     0  libspace.o(.text)
    _is_digit                                0x08006e59   Thumb Code    14  __printf_wp.o(i._is_digit)
    draw_circle_8                            0x08006e67   Thumb Code   132  lcd.o(i.draw_circle_8)
    swap_int                                 0x08006eeb   Thumb Code    26  lcd.o(i.swap_int)
    __aeabi_d2f                              0x08006f05   Thumb Code     0  d2f.o(x$fpl$d2f)
    _d2f                                     0x08006f05   Thumb Code    98  d2f.o(x$fpl$d2f)
    __aeabi_ddiv                             0x08006f69   Thumb Code     0  ddiv.o(x$fpl$ddiv)
    _ddiv                                    0x08006f69   Thumb Code   552  ddiv.o(x$fpl$ddiv)
    __aeabi_d2uiz                            0x08007219   Thumb Code     0  dfixu.o(x$fpl$dfixu)
    _dfixu                                   0x08007219   Thumb Code    90  dfixu.o(x$fpl$dfixu)
    __aeabi_ui2d                             0x08007273   Thumb Code     0  dflt_clz.o(x$fpl$dfltu)
    _dfltu                                   0x08007273   Thumb Code    38  dflt_clz.o(x$fpl$dfltu)
    __aeabi_dmul                             0x08007299   Thumb Code     0  dmul.o(x$fpl$dmul)
    _dmul                                    0x08007299   Thumb Code   332  dmul.o(x$fpl$dmul)
    __fpl_dnaninf                            0x080073ed   Thumb Code   156  dnaninf.o(x$fpl$dnaninf)
    __fpl_dretinf                            0x08007489   Thumb Code    12  dretinf.o(x$fpl$dretinf)
    __aeabi_f2d                              0x08007495   Thumb Code     0  f2d.o(x$fpl$f2d)
    _f2d                                     0x08007495   Thumb Code    86  f2d.o(x$fpl$f2d)
    __aeabi_fadd                             0x080074ed   Thumb Code     0  faddsub_clz.o(x$fpl$fadd)
    _fadd                                    0x080074ed   Thumb Code   196  faddsub_clz.o(x$fpl$fadd)
    __aeabi_fdiv                             0x080075b1   Thumb Code     0  fdiv.o(x$fpl$fdiv)
    _fdiv                                    0x080075b1   Thumb Code   384  fdiv.o(x$fpl$fdiv)
    __aeabi_f2iz                             0x08007735   Thumb Code     0  ffix.o(x$fpl$ffix)
    _ffix                                    0x08007735   Thumb Code    54  ffix.o(x$fpl$ffix)
    __aeabi_f2uiz                            0x0800776d   Thumb Code     0  ffixu.o(x$fpl$ffixu)
    _ffixu                                   0x0800776d   Thumb Code    62  ffixu.o(x$fpl$ffixu)
    __aeabi_i2f                              0x080077ad   Thumb Code     0  fflt_clz.o(x$fpl$fflt)
    _fflt                                    0x080077ad   Thumb Code    48  fflt_clz.o(x$fpl$fflt)
    __aeabi_ui2f                             0x080077dd   Thumb Code     0  fflt_clz.o(x$fpl$ffltu)
    _ffltu                                   0x080077dd   Thumb Code    38  fflt_clz.o(x$fpl$ffltu)
    __aeabi_fmul                             0x08007805   Thumb Code     0  fmul.o(x$fpl$fmul)
    _fmul                                    0x08007805   Thumb Code   258  fmul.o(x$fpl$fmul)
    __fpl_fnaninf                            0x08007907   Thumb Code   140  fnaninf.o(x$fpl$fnaninf)
    __fpl_fretinf                            0x08007993   Thumb Code    10  fretinf.o(x$fpl$fretinf)
    __aeabi_fsub                             0x0800799d   Thumb Code     0  faddsub_clz.o(x$fpl$fsub)
    _fsub                                    0x0800799d   Thumb Code   234  faddsub_clz.o(x$fpl$fsub)
    __I$use$fp                               0x08007a86   Number         0  usenofp.o(x$fpl$usenofp)
    asc2_1206                                0x08007a86   Data        1140  lcd.o(.constdata)
    asc2_1608                                0x08007efa   Data        1520  lcd.o(.constdata)
    Virtual_Com_Port_DeviceDescriptor        0x080084ea   Data          18  usb_desc.o(.constdata)
    Virtual_Com_Port_ConfigDescriptor        0x080084fc   Data          67  usb_desc.o(.constdata)
    Virtual_Com_Port_StringLangID            0x0800853f   Data           4  usb_desc.o(.constdata)
    Virtual_Com_Port_StringVendor            0x08008543   Data          24  usb_desc.o(.constdata)
    Virtual_Com_Port_StringProduct           0x0800855b   Data          38  usb_desc.o(.constdata)
    Region$$Table$$Base                      0x08008584   Number         0  anon$$obj.o(Region$$Table)
    Region$$Table$$Limit                     0x080085a4   Number         0  anon$$obj.o(Region$$Table)
    SystemCoreClock                          0x20000000   Data           4  system_stm32f10x.o(.data)
    AHBPrescTable                            0x20000004   Data          16  system_stm32f10x.o(.data)
    Firt_In                                  0x20000014   Data           1  task_manage.o(.data)
    Task_Index                               0x20000015   Data           1  task_manage.o(.data)
    _return                                  0x20000016   Data           1  task_manage.o(.data)
    KEY_Sys_Timer                            0x2000001c   Data           4  key.o(.data)
    Keycode                                  0x20000020   Data           4  key.o(.data)
    SystemTime                               0x20000024   Data           4  key.o(.data)
    KEY_Time                                 0x20000028   Data           4  key.o(.data)
    key_Trgtime                              0x2000002c   Data           4  key.o(.data)
    KEY_Trg                                  0x20000030   Data           4  key.o(.data)
    KEY_Cont                                 0x20000034   Data           4  key.o(.data)
    Trg_state                                0x20000038   Data           4  key.o(.data)
    sysbufer                                 0x2000003c   Data           2  key.o(.data)
    SysTimer                                 0x20000040   Data           4  key.o(.data)
    count                                    0x20000044   Data           4  timer.o(.data)
    ADCValueInner                            0x20000048   Data           4  timer.o(.data)
    SetPointInner                            0x2000004c   Data           4  timer.o(.data)
    ErrorInner                               0x20000050   Data           4  timer.o(.data)
    ErrorInnerSum                            0x20000054   Data           4  timer.o(.data)
    IntegerInnerUpLim                        0x20000058   Data           4  timer.o(.data)
    IntegerInnerDownLim                      0x2000005c   Data           4  timer.o(.data)
    OutputInner                              0x20000060   Data           4  timer.o(.data)
    PInner                                   0x20000064   Data           4  timer.o(.data)
    IntegrateInner                           0x20000068   Data           4  timer.o(.data)
    ADCValueOuter                            0x2000006c   Data           4  timer.o(.data)
    SetPointOuter                            0x20000070   Data           4  timer.o(.data)
    ErrorOuter                               0x20000074   Data           4  timer.o(.data)
    ErrorOuterSum                            0x20000078   Data           4  timer.o(.data)
    IntegerOuterUpLim                        0x2000007c   Data           4  timer.o(.data)
    IntegerOuterDownLim                      0x20000080   Data           4  timer.o(.data)
    OutputOuter                              0x20000084   Data           4  timer.o(.data)
    POuter                                   0x20000088   Data           4  timer.o(.data)
    IntegrateOuter                           0x2000008c   Data           4  timer.o(.data)
    GB_16                                    0x20000090   Data        2108  lcd.o(.data)
    num                                      0x200008cc   Data         204  lcd.o(.data)
    ReadData                                 0x2000099c   Data           4  adf4002.o(.data)
    Reg0x02                                  0x200009a0   Data           4  adf4002.o(.data)
    Reg0x03                                  0x200009a4   Data           4  adf4002.o(.data)
    Reg0x02_LEDON                            0x200009a8   Data           4  adf4002.o(.data)
    Reg0x02_LEDOFF                           0x200009ac   Data           4  adf4002.o(.data)
    __stdout                                 0x200009b4   Data           4  usart.o(.data)
    USART_RX_STA                             0x200009b8   Data           1  usart.o(.data)
    Q                                        0x200009d0   Data           4  kalman.o(.data)
    R                                        0x200009d4   Data           4  kalman.o(.data)
    EstiP                                    0x200009d8   Data           4  kalman.o(.data)
    PreP                                     0x200009dc   Data           4  kalman.o(.data)
    PreValue                                 0x200009e0   Data           4  kalman.o(.data)
    EstiValue                                0x200009e4   Data           4  kalman.o(.data)
    K                                        0x200009e8   Data           4  kalman.o(.data)
    First                                    0x200009ec   Data           4  kalman.o(.data)
    HSEStartUpStatus                         0x200009f0   Data           1  hw_config.o(.data)
    EXTI_InitStructure                       0x200009f4   Data           8  hw_config.o(.data)
    Virtual_Com_Port_StringSerial            0x200009fc   Data          38  usb_desc.o(.data)
    wIstr                                    0x20000a2c   Data           2  usb_istr.o(.data)
    bIntPackSOF                              0x20000a2e   Data           1  usb_istr.o(.data)
    esof_counter                             0x20000a30   Data           4  usb_istr.o(.data)
    wCNTR                                    0x20000a34   Data           4  usb_istr.o(.data)
    pEpInt_IN                                0x20000a38   Data          28  usb_istr.o(.data)
    pEpInt_OUT                               0x20000a54   Data          28  usb_istr.o(.data)
    Request                                  0x20000a70   Data           1  usb_prop.o(.data)
    linecoding                               0x20000a74   Data           8  usb_prop.o(.data)
    Device_Table                             0x20000a7c   Data           2  usb_prop.o(.data)
    Device_Property                          0x20000a80   Data          48  usb_prop.o(.data)
    User_Standard_Requests                   0x20000ab0   Data          36  usb_prop.o(.data)
    Device_Descriptor                        0x20000ad4   Data           8  usb_prop.o(.data)
    Config_Descriptor                        0x20000adc   Data           8  usb_prop.o(.data)
    String_Descriptor                        0x20000ae4   Data          32  usb_prop.o(.data)
    bDeviceState                             0x20000b04   Data           4  usb_pwr.o(.data)
    fSuspendEnabled                          0x20000b08   Data           1  usb_pwr.o(.data)
    ResumeS                                  0x20000b09   Data           2  usb_pwr.o(.data)
    remotewakeupon                           0x20000b0c   Data           4  usb_pwr.o(.data)
    StatusInfo                               0x20000b10   Data           2  usb_core.o(.data)
    Data_Mul_MaxPacketSize                   0x20000b12   Data           1  usb_core.o(.data)
    EPindex                                  0x20000b14   Data           1  usb_init.o(.data)
    pInformation                             0x20000b18   Data           4  usb_init.o(.data)
    pProperty                                0x20000b1c   Data           4  usb_init.o(.data)
    SaveState                                0x20000b20   Data           2  usb_init.o(.data)
    wInterrupt_Mask                          0x20000b22   Data           2  usb_init.o(.data)
    pUser_Standard_Requests                  0x20000b24   Data           4  usb_init.o(.data)
    SaveRState                               0x20000b28   Data           2  usb_int.o(.data)
    SaveTState                               0x20000b2a   Data           2  usb_int.o(.data)
    LCD_GRAM                                 0x20000b2c   Data        1024  lcd.o(.bss)
    USART_RX_BUF                             0x20000f2c   Data          64  usart.o(.bss)
    USART_InitStructure                      0x20000f6c   Data          16  hw_config.o(.bss)
    EP                                       0x20001a1c   Data          32  usb_pwr.o(.bss)
    Device_Info                              0x20001a3c   Data          28  usb_init.o(.bss)
    __libspace_start                         0x20001a58   Data          96  libspace.o(.bss)
    __temporary_stack_top$libspace           0x20001ab8   Data           0  libspace.o(.bss)



==============================================================================

Memory Map of the image

  Image Entry point : 0x080000ed

  Load Region LR_IROM1 (Base: 0x08000000, Size: 0x000090d0, Max: 0x00020000, ABSOLUTE, COMPRESSED[0x00008e40])

    Execution Region ER_IROM1 (Base: 0x08000000, Size: 0x000085a4, Max: 0x00020000, ABSOLUTE)

    Base Addr    Size         Type   Attr      Idx    E Section Name        Object

    0x08000000   0x000000ec   Data   RO          521    RESET               startup_stm32f10x_md.o
    0x080000ec   0x00000008   Code   RO         1116  * !!!main             c_w.l(__main.o)
    0x080000f4   0x00000034   Code   RO         1347    !!!scatter          c_w.l(__scatter.o)
    0x08000128   0x0000005a   Code   RO         1345    !!dczerorl2         c_w.l(__dczerorl2.o)
    0x08000182   0x00000002   PAD
    0x08000184   0x0000001c   Code   RO         1349    !!handler_zi        c_w.l(__scatter_zi.o)
    0x080001a0   0x00000000   Code   RO         1111    .ARM.Collect$$_printf_percent$$00000000  c_w.l(_printf_percent.o)
    0x080001a0   0x00000006   Code   RO         1110    .ARM.Collect$$_printf_percent$$00000009  c_w.l(_printf_d.o)
    0x080001a6   0x00000006   Code   RO         1109    .ARM.Collect$$_printf_percent$$00000014  c_w.l(_printf_s.o)
    0x080001ac   0x00000004   Code   RO         1177    .ARM.Collect$$_printf_percent$$00000017  c_w.l(_printf_percent_end.o)
    0x080001b0   0x00000002   Code   RO         1219    .ARM.Collect$$libinit$$00000000  c_w.l(libinit.o)
    0x080001b2   0x00000000   Code   RO         1226    .ARM.Collect$$libinit$$00000002  c_w.l(libinit2.o)
    0x080001b2   0x00000000   Code   RO         1228    .ARM.Collect$$libinit$$00000004  c_w.l(libinit2.o)
    0x080001b2   0x00000000   Code   RO         1231    .ARM.Collect$$libinit$$0000000A  c_w.l(libinit2.o)
    0x080001b2   0x00000000   Code   RO         1233    .ARM.Collect$$libinit$$0000000C  c_w.l(libinit2.o)
    0x080001b2   0x00000000   Code   RO         1235    .ARM.Collect$$libinit$$0000000E  c_w.l(libinit2.o)
    0x080001b2   0x00000000   Code   RO         1238    .ARM.Collect$$libinit$$00000011  c_w.l(libinit2.o)
    0x080001b2   0x00000000   Code   RO         1240    .ARM.Collect$$libinit$$00000013  c_w.l(libinit2.o)
    0x080001b2   0x00000000   Code   RO         1242    .ARM.Collect$$libinit$$00000015  c_w.l(libinit2.o)
    0x080001b2   0x00000000   Code   RO         1244    .ARM.Collect$$libinit$$00000017  c_w.l(libinit2.o)
    0x080001b2   0x00000000   Code   RO         1246    .ARM.Collect$$libinit$$00000019  c_w.l(libinit2.o)
    0x080001b2   0x00000000   Code   RO         1248    .ARM.Collect$$libinit$$0000001B  c_w.l(libinit2.o)
    0x080001b2   0x00000000   Code   RO         1250    .ARM.Collect$$libinit$$0000001D  c_w.l(libinit2.o)
    0x080001b2   0x00000000   Code   RO         1252    .ARM.Collect$$libinit$$0000001F  c_w.l(libinit2.o)
    0x080001b2   0x00000000   Code   RO         1254    .ARM.Collect$$libinit$$00000021  c_w.l(libinit2.o)
    0x080001b2   0x00000000   Code   RO         1256    .ARM.Collect$$libinit$$00000023  c_w.l(libinit2.o)
    0x080001b2   0x00000000   Code   RO         1258    .ARM.Collect$$libinit$$00000025  c_w.l(libinit2.o)
    0x080001b2   0x00000000   Code   RO         1262    .ARM.Collect$$libinit$$0000002C  c_w.l(libinit2.o)
    0x080001b2   0x00000000   Code   RO         1264    .ARM.Collect$$libinit$$0000002E  c_w.l(libinit2.o)
    0x080001b2   0x00000000   Code   RO         1266    .ARM.Collect$$libinit$$00000030  c_w.l(libinit2.o)
    0x080001b2   0x00000000   Code   RO         1268    .ARM.Collect$$libinit$$00000032  c_w.l(libinit2.o)
    0x080001b2   0x00000002   Code   RO         1269    .ARM.Collect$$libinit$$00000033  c_w.l(libinit2.o)
    0x080001b4   0x00000002   Code   RO         1287    .ARM.Collect$$libshutdown$$00000000  c_w.l(libshutdown.o)
    0x080001b6   0x00000000   Code   RO         1297    .ARM.Collect$$libshutdown$$00000002  c_w.l(libshutdown2.o)
    0x080001b6   0x00000000   Code   RO         1299    .ARM.Collect$$libshutdown$$00000004  c_w.l(libshutdown2.o)
    0x080001b6   0x00000000   Code   RO         1302    .ARM.Collect$$libshutdown$$00000007  c_w.l(libshutdown2.o)
    0x080001b6   0x00000000   Code   RO         1305    .ARM.Collect$$libshutdown$$0000000A  c_w.l(libshutdown2.o)
    0x080001b6   0x00000000   Code   RO         1307    .ARM.Collect$$libshutdown$$0000000C  c_w.l(libshutdown2.o)
    0x080001b6   0x00000000   Code   RO         1310    .ARM.Collect$$libshutdown$$0000000F  c_w.l(libshutdown2.o)
    0x080001b6   0x00000002   Code   RO         1311    .ARM.Collect$$libshutdown$$00000010  c_w.l(libshutdown2.o)
    0x080001b8   0x00000000   Code   RO         1166    .ARM.Collect$$rtentry$$00000000  c_w.l(__rtentry.o)
    0x080001b8   0x00000000   Code   RO         1190    .ARM.Collect$$rtentry$$00000002  c_w.l(__rtentry2.o)
    0x080001b8   0x00000006   Code   RO         1202    .ARM.Collect$$rtentry$$00000004  c_w.l(__rtentry4.o)
    0x080001be   0x00000000   Code   RO         1192    .ARM.Collect$$rtentry$$00000009  c_w.l(__rtentry2.o)
    0x080001be   0x00000004   Code   RO         1193    .ARM.Collect$$rtentry$$0000000A  c_w.l(__rtentry2.o)
    0x080001c2   0x00000000   Code   RO         1195    .ARM.Collect$$rtentry$$0000000C  c_w.l(__rtentry2.o)
    0x080001c2   0x00000008   Code   RO         1196    .ARM.Collect$$rtentry$$0000000D  c_w.l(__rtentry2.o)
    0x080001ca   0x00000002   Code   RO         1223    .ARM.Collect$$rtexit$$00000000  c_w.l(rtexit.o)
    0x080001cc   0x00000000   Code   RO         1271    .ARM.Collect$$rtexit$$00000002  c_w.l(rtexit2.o)
    0x080001cc   0x00000004   Code   RO         1272    .ARM.Collect$$rtexit$$00000003  c_w.l(rtexit2.o)
    0x080001d0   0x00000006   Code   RO         1273    .ARM.Collect$$rtexit$$00000004  c_w.l(rtexit2.o)
    0x080001d6   0x00000002   PAD
    0x080001d8   0x000000dc   Code   RO            1    .text               main.o
    0x080002b4   0x0000001a   Code   RO          209    .text               stm32f10x_it.o
    0x080002ce   0x00000002   PAD
    0x080002d0   0x000001e0   Code   RO          254    .text               system_stm32f10x.o
    0x080004b0   0x000001f8   Code   RO          272    .text               task_manage.o
    0x080006a8   0x00000038   Code   RO          294    .text               led.o
    0x080006e0   0x00000230   Code   RO          306    .text               key.o
    0x08000910   0x00000184   Code   RO          324    .text               exti.o
    0x08000a94   0x000000a8   Code   RO          336    .text               wdg.o
    0x08000b3c   0x000002d8   Code   RO          351    .text               timer.o
    0x08000e14   0x0000096e   Code   RO          384    .text               lcd.o
    0x08001782   0x00000002   PAD
    0x08001784   0x0000024c   Code   RO          420    .text               adf4002.o
    0x080019d0   0x000000fc   Code   RO          435    .text               adc.o
    0x08001acc   0x000000bc   Code   RO          447    .text               dac.o
    0x08001b88   0x000000ac   Code   RO          459    .text               delay.o
    0x08001c34   0x0000002a   Code   RO          473    .text               sys.o
    0x08001c5e   0x00000002   PAD
    0x08001c60   0x00000140   Code   RO          485    .text               usart.o
    0x08001da0   0x00000040   Code   RO          522    .text               startup_stm32f10x_md.o
    0x08001de0   0x000000dc   Code   RO          526    .text               misc.o
    0x08001ebc   0x0000044e   Code   RO          538    .text               stm32f10x_adc.o
    0x0800230a   0x00000002   PAD
    0x0800230c   0x0000018c   Code   RO          598    .text               stm32f10x_dac.o
    0x08002498   0x0000011c   Code   RO          634    .text               stm32f10x_exti.o
    0x080025b4   0x0000035c   Code   RO          670    .text               stm32f10x_gpio.o
    0x08002910   0x00000040   Code   RO          694    .text               stm32f10x_iwdg.o
    0x08002950   0x000003a4   Code   RO          718    .text               stm32f10x_rcc.o
    0x08002cf4   0x00000e1a   Code   RO          768    .text               stm32f10x_tim.o
    0x08003b0e   0x00000002   PAD
    0x08003b10   0x00000408   Code   RO          780    .text               stm32f10x_usart.o
    0x08003f18   0x00000088   Code   RO          792    .text               stm32f10x_wwdg.o
    0x08003fa0   0x0000082c   Code   RO          804    .text               queue.o
    0x080047cc   0x000000e0   Code   RO          822    .text               kalman.o
    0x080048ac   0x000001cc   Code   RO          837    .text               hw_config.o
    0x08004a78   0x000000c8   Code   RO          881    .text               usb_endp.o
    0x08004b40   0x000001d0   Code   RO          899    .text               usb_istr.o
    0x08004d10   0x00000014   Code   RO          917    .text               usb_it.o
    0x08004d24   0x0000023c   Code   RO          929    .text               usb_prop.o
    0x08004f60   0x00000240   Code   RO          952    .text               usb_pwr.o
    0x080051a0   0x00000b50   Code   RO          971    .text               usb_core.o
    0x08005cf0   0x0000003c   Code   RO          986    .text               usb_init.o
    0x08005d2c   0x0000033c   Code   RO         1009    .text               usb_int.o
    0x08006068   0x0000005c   Code   RO         1033    .text               usb_mem.o
    0x080060c4   0x00000808   Code   RO         1045    .text               usb_regs.o
    0x080068cc   0x00000080   Code   RO         1057    .text               usb_sil.o
    0x0800694c   0x00000002   Code   RO         1071    .text               c_w.l(use_no_semi_2.o)
    0x0800694e   0x00000002   PAD
    0x08006950   0x00000018   Code   RO         1077    .text               c_w.l(noretval__2printf.o)
    0x08006968   0x00000028   Code   RO         1079    .text               c_w.l(noretval__2sprintf.o)
    0x08006990   0x0000004e   Code   RO         1083    .text               c_w.l(_printf_pad.o)
    0x080069de   0x00000052   Code   RO         1085    .text               c_w.l(_printf_str.o)
    0x08006a30   0x00000078   Code   RO         1087    .text               c_w.l(_printf_dec.o)
    0x08006aa8   0x0000010e   Code   RO         1097    .text               c_w.l(__printf_wp.o)
    0x08006bb6   0x0000008a   Code   RO         1112    .text               c_w.l(rt_memcpy_v6.o)
    0x08006c40   0x00000006   Code   RO         1114    .text               c_w.l(heapauxi.o)
    0x08006c46   0x00000002   Code   RO         1164    .text               c_w.l(use_no_semi.o)
    0x08006c48   0x000000b2   Code   RO         1167    .text               c_w.l(_printf_intcommon.o)
    0x08006cfa   0x00000002   PAD
    0x08006cfc   0x00000030   Code   RO         1169    .text               c_w.l(_printf_char_common.o)
    0x08006d2c   0x0000000a   Code   RO         1171    .text               c_w.l(_sputc.o)
    0x08006d36   0x0000002c   Code   RO         1173    .text               c_w.l(_printf_char.o)
    0x08006d62   0x00000002   PAD
    0x08006d64   0x00000024   Code   RO         1175    .text               c_w.l(_printf_char_file.o)
    0x08006d88   0x00000064   Code   RO         1178    .text               c_w.l(rt_memcpy_w.o)
    0x08006dec   0x00000008   Code   RO         1206    .text               c_w.l(ferror.o)
    0x08006df4   0x0000004a   Code   RO         1210    .text               c_w.l(sys_stackheap_outer.o)
    0x08006e3e   0x00000012   Code   RO         1212    .text               c_w.l(exit.o)
    0x08006e50   0x00000008   Code   RO         1220    .text               c_w.l(libspace.o)
    0x08006e58   0x0000000e   Code   RO         1099    i._is_digit         c_w.l(__printf_wp.o)
    0x08006e66   0x00000084   Code   RO          404    i.draw_circle_8     lcd.o
    0x08006eea   0x0000001a   Code   RO          398    i.swap_int          lcd.o
    0x08006f04   0x00000062   Code   RO         1118    x$fpl$d2f           fz_ws.l(d2f.o)
    0x08006f66   0x00000002   PAD
    0x08006f68   0x000002b0   Code   RO         1121    x$fpl$ddiv          fz_ws.l(ddiv.o)
    0x08007218   0x0000005a   Code   RO         1124    x$fpl$dfixu         fz_ws.l(dfixu.o)
    0x08007272   0x00000026   Code   RO         1128    x$fpl$dfltu         fz_ws.l(dflt_clz.o)
    0x08007298   0x00000154   Code   RO         1134    x$fpl$dmul          fz_ws.l(dmul.o)
    0x080073ec   0x0000009c   Code   RO         1180    x$fpl$dnaninf       fz_ws.l(dnaninf.o)
    0x08007488   0x0000000c   Code   RO         1182    x$fpl$dretinf       fz_ws.l(dretinf.o)
    0x08007494   0x00000056   Code   RO         1136    x$fpl$f2d           fz_ws.l(f2d.o)
    0x080074ea   0x00000002   PAD
    0x080074ec   0x000000c4   Code   RO         1138    x$fpl$fadd          fz_ws.l(faddsub_clz.o)
    0x080075b0   0x00000184   Code   RO         1145    x$fpl$fdiv          fz_ws.l(fdiv.o)
    0x08007734   0x00000036   Code   RO         1148    x$fpl$ffix          fz_ws.l(ffix.o)
    0x0800776a   0x00000002   PAD
    0x0800776c   0x0000003e   Code   RO         1152    x$fpl$ffixu         fz_ws.l(ffixu.o)
    0x080077aa   0x00000002   PAD
    0x080077ac   0x00000030   Code   RO         1157    x$fpl$fflt          fz_ws.l(fflt_clz.o)
    0x080077dc   0x00000026   Code   RO         1156    x$fpl$ffltu         fz_ws.l(fflt_clz.o)
    0x08007802   0x00000002   PAD
    0x08007804   0x00000102   Code   RO         1162    x$fpl$fmul          fz_ws.l(fmul.o)
    0x08007906   0x0000008c   Code   RO         1184    x$fpl$fnaninf       fz_ws.l(fnaninf.o)
    0x08007992   0x0000000a   Code   RO         1186    x$fpl$fretinf       fz_ws.l(fretinf.o)
    0x0800799c   0x000000ea   Code   RO         1140    x$fpl$fsub          fz_ws.l(faddsub_clz.o)
    0x08007a86   0x00000000   Code   RO         1188    x$fpl$usenofp       fz_ws.l(usenofp.o)
    0x08007a86   0x00000a64   Data   RO          386    .constdata          lcd.o
    0x080084ea   0x00000097   Data   RO          868    .constdata          usb_desc.o
    0x08008581   0x00000003   PAD
    0x08008584   0x00000020   Data   RO         1343    Region$$Table       anon$$obj.o


    Execution Region RW_IRAM1 (Base: 0x20000000, Size: 0x000020b8, Max: 0x00005000, ABSOLUTE, COMPRESSED[0x0000089c])

    Base Addr    Size         Type   Attr      Idx    E Section Name        Object

    0x20000000   0x00000014   Data   RW          255    .data               system_stm32f10x.o
    0x20000014   0x00000008   Data   RW          273    .data               task_manage.o
    0x2000001c   0x00000028   Data   RW          307    .data               key.o
    0x20000044   0x0000004c   Data   RW          352    .data               timer.o
    0x20000090   0x0000090c   Data   RW          387    .data               lcd.o
    0x2000099c   0x00000014   Data   RW          421    .data               adf4002.o
    0x200009b0   0x00000004   Data   RW          460    .data               delay.o
    0x200009b4   0x00000005   Data   RW          487    .data               usart.o
    0x200009b9   0x00000014   Data   RW          719    .data               stm32f10x_rcc.o
    0x200009cd   0x00000003   PAD
    0x200009d0   0x00000020   Data   RW          823    .data               kalman.o
    0x200009f0   0x0000000c   Data   RW          839    .data               hw_config.o
    0x200009fc   0x00000026   Data   RW          869    .data               usb_desc.o
    0x20000a22   0x00000002   PAD
    0x20000a24   0x00000008   Data   RW          883    .data               usb_endp.o
    0x20000a2c   0x00000044   Data   RW          900    .data               usb_istr.o
    0x20000a70   0x00000094   Data   RW          930    .data               usb_prop.o
    0x20000b04   0x0000000c   Data   RW          954    .data               usb_pwr.o
    0x20000b10   0x00000003   Data   RW          972    .data               usb_core.o
    0x20000b13   0x00000001   PAD
    0x20000b14   0x00000014   Data   RW          988    .data               usb_init.o
    0x20000b28   0x00000004   Data   RW         1010    .data               usb_int.o
    0x20000b2c   0x00000400   Zero   RW          385    .bss                lcd.o
    0x20000f2c   0x00000040   Zero   RW          486    .bss                usart.o
    0x20000f6c   0x00000a30   Zero   RW          838    .bss                hw_config.o
    0x2000199c   0x00000080   Zero   RW          882    .bss                usb_endp.o
    0x20001a1c   0x00000020   Zero   RW          953    .bss                usb_pwr.o
    0x20001a3c   0x0000001c   Zero   RW          987    .bss                usb_init.o
    0x20001a58   0x00000060   Zero   RW         1221    .bss                c_w.l(libspace.o)
    0x20001ab8   0x00000200   Zero   RW          520    HEAP                startup_stm32f10x_md.o
    0x20001cb8   0x00000400   Zero   RW          519    STACK               startup_stm32f10x_md.o


==============================================================================

Image component sizes


      Code (inc. data)   RO Data    RW Data    ZI Data      Debug   Object Name

       252          8          0          0          0       1091   adc.o
       588         36          0         20          0       2229   adf4002.o
         0          0          0          0          0         32   core_cm3.o
       188         14          0          0          0        757   dac.o
       172          8          0          4          0       1015   delay.o
       388         20          0          0          0        951   exti.o
       460         40          0         12       2608       5413   hw_config.o
       224         32          0         32          0        943   kalman.o
       560         46          0         40          0       1969   key.o
      2572         50       2660       2316       1024      11632   lcd.o
        56          6          0          0          0        451   led.o
       220         56          0          0          0     278963   main.o
       220         22          0          0          0       1733   misc.o
      2092         64          0          0          0      10289   queue.o
        64         26        236          0       1536        768   startup_stm32f10x_md.o
      1102         26          0          0          0      10977   stm32f10x_adc.o
       396          6          0          0          0       3594   stm32f10x_dac.o
       284         10          0          0          0       2191   stm32f10x_exti.o
       860         38          0          0          0       5665   stm32f10x_gpio.o
        26          0          0          0          0       1146   stm32f10x_it.o
        64          6          0          0          0       1245   stm32f10x_iwdg.o
       932         36          0         20          0       8812   stm32f10x_rcc.o
      3610         88          0          0          0      22776   stm32f10x_tim.o
      1032         22          0          0          0       8392   stm32f10x_usart.o
       136         10          0          0          0       2228   stm32f10x_wwdg.o
        42          0          0          0          0        465   sys.o
       480         38          0         20          0       1635   system_stm32f10x.o
       504         90          0          8          0       2780   task_manage.o
       728         90          0         76          0       2164   timer.o
       320         16          0          5         64       3070   usart.o
      2896        114          0          3          0       7967   usb_core.o
         0          0        151         38          0       1019   usb_desc.o
       200         22          0          8        128       1532   usb_endp.o
        60         24          0         20         28       3898   usb_init.o
       828         34          0          4          0       1767   usb_int.o
       464         38          0         68          0       1539   usb_istr.o
        20          0          0          0          0        590   usb_it.o
        92          6          0          0          0       1298   usb_mem.o
       572         42          0        148          0       7239   usb_prop.o
       576         40          0         12         32       2827   usb_pwr.o
      2056         20          0          0          0      11881   usb_regs.o
       128          8          0          0          0       1362   usb_sil.o
       168          6          0          0          0       1368   wdg.o

    ----------------------------------------------------------------------
     26642       1258       3082       2860       5420     439663   Object Totals
         0          0         32          0          0          0   (incl. Generated)
        10          0          3          6          0          0   (incl. Padding)

    ----------------------------------------------------------------------

      Code (inc. data)   RO Data    RW Data    ZI Data      Debug   Library Member Name

        90          0          0          0          0          0   __dczerorl2.o
         8          0          0          0          0         68   __main.o
       284          0          0          0          0        156   __printf_wp.o
         0          0          0          0          0          0   __rtentry.o
        12          0          0          0          0          0   __rtentry2.o
         6          0          0          0          0          0   __rtentry4.o
        52          8          0          0          0          0   __scatter.o
        28          0          0          0          0          0   __scatter_zi.o
        44          0          0          0          0        108   _printf_char.o
        48          6          0          0          0         96   _printf_char_common.o
        36          4          0          0          0         80   _printf_char_file.o
         6          0          0          0          0          0   _printf_d.o
       120         16          0          0          0         92   _printf_dec.o
       178          0          0          0          0         88   _printf_intcommon.o
        78          0          0          0          0        108   _printf_pad.o
         0          0          0          0          0          0   _printf_percent.o
         4          0          0          0          0          0   _printf_percent_end.o
         6          0          0          0          0          0   _printf_s.o
        82          0          0          0          0         80   _printf_str.o
        10          0          0          0          0         68   _sputc.o
        18          0          0          0          0         80   exit.o
         8          0          0          0          0         68   ferror.o
         6          0          0          0          0        152   heapauxi.o
         2          0          0          0          0          0   libinit.o
         2          0          0          0          0          0   libinit2.o
         2          0          0          0          0          0   libshutdown.o
         2          0          0          0          0          0   libshutdown2.o
         8          4          0          0         96         68   libspace.o
        24          4          0          0          0         84   noretval__2printf.o
        40          6          0          0          0         84   noretval__2sprintf.o
       138          0          0          0          0         68   rt_memcpy_v6.o
       100          0          0          0          0         80   rt_memcpy_w.o
         2          0          0          0          0          0   rtexit.o
        10          0          0          0          0          0   rtexit2.o
        74          0          0          0          0         80   sys_stackheap_outer.o
         2          0          0          0          0         68   use_no_semi.o
         2          0          0          0          0         68   use_no_semi_2.o
        98          4          0          0          0         92   d2f.o
       688        140          0          0          0        208   ddiv.o
        90          4          0          0          0         92   dfixu.o
        38          0          0          0          0         68   dflt_clz.o
       340         12          0          0          0        104   dmul.o
       156          4          0          0          0         92   dnaninf.o
        12          0          0          0          0         68   dretinf.o
        86          4          0          0          0         84   f2d.o
       430          8          0          0          0        168   faddsub_clz.o
       388         76          0          0          0         96   fdiv.o
        54          4          0          0          0         84   ffix.o
        62          4          0          0          0         84   ffixu.o
        86          0          0          0          0        136   fflt_clz.o
       258          4          0          0          0         84   fmul.o
       140          4          0          0          0         84   fnaninf.o
        10          0          0          0          0         68   fretinf.o
         0          0          0          0          0          0   usenofp.o

    ----------------------------------------------------------------------
      4488        316          0          0         96       3456   Library Totals
        20          0          0          0          0          0   (incl. Padding)

    ----------------------------------------------------------------------

      Code (inc. data)   RO Data    RW Data    ZI Data      Debug   Library Name

      1532         48          0          0         96       1844   c_w.l
      2936        268          0          0          0       1612   fz_ws.l

    ----------------------------------------------------------------------
      4488        316          0          0         96       3456   Library Totals

    ----------------------------------------------------------------------

==============================================================================


      Code (inc. data)   RO Data    RW Data    ZI Data      Debug   

     31130       1574       3082       2860       5516     437551   Grand Totals
     31130       1574       3082       2204       5516     437551   ELF Image Totals (compressed)
     31130       1574       3082       2204          0          0   ROM Totals

==============================================================================

    Total RO  Size (Code + RO Data)                34212 (  33.41kB)
    Total RW  Size (RW Data + ZI Data)              8376 (   8.18kB)
    Total ROM Size (Code + RO Data + RW Data)      36416 (  35.56kB)

==============================================================================

